Archive member included to satisfy reference by file (symbol)

c:/program files (x86)/gnu arm embedded toolchain/10 2020-q4-major/bin/../lib/gcc/arm-none-eabi/10.2.1/../../../../arm-none-eabi/lib/thumb/v7e-m+fp/hard\libc_nano.a(lib_a-exit.o)
                              c:/program files (x86)/gnu arm embedded toolchain/10 2020-q4-major/bin/../lib/gcc/arm-none-eabi/10.2.1/../../../../arm-none-eabi/lib/thumb/v7e-m+fp/hard/crt0.o (exit)
c:/program files (x86)/gnu arm embedded toolchain/10 2020-q4-major/bin/../lib/gcc/arm-none-eabi/10.2.1/../../../../arm-none-eabi/lib/thumb/v7e-m+fp/hard\libc_nano.a(lib_a-impure.o)
                              c:/program files (x86)/gnu arm embedded toolchain/10 2020-q4-major/bin/../lib/gcc/arm-none-eabi/10.2.1/../../../../arm-none-eabi/lib/thumb/v7e-m+fp/hard\libc_nano.a(lib_a-exit.o) (_global_impure_ptr)
c:/program files (x86)/gnu arm embedded toolchain/10 2020-q4-major/bin/../lib/gcc/arm-none-eabi/10.2.1/../../../../arm-none-eabi/lib/thumb/v7e-m+fp/hard\libc_nano.a(lib_a-init.o)
                              c:/program files (x86)/gnu arm embedded toolchain/10 2020-q4-major/bin/../lib/gcc/arm-none-eabi/10.2.1/../../../../arm-none-eabi/lib/thumb/v7e-m+fp/hard/crt0.o (__libc_init_array)
c:/program files (x86)/gnu arm embedded toolchain/10 2020-q4-major/bin/../lib/gcc/arm-none-eabi/10.2.1/../../../../arm-none-eabi/lib/thumb/v7e-m+fp/hard\libc_nano.a(lib_a-memset.o)
                              c:/program files (x86)/gnu arm embedded toolchain/10 2020-q4-major/bin/../lib/gcc/arm-none-eabi/10.2.1/../../../../arm-none-eabi/lib/thumb/v7e-m+fp/hard/crt0.o (memset)
c:/program files (x86)/gnu arm embedded toolchain/10 2020-q4-major/bin/../lib/gcc/arm-none-eabi/10.2.1/../../../../arm-none-eabi/lib/thumb/v7e-m+fp/hard\libnosys.a(_exit.o)
                              c:/program files (x86)/gnu arm embedded toolchain/10 2020-q4-major/bin/../lib/gcc/arm-none-eabi/10.2.1/../../../../arm-none-eabi/lib/thumb/v7e-m+fp/hard\libc_nano.a(lib_a-exit.o) (_exit)
c:/program files (x86)/gnu arm embedded toolchain/10 2020-q4-major/bin/../lib/gcc/arm-none-eabi/10.2.1/thumb/v7e-m+fp/hard\libgcc.a(_aeabi_uldivmod.o)
                              build/stm32f7xx_hal_rcc.o (__aeabi_uldivmod)
c:/program files (x86)/gnu arm embedded toolchain/10 2020-q4-major/bin/../lib/gcc/arm-none-eabi/10.2.1/thumb/v7e-m+fp/hard\libgcc.a(_udivmoddi4.o)
                              c:/program files (x86)/gnu arm embedded toolchain/10 2020-q4-major/bin/../lib/gcc/arm-none-eabi/10.2.1/thumb/v7e-m+fp/hard\libgcc.a(_aeabi_uldivmod.o) (__udivmoddi4)
c:/program files (x86)/gnu arm embedded toolchain/10 2020-q4-major/bin/../lib/gcc/arm-none-eabi/10.2.1/thumb/v7e-m+fp/hard\libgcc.a(_dvmd_tls.o)
                              c:/program files (x86)/gnu arm embedded toolchain/10 2020-q4-major/bin/../lib/gcc/arm-none-eabi/10.2.1/thumb/v7e-m+fp/hard\libgcc.a(_aeabi_uldivmod.o) (__aeabi_ldiv0)

Discarded input sections

 .text          0x00000000        0x0 c:/program files (x86)/gnu arm embedded toolchain/10 2020-q4-major/bin/../lib/gcc/arm-none-eabi/10.2.1/thumb/v7e-m+fp/hard/crti.o
 .data          0x00000000        0x0 c:/program files (x86)/gnu arm embedded toolchain/10 2020-q4-major/bin/../lib/gcc/arm-none-eabi/10.2.1/thumb/v7e-m+fp/hard/crti.o
 .bss           0x00000000        0x0 c:/program files (x86)/gnu arm embedded toolchain/10 2020-q4-major/bin/../lib/gcc/arm-none-eabi/10.2.1/thumb/v7e-m+fp/hard/crti.o
 .data          0x00000000        0x4 c:/program files (x86)/gnu arm embedded toolchain/10 2020-q4-major/bin/../lib/gcc/arm-none-eabi/10.2.1/thumb/v7e-m+fp/hard/crtbegin.o
 .rodata        0x00000000       0x24 c:/program files (x86)/gnu arm embedded toolchain/10 2020-q4-major/bin/../lib/gcc/arm-none-eabi/10.2.1/thumb/v7e-m+fp/hard/crtbegin.o
 .text          0x00000000       0x7c c:/program files (x86)/gnu arm embedded toolchain/10 2020-q4-major/bin/../lib/gcc/arm-none-eabi/10.2.1/../../../../arm-none-eabi/lib/thumb/v7e-m+fp/hard/crt0.o
 .data          0x00000000        0x0 c:/program files (x86)/gnu arm embedded toolchain/10 2020-q4-major/bin/../lib/gcc/arm-none-eabi/10.2.1/../../../../arm-none-eabi/lib/thumb/v7e-m+fp/hard/crt0.o
 .bss           0x00000000        0x0 c:/program files (x86)/gnu arm embedded toolchain/10 2020-q4-major/bin/../lib/gcc/arm-none-eabi/10.2.1/../../../../arm-none-eabi/lib/thumb/v7e-m+fp/hard/crt0.o
 .ARM.extab     0x00000000        0x0 c:/program files (x86)/gnu arm embedded toolchain/10 2020-q4-major/bin/../lib/gcc/arm-none-eabi/10.2.1/../../../../arm-none-eabi/lib/thumb/v7e-m+fp/hard/crt0.o
 .ARM.exidx     0x00000000       0x10 c:/program files (x86)/gnu arm embedded toolchain/10 2020-q4-major/bin/../lib/gcc/arm-none-eabi/10.2.1/../../../../arm-none-eabi/lib/thumb/v7e-m+fp/hard/crt0.o
 .ARM.attributes
                0x00000000       0x1c c:/program files (x86)/gnu arm embedded toolchain/10 2020-q4-major/bin/../lib/gcc/arm-none-eabi/10.2.1/../../../../arm-none-eabi/lib/thumb/v7e-m+fp/hard/crt0.o
[...]
Memory Configuration

Name             Origin             Length             Attributes
RAM              0x20000000         0x00050000         xrw
FLASH            0x08000000         0x00100000         xr
*default*        0x00000000         0xffffffff

Linker script and memory map

LOAD c:/program files (x86)/gnu arm embedded toolchain/10 2020-q4-major/bin/../lib/gcc/arm-none-eabi/10.2.1/thumb/v7e-m+fp/hard/crti.o
LOAD c:/program files (x86)/gnu arm embedded toolchain/10 2020-q4-major/bin/../lib/gcc/arm-none-eabi/10.2.1/thumb/v7e-m+fp/hard/crtbegin.o
LOAD c:/program files (x86)/gnu arm embedded toolchain/10 2020-q4-major/bin/../lib/gcc/arm-none-eabi/10.2.1/../../../../arm-none-eabi/lib/thumb/v7e-m+fp/hard/crt0.o
LOAD build/main.o
LOAD build/stm32f7xx_it.o
LOAD build/stm32f7xx_hal_msp.o
LOAD build/stm32f7xx_hal_cortex.o
LOAD build/stm32f7xx_hal_tim.o
LOAD build/stm32f7xx_hal_tim_ex.o
LOAD build/stm32f7xx_hal_rcc.o
LOAD build/stm32f7xx_hal_rcc_ex.o
LOAD build/stm32f7xx_hal_flash.o
LOAD build/stm32f7xx_hal_flash_ex.o
LOAD build/stm32f7xx_hal_gpio.o
LOAD build/stm32f7xx_hal_dma.o
LOAD build/stm32f7xx_hal_dma_ex.o
LOAD build/stm32f7xx_hal_pwr.o
LOAD build/stm32f7xx_hal_pwr_ex.o
LOAD build/stm32f7xx_hal.o
LOAD build/stm32f7xx_hal_i2c.o
LOAD build/stm32f7xx_hal_i2c_ex.o
LOAD build/stm32f7xx_hal_exti.o
LOAD build/stm32f7xx_hal_uart.o
LOAD build/stm32f7xx_hal_usart.o
LOAD build/system_stm32f7xx.o
LOAD build/startup_stm32f746xx.o
LOAD c:/program files (x86)/gnu arm embedded toolchain/10 2020-q4-major/bin/../lib/gcc/arm-none-eabi/10.2.1/../../../../arm-none-eabi/lib/thumb/v7e-m+fp/hard\libc_nano.a
LOAD c:/program files (x86)/gnu arm embedded toolchain/10 2020-q4-major/bin/../lib/gcc/arm-none-eabi/10.2.1/../../../../arm-none-eabi/lib/thumb/v7e-m+fp/hard\libm.a
LOAD c:/program files (x86)/gnu arm embedded toolchain/10 2020-q4-major/bin/../lib/gcc/arm-none-eabi/10.2.1/../../../../arm-none-eabi/lib/thumb/v7e-m+fp/hard\libnosys.a
START GROUP
LOAD c:/program files (x86)/gnu arm embedded toolchain/10 2020-q4-major/bin/../lib/gcc/arm-none-eabi/10.2.1/thumb/v7e-m+fp/hard\libgcc.a
LOAD c:/program files (x86)/gnu arm embedded toolchain/10 2020-q4-major/bin/../lib/gcc/arm-none-eabi/10.2.1/../../../../arm-none-eabi/lib/thumb/v7e-m+fp/hard\libc_nano.a
END GROUP
START GROUP
LOAD c:/program files (x86)/gnu arm embedded toolchain/10 2020-q4-major/bin/../lib/gcc/arm-none-eabi/10.2.1/thumb/v7e-m+fp/hard\libgcc.a
LOAD c:/program files (x86)/gnu arm embedded toolchain/10 2020-q4-major/bin/../lib/gcc/arm-none-eabi/10.2.1/../../../../arm-none-eabi/lib/thumb/v7e-m+fp/hard\libc_nano.a
END GROUP
LOAD c:/program files (x86)/gnu arm embedded toolchain/10 2020-q4-major/bin/../lib/gcc/arm-none-eabi/10.2.1/thumb/v7e-m+fp/hard/crtend.o
LOAD c:/program files (x86)/gnu arm embedded toolchain/10 2020-q4-major/bin/../lib/gcc/arm-none-eabi/10.2.1/thumb/v7e-m+fp/hard/crtn.o
                0x20050000                _estack = 0x20050000
                0x00000200                _Min_Heap_Size = 0x200
                0x00000400                _Min_Stack_Size = 0x400

.isr_vector     0x08000000      0x1c8
                0x08000000                . = ALIGN (0x4)
 *(.isr_vector)
 .isr_vector    0x08000000      0x1c8 build/startup_stm32f746xx.o
                0x08000000                g_pfnVectors
                0x080001c8                . = ALIGN (0x4)

.text           0x080001c8     0x1c14
                0x080001c8                . = ALIGN (0x4)
 *(.text)
 .text          0x080001c8       0x40 c:/program files (x86)/gnu arm embedded toolchain/10 2020-q4-major/bin/../lib/gcc/arm-none-eabi/10.2.1/thumb/v7e-m+fp/hard/crtbegin.o
 .text          0x08000208       0x30 c:/program files (x86)/gnu arm embedded toolchain/10 2020-q4-major/bin/../lib/gcc/arm-none-eabi/10.2.1/thumb/v7e-m+fp/hard\libgcc.a(_aeabi_uldivmod.o)
                0x08000208                __aeabi_uldivmod
 .text          0x08000238      0x2d0 c:/program files (x86)/gnu arm embedded toolchain/10 2020-q4-major/bin/../lib/gcc/arm-none-eabi/10.2.1/thumb/v7e-m+fp/hard\libgcc.a(_udivmoddi4.o)
                0x08000238                __udivmoddi4
 .text          0x08000508        0x4 c:/program files (x86)/gnu arm embedded toolchain/10 2020-q4-major/bin/../lib/gcc/arm-none-eabi/10.2.1/thumb/v7e-m+fp/hard\libgcc.a(_dvmd_tls.o)
                0x08000508                __aeabi_idiv0
                0x08000508                __aeabi_ldiv0
 *(.text*)
 .text.MX_GPIO_Init
                0x0800050c       0x64 build/main.o
 .text.Error_Handler
                0x08000570        0x4 build/main.o
                0x08000570                Error_Handler
 .text.MX_USART2_UART_Init
                0x08000574       0x38 build/main.o
 .text.SystemClock_Config
                0x080005ac       0xa4 build/main.o
                0x080005ac                SystemClock_Config
 .text.main     0x08000650       0x3c build/main.o
                0x08000650                main
 .text.NMI_Handler
                0x0800068c        0x2 build/stm32f7xx_it.o
                0x0800068c                NMI_Handler
 .text.HardFault_Handler
                0x0800068e        0x2 build/stm32f7xx_it.o
                0x0800068e                HardFault_Handler
 .text.MemManage_Handler
                0x08000690        0x2 build/stm32f7xx_it.o
                0x08000690                MemManage_Handler
 .text.BusFault_Handler
                0x08000692        0x2 build/stm32f7xx_it.o
                0x08000692                BusFault_Handler
 .text.UsageFault_Handler
                0x08000694        0x2 build/stm32f7xx_it.o
                0x08000694                UsageFault_Handler
 .text.SVC_Handler
                0x08000696        0x2 build/stm32f7xx_it.o
                0x08000696                SVC_Handler
 .text.DebugMon_Handler
                0x08000698        0x2 build/stm32f7xx_it.o
                0x08000698                DebugMon_Handler
 .text.PendSV_Handler
                0x0800069a        0x2 build/stm32f7xx_it.o
                0x0800069a                PendSV_Handler
 .text.SysTick_Handler
                0x0800069c        0x8 build/stm32f7xx_it.o
                0x0800069c                SysTick_Handler
 .text.HAL_MspInit
                0x080006a4       0x30 build/stm32f7xx_hal_msp.o
                0x080006a4                HAL_MspInit
 .text.HAL_UART_MspInit
                0x080006d4       0x68 build/stm32f7xx_hal_msp.o
                0x080006d4                HAL_UART_MspInit
 .text.HAL_NVIC_SetPriorityGrouping
                0x0800073c       0x24 build/stm32f7xx_hal_cortex.o
                0x0800073c                HAL_NVIC_SetPriorityGrouping
 .text.HAL_NVIC_SetPriority
                0x08000760       0x6c build/stm32f7xx_hal_cortex.o
                0x08000760                HAL_NVIC_SetPriority
 .text.HAL_SYSTICK_Config
                0x080007cc       0x28 build/stm32f7xx_hal_cortex.o
                0x080007cc                HAL_SYSTICK_Config
 .text.HAL_RCC_OscConfig
                0x080007f4      0x434 build/stm32f7xx_hal_rcc.o
                0x080007f4                HAL_RCC_OscConfig
 .text.HAL_RCC_GetSysClockFreq
                0x08000c28       0xa4 build/stm32f7xx_hal_rcc.o
                0x08000c28                HAL_RCC_GetSysClockFreq
 .text.HAL_RCC_ClockConfig
                0x08000ccc      0x16c build/stm32f7xx_hal_rcc.o
                0x08000ccc                HAL_RCC_ClockConfig
 .text.HAL_RCC_GetHCLKFreq
                0x08000e38        0xc build/stm32f7xx_hal_rcc.o
                0x08000e38                HAL_RCC_GetHCLKFreq
 .text.HAL_RCC_GetPCLK1Freq
                0x08000e44       0x20 build/stm32f7xx_hal_rcc.o
                0x08000e44                HAL_RCC_GetPCLK1Freq
 .text.HAL_RCC_GetPCLK2Freq
                0x08000e64       0x20 build/stm32f7xx_hal_rcc.o
                0x08000e64                HAL_RCC_GetPCLK2Freq
 .text.HAL_RCCEx_PeriphCLKConfig
                0x08000e84      0x5ac build/stm32f7xx_hal_rcc_ex.o
                0x08000e84                HAL_RCCEx_PeriphCLKConfig
 .text.HAL_GPIO_Init
                0x08001430      0x1e4 build/stm32f7xx_hal_gpio.o
                0x08001430                HAL_GPIO_Init
 .text.HAL_GPIO_WritePin
                0x08001614        0xc build/stm32f7xx_hal_gpio.o
                0x08001614                HAL_GPIO_WritePin
 .text.HAL_GPIO_TogglePin
                0x08001620       0x12 build/stm32f7xx_hal_gpio.o
                0x08001620                HAL_GPIO_TogglePin
 *fill*         0x08001632        0x2 
 .text.HAL_InitTick
                0x08001634       0x4c build/stm32f7xx_hal.o
                0x08001634                HAL_InitTick
 .text.HAL_Init
                0x08001680       0x16 build/stm32f7xx_hal.o
                0x08001680                HAL_Init
 *fill*         0x08001696        0x2 
 .text.HAL_IncTick
                0x08001698       0x18 build/stm32f7xx_hal.o
                0x08001698                HAL_IncTick
 .text.HAL_GetTick
                0x080016b0        0xc build/stm32f7xx_hal.o
                0x080016b0                HAL_GetTick
 .text.HAL_Delay
                0x080016bc       0x28 build/stm32f7xx_hal.o
                0x080016bc                HAL_Delay
 .text.UART_SetConfig
                0x080016e4      0x330 build/stm32f7xx_hal_uart.o
                0x080016e4                UART_SetConfig
 .text.UART_AdvFeatureConfig
                0x08001a14       0xca build/stm32f7xx_hal_uart.o
                0x08001a14                UART_AdvFeatureConfig
 .text.UART_WaitOnFlagUntilTimeout
                0x08001ade       0xa8 build/stm32f7xx_hal_uart.o
                0x08001ade                UART_WaitOnFlagUntilTimeout
 .text.HAL_UART_Transmit
                0x08001b86       0xd4 build/stm32f7xx_hal_uart.o
                0x08001b86                HAL_UART_Transmit
 .text.UART_CheckIdleState
                0x08001c5a       0x48 build/stm32f7xx_hal_uart.o
                0x08001c5a                UART_CheckIdleState
 .text.HAL_UART_Init
                0x08001ca2       0x62 build/stm32f7xx_hal_uart.o
                0x08001ca2                HAL_UART_Init
 .text.SystemInit
                0x08001d04       0x14 build/system_stm32f7xx.o
                0x08001d04                SystemInit
 .text.Reset_Handler
                0x08001d18       0x50 build/startup_stm32f746xx.o
                0x08001d18                Reset_Handler
 .text.Default_Handler
                0x08001d68        0x2 build/startup_stm32f746xx.o
                0x08001d68                RTC_Alarm_IRQHandler
                0x08001d68                EXTI2_IRQHandler
                0x08001d68                TIM8_CC_IRQHandler
                0x08001d68                UART8_IRQHandler
                0x08001d68                SPI4_IRQHandler
                0x08001d68                TIM1_CC_IRQHandler
                0x08001d68                DMA2_Stream5_IRQHandler
                0x08001d68                DMA1_Stream5_IRQHandler
                0x08001d68                PVD_IRQHandler
                0x08001d68                TAMP_STAMP_IRQHandler
                0x08001d68                CAN2_RX1_IRQHandler
                0x08001d68                EXTI3_IRQHandler
                0x08001d68                TIM8_TRG_COM_TIM14_IRQHandler
                0x08001d68                TIM1_UP_TIM10_IRQHandler
                0x08001d68                TIM8_UP_TIM13_IRQHandler
                0x08001d68                I2C3_ER_IRQHandler
                0x08001d68                EXTI0_IRQHandler
                0x08001d68                I2C2_EV_IRQHandler
                0x08001d68                DMA1_Stream2_IRQHandler
                0x08001d68                CAN1_RX0_IRQHandler
                0x08001d68                FPU_IRQHandler
                0x08001d68                OTG_HS_WKUP_IRQHandler
                0x08001d68                LTDC_ER_IRQHandler
                0x08001d68                CAN2_SCE_IRQHandler
                0x08001d68                DMA2_Stream2_IRQHandler
                0x08001d68                SPI1_IRQHandler
                0x08001d68                TIM6_DAC_IRQHandler
                0x08001d68                TIM1_BRK_TIM9_IRQHandler
                0x08001d68                DCMI_IRQHandler
                0x08001d68                CAN2_RX0_IRQHandler
                0x08001d68                DMA2_Stream3_IRQHandler
                0x08001d68                SAI2_IRQHandler
                0x08001d68                USART6_IRQHandler
                0x08001d68                USART3_IRQHandler
                0x08001d68                CAN1_RX1_IRQHandler
                0x08001d68                UART5_IRQHandler
                0x08001d68                DMA2_Stream0_IRQHandler
                0x08001d68                TIM4_IRQHandler
                0x08001d68                QUADSPI_IRQHandler
                0x08001d68                I2C1_EV_IRQHandler
                0x08001d68                DMA1_Stream6_IRQHandler
                0x08001d68                DMA1_Stream1_IRQHandler
                0x08001d68                UART4_IRQHandler
                0x08001d68                TIM3_IRQHandler
                0x08001d68                RCC_IRQHandler
                0x08001d68                TIM8_BRK_TIM12_IRQHandler
                0x08001d68                Default_Handler
                0x08001d68                CEC_IRQHandler
                0x08001d68                EXTI15_10_IRQHandler
                0x08001d68                ADC_IRQHandler
                0x08001d68                DMA1_Stream7_IRQHandler
                0x08001d68                SPI5_IRQHandler
                0x08001d68                TIM7_IRQHandler
                0x08001d68                SDMMC1_IRQHandler
                0x08001d68                CAN2_TX_IRQHandler
                0x08001d68                TIM5_IRQHandler
                0x08001d68                DMA2_Stream7_IRQHandler
                0x08001d68                I2C3_EV_IRQHandler
                0x08001d68                EXTI9_5_IRQHandler
                0x08001d68                RTC_WKUP_IRQHandler
                0x08001d68                LTDC_IRQHandler
                0x08001d68                ETH_WKUP_IRQHandler
                0x08001d68                SPDIF_RX_IRQHandler
                0x08001d68                SPI2_IRQHandler
                0x08001d68                OTG_HS_EP1_IN_IRQHandler
                0x08001d68                DMA1_Stream0_IRQHandler
                0x08001d68                CAN1_TX_IRQHandler
                0x08001d68                EXTI4_IRQHandler
                0x08001d68                RNG_IRQHandler
                0x08001d68                ETH_IRQHandler
                0x08001d68                OTG_HS_EP1_OUT_IRQHandler
                0x08001d68                WWDG_IRQHandler
                0x08001d68                SPI6_IRQHandler
                0x08001d68                I2C4_EV_IRQHandler
                0x08001d68                TIM2_IRQHandler
                0x08001d68                OTG_FS_WKUP_IRQHandler
                0x08001d68                TIM1_TRG_COM_TIM11_IRQHandler
                0x08001d68                OTG_HS_IRQHandler
                0x08001d68                DMA2D_IRQHandler
                0x08001d68                EXTI1_IRQHandler
                0x08001d68                UART7_IRQHandler
                0x08001d68                USART2_IRQHandler
                0x08001d68                I2C2_ER_IRQHandler
                0x08001d68                DMA2_Stream1_IRQHandler
                0x08001d68                CAN1_SCE_IRQHandler
                0x08001d68                FLASH_IRQHandler
                0x08001d68                DMA2_Stream4_IRQHandler
                0x08001d68                USART1_IRQHandler
                0x08001d68                OTG_FS_IRQHandler
                0x08001d68                SPI3_IRQHandler
                0x08001d68                DMA1_Stream4_IRQHandler
                0x08001d68                I2C1_ER_IRQHandler
                0x08001d68                FMC_IRQHandler
                0x08001d68                LPTIM1_IRQHandler
                0x08001d68                I2C4_ER_IRQHandler
                0x08001d68                DMA2_Stream6_IRQHandler
                0x08001d68                SAI1_IRQHandler
                0x08001d68                DMA1_Stream3_IRQHandler
 *fill*         0x08001d6a        0x2 
 .text.__libc_init_array
                0x08001d6c       0x48 c:/program files (x86)/gnu arm embedded toolchain/10 2020-q4-major/bin/../lib/gcc/arm-none-eabi/10.2.1/../../../../arm-none-eabi/lib/thumb/v7e-m+fp/hard\libc_nano.a(lib_a-init.o)
                0x08001d6c                __libc_init_array
 .text.memset   0x08001db4       0x10 c:/program files (x86)/gnu arm embedded toolchain/10 2020-q4-major/bin/../lib/gcc/arm-none-eabi/10.2.1/../../../../arm-none-eabi/lib/thumb/v7e-m+fp/hard\libc_nano.a(lib_a-memset.o)
                0x08001db4                memset
 *(.glue_7)
 .glue_7        0x08001dc4        0x0 linker stubs
 *(.glue_7t)
 .glue_7t       0x08001dc4        0x0 linker stubs
 *(.eh_frame)
 .eh_frame      0x08001dc4        0x0 c:/program files (x86)/gnu arm embedded toolchain/10 2020-q4-major/bin/../lib/gcc/arm-none-eabi/10.2.1/thumb/v7e-m+fp/hard/crtbegin.o
 *(.init)
 .init          0x08001dc4        0x4 c:/program files (x86)/gnu arm embedded toolchain/10 2020-q4-major/bin/../lib/gcc/arm-none-eabi/10.2.1/thumb/v7e-m+fp/hard/crti.o
                0x08001dc4                _init
 .init          0x08001dc8        0x8 c:/program files (x86)/gnu arm embedded toolchain/10 2020-q4-major/bin/../lib/gcc/arm-none-eabi/10.2.1/thumb/v7e-m+fp/hard/crtn.o
 *(.fini)
 .fini          0x08001dd0        0x4 c:/program files (x86)/gnu arm embedded toolchain/10 2020-q4-major/bin/../lib/gcc/arm-none-eabi/10.2.1/thumb/v7e-m+fp/hard/crti.o
                0x08001dd0                _fini
 .fini          0x08001dd4        0x8 c:/program files (x86)/gnu arm embedded toolchain/10 2020-q4-major/bin/../lib/gcc/arm-none-eabi/10.2.1/thumb/v7e-m+fp/hard/crtn.o
                0x08001ddc                . = ALIGN (0x4)
                0x08001ddc                _etext = .

.vfp11_veneer   0x08001ddc        0x0
 .vfp11_veneer  0x08001ddc        0x0 linker stubs

.v4_bx          0x08001ddc        0x0
 .v4_bx         0x08001ddc        0x0 linker stubs

.iplt           0x08001ddc        0x0
 .iplt          0x08001ddc        0x0 c:/program files (x86)/gnu arm embedded toolchain/10 2020-q4-major/bin/../lib/gcc/arm-none-eabi/10.2.1/thumb/v7e-m+fp/hard/crtbegin.o

.rodata         0x08001ddc       0x2c
                0x08001ddc                . = ALIGN (0x4)
 *(.rodata)
 *(.rodata*)
 .rodata.main.str1.4
                0x08001ddc       0x11 build/main.o
 *fill*         0x08001ded        0x3 
 .rodata.AHBPrescTable
                0x08001df0       0x10 build/system_stm32f7xx.o
                0x08001df0                AHBPrescTable
 .rodata.APBPrescTable
                0x08001e00        0x8 build/system_stm32f7xx.o
                0x08001e00                APBPrescTable
                0x08001e08                . = ALIGN (0x4)

.ARM.extab
 *(.ARM.extab* .gnu.linkonce.armextab.*)

.ARM            0x08001e08        0x8
                0x08001e08                __exidx_start = .
 *(.ARM.exidx*)
 .ARM.exidx     0x08001e08        0x8 c:/program files (x86)/gnu arm embedded toolchain/10 2020-q4-major/bin/../lib/gcc/arm-none-eabi/10.2.1/thumb/v7e-m+fp/hard\libgcc.a(_udivmoddi4.o)
                0x08001e10                __exidx_end = .

.rel.dyn        0x08001e10        0x0
 .rel.iplt      0x08001e10        0x0 c:/program files (x86)/gnu arm embedded toolchain/10 2020-q4-major/bin/../lib/gcc/arm-none-eabi/10.2.1/thumb/v7e-m+fp/hard/crtbegin.o

.preinit_array  0x08001e10        0x0
                0x08001e10                PROVIDE (__preinit_array_start = .)
 *(.preinit_array*)
                0x08001e10                PROVIDE (__preinit_array_end = .)

.init_array     0x08001e10        0x4
                0x08001e10                PROVIDE (__init_array_start = .)
 *(SORT_BY_NAME(.init_array.*))
 *(.init_array*)
 .init_array    0x08001e10        0x4 c:/program files (x86)/gnu arm embedded toolchain/10 2020-q4-major/bin/../lib/gcc/arm-none-eabi/10.2.1/thumb/v7e-m+fp/hard/crtbegin.o
                0x08001e14                PROVIDE (__init_array_end = .)

.fini_array     0x08001e14        0x4
                [!provide]                PROVIDE (__fini_array_start = .)
 *(SORT_BY_NAME(.fini_array.*))
 *(.fini_array*)
 .fini_array    0x08001e14        0x4 c:/program files (x86)/gnu arm embedded toolchain/10 2020-q4-major/bin/../lib/gcc/arm-none-eabi/10.2.1/thumb/v7e-m+fp/hard/crtbegin.o
                [!provide]                PROVIDE (__fini_array_end = .)
                0x08001e18                _sidata = LOADADDR (.data)

.data           0x20000000        0xc load address 0x08001e18
                0x20000000                . = ALIGN (0x4)
                0x20000000                _sdata = .
 *(.data)
 *(.data*)
 .data.uwTickFreq
                0x20000000        0x1 build/stm32f7xx_hal.o
                0x20000000                uwTickFreq
 *fill*         0x20000001        0x3 
 .data.uwTickPrio
                0x20000004        0x4 build/stm32f7xx_hal.o
                0x20000004                uwTickPrio
 .data.SystemCoreClock
                0x20000008        0x4 build/system_stm32f7xx.o
                0x20000008                SystemCoreClock
                0x2000000c                . = ALIGN (0x4)
                0x2000000c                _edata = .

.igot.plt       0x2000000c        0x0 load address 0x08001e24
 .igot.plt      0x2000000c        0x0 c:/program files (x86)/gnu arm embedded toolchain/10 2020-q4-major/bin/../lib/gcc/arm-none-eabi/10.2.1/thumb/v7e-m+fp/hard/crtbegin.o
                0x2000000c                . = ALIGN (0x4)

.bss            0x2000000c       0xa4 load address 0x08001e24
                0x2000000c                _sbss = .
                0x2000000c                __bss_start__ = _sbss
 *(.bss)
 .bss           0x2000000c       0x1c c:/program files (x86)/gnu arm embedded toolchain/10 2020-q4-major/bin/../lib/gcc/arm-none-eabi/10.2.1/thumb/v7e-m+fp/hard/crtbegin.o
 *(.bss*)
 .bss.huart2    0x20000028       0x84 build/main.o
                0x20000028                huart2
 .bss.uwTick    0x200000ac        0x4 build/stm32f7xx_hal.o
                0x200000ac                uwTick
 *(COMMON)
                0x200000b0                . = ALIGN (0x4)
                0x200000b0                _ebss = .
                0x200000b0                __bss_end__ = _ebss

._user_heap_stack
                0x200000b0      0x600 load address 0x08001e24
                0x200000b0                . = ALIGN (0x8)
                [!provide]                PROVIDE (end = .)
                [!provide]                PROVIDE (_end = .)
                0x200002b0                . = (. + _Min_Heap_Size)
 *fill*         0x200000b0      0x200 
                0x200006b0                . = (. + _Min_Stack_Size)
 *fill*         0x200002b0      0x400 
                0x200006b0                . = ALIGN (0x8)

/DISCARD/
 libc.a(*)
 libm.a(*)
 libgcc.a(*)

.ARM.attributes
                0x00000000       0x30
 *(.ARM.attributes)
 .ARM.attributes
                0x00000000       0x1e c:/program files (x86)/gnu arm embedded toolchain/10 2020-q4-major/bin/../lib/gcc/arm-none-eabi/10.2.1/thumb/v7e-m+fp/hard/crti.o
 .ARM.attributes
                0x0000001e       0x34 c:/program files (x86)/gnu arm embedded toolchain/10 2020-q4-major/bin/../lib/gcc/arm-none-eabi/10.2.1/thumb/v7e-m+fp/hard/crtbegin.o
 .ARM.attributes
                0x00000052       0x34 build/main.o
 .ARM.attributes
                0x00000086       0x34 build/stm32f7xx_it.o
 .ARM.attributes
                0x000000ba       0x34 build/stm32f7xx_hal_msp.o
 .ARM.attributes
                0x000000ee       0x34 build/stm32f7xx_hal_cortex.o
 .ARM.attributes
                0x00000122       0x34 build/stm32f7xx_hal_rcc.o
 .ARM.attributes
                0x00000156       0x34 build/stm32f7xx_hal_rcc_ex.o
 .ARM.attributes
                0x0000018a       0x34 build/stm32f7xx_hal_gpio.o
 .ARM.attributes
                0x000001be       0x34 build/stm32f7xx_hal.o
 .ARM.attributes
                0x000001f2       0x34 build/stm32f7xx_hal_uart.o
 .ARM.attributes
                0x00000226       0x34 build/system_stm32f7xx.o
 .ARM.attributes
                0x0000025a       0x21 build/startup_stm32f746xx.o
 .ARM.attributes
                0x0000027b       0x34 c:/program files (x86)/gnu arm embedded toolchain/10 2020-q4-major/bin/../lib/gcc/arm-none-eabi/10.2.1/../../../../arm-none-eabi/lib/thumb/v7e-m+fp/hard\libc_nano.a(lib_a-init.o)
 .ARM.attributes
                0x000002af       0x34 c:/program files (x86)/gnu arm embedded toolchain/10 2020-q4-major/bin/../lib/gcc/arm-none-eabi/10.2.1/../../../../arm-none-eabi/lib/thumb/v7e-m+fp/hard\libc_nano.a(lib_a-memset.o)
 .ARM.attributes
                0x000002e3       0x1e c:/program files (x86)/gnu arm embedded toolchain/10 2020-q4-major/bin/../lib/gcc/arm-none-eabi/10.2.1/thumb/v7e-m+fp/hard\libgcc.a(_aeabi_uldivmod.o)
 .ARM.attributes
                0x00000301       0x34 c:/program files (x86)/gnu arm embedded toolchain/10 2020-q4-major/bin/../lib/gcc/arm-none-eabi/10.2.1/thumb/v7e-m+fp/hard\libgcc.a(_udivmoddi4.o)
 .ARM.attributes
                0x00000335       0x1e c:/program files (x86)/gnu arm embedded toolchain/10 2020-q4-major/bin/../lib/gcc/arm-none-eabi/10.2.1/thumb/v7e-m+fp/hard\libgcc.a(_dvmd_tls.o)
 .ARM.attributes
                0x00000353       0x1e c:/program files (x86)/gnu arm embedded toolchain/10 2020-q4-major/bin/../lib/gcc/arm-none-eabi/10.2.1/thumb/v7e-m+fp/hard/crtn.o
OUTPUT(build/Blink.elf elf32-littlearm)
LOAD linker stubs
LOAD c:/program files (x86)/gnu arm embedded toolchain/10 2020-q4-major/bin/../lib/gcc/arm-none-eabi/10.2.1/../../../../arm-none-eabi/lib/thumb/v7e-m+fp/hard\libc.a
LOAD c:/program files (x86)/gnu arm embedded toolchain/10 2020-q4-major/bin/../lib/gcc/arm-none-eabi/10.2.1/../../../../arm-none-eabi/lib/thumb/v7e-m+fp/hard\libm.a
LOAD c:/program files (x86)/gnu arm embedded toolchain/10 2020-q4-major/bin/../lib/gcc/arm-none-eabi/10.2.1/thumb/v7e-m+fp/hard\libgcc.a

.debug_info     0x00000000     0x87fd
 .debug_info    0x00000000     0x126e build/main.o
 .debug_info    0x0000126e      0x15a build/stm32f7xx_it.o
 .debug_info    0x000013c8      0xbb0 build/stm32f7xx_hal_msp.o
 .debug_info    0x00001f78     0x13f0 build/stm32f7xx_hal_cortex.o
 .debug_info    0x00003368      0xca8 build/stm32f7xx_hal_rcc.o
 .debug_info    0x00004010      0x956 build/stm32f7xx_hal_rcc_ex.o
 .debug_info    0x00004966      0x87b build/stm32f7xx_hal_gpio.o
 .debug_info    0x000051e1      0xb6c build/stm32f7xx_hal.o
 .debug_info    0x00005d4d     0x228c build/stm32f7xx_hal_uart.o
 .debug_info    0x00007fd9      0x802 build/system_stm32f7xx.o
 .debug_info    0x000087db       0x22 build/startup_stm32f746xx.o

.debug_abbrev   0x00000000     0x1458
 .debug_abbrev  0x00000000      0x25d build/main.o
 .debug_abbrev  0x0000025d       0x81 build/stm32f7xx_it.o
 .debug_abbrev  0x000002de      0x192 build/stm32f7xx_hal_msp.o
 .debug_abbrev  0x00000470      0x382 build/stm32f7xx_hal_cortex.o
 .debug_abbrev  0x000007f2      0x271 build/stm32f7xx_hal_rcc.o
 .debug_abbrev  0x00000a63      0x1f4 build/stm32f7xx_hal_rcc_ex.o
 .debug_abbrev  0x00000c57      0x22b build/stm32f7xx_hal_gpio.o
 .debug_abbrev  0x00000e82      0x209 build/stm32f7xx_hal.o
 .debug_abbrev  0x0000108b      0x291 build/stm32f7xx_hal_uart.o
 .debug_abbrev  0x0000131c      0x12a build/system_stm32f7xx.o
 .debug_abbrev  0x00001446       0x12 build/startup_stm32f746xx.o

.debug_loc      0x00000000     0x4520
 .debug_loc     0x00000000       0xbe build/main.o
 .debug_loc     0x000000be       0x20 build/stm32f7xx_it.o
 .debug_loc     0x000000de      0x114 build/stm32f7xx_hal_msp.o
 .debug_loc     0x000001f2      0x794 build/stm32f7xx_hal_cortex.o
 .debug_loc     0x00000986      0x7e0 build/stm32f7xx_hal_rcc.o
 .debug_loc     0x00001166      0x8d2 build/stm32f7xx_hal_rcc_ex.o
 .debug_loc     0x00001a38      0x5dc build/stm32f7xx_hal_gpio.o
 .debug_loc     0x00002014      0x1e1 build/stm32f7xx_hal.o
 .debug_loc     0x000021f5     0x21d3 build/stm32f7xx_hal_uart.o
 .debug_loc     0x000043c8      0x158 build/system_stm32f7xx.o

.debug_aranges  0x00000000      0x620
 .debug_aranges
                0x00000000       0x40 build/main.o
 .debug_aranges
                0x00000040       0x60 build/stm32f7xx_it.o
 .debug_aranges
                0x000000a0       0x30 build/stm32f7xx_hal_msp.o
 .debug_aranges
                0x000000d0       0xa8 build/stm32f7xx_hal_cortex.o
 .debug_aranges
                0x00000178       0x88 build/stm32f7xx_hal_rcc.o
 .debug_aranges
                0x00000200       0x50 build/stm32f7xx_hal_rcc_ex.o
 .debug_aranges
                0x00000250       0x58 build/stm32f7xx_hal_gpio.o
 .debug_aranges
                0x000002a8      0x100 build/stm32f7xx_hal.o
 .debug_aranges
                0x000003a8      0x228 build/stm32f7xx_hal_uart.o
 .debug_aranges
                0x000005d0       0x28 build/system_stm32f7xx.o
 .debug_aranges
                0x000005f8       0x28 build/startup_stm32f746xx.o

.debug_ranges   0x00000000      0x5d8
 .debug_ranges  0x00000000       0x30 build/main.o
 .debug_ranges  0x00000030       0x50 build/stm32f7xx_it.o
 .debug_ranges  0x00000080       0x20 build/stm32f7xx_hal_msp.o
 .debug_ranges  0x000000a0       0xf8 build/stm32f7xx_hal_cortex.o
 .debug_ranges  0x00000198       0x78 build/stm32f7xx_hal_rcc.o
 .debug_ranges  0x00000210       0x40 build/stm32f7xx_hal_rcc_ex.o
 .debug_ranges  0x00000250       0x48 build/stm32f7xx_hal_gpio.o
 .debug_ranges  0x00000298       0xf0 build/stm32f7xx_hal.o
 .debug_ranges  0x00000388      0x218 build/stm32f7xx_hal_uart.o
 .debug_ranges  0x000005a0       0x18 build/system_stm32f7xx.o
 .debug_ranges  0x000005b8       0x20 build/startup_stm32f746xx.o

.debug_line     0x00000000     0x5ad0
 .debug_line    0x00000000      0x42c build/main.o
 .debug_line    0x0000042c      0x177 build/stm32f7xx_it.o
 .debug_line    0x000005a3      0x28e build/stm32f7xx_hal_msp.o
 .debug_line    0x00000831      0x797 build/stm32f7xx_hal_cortex.o
 .debug_line    0x00000fc8      0xcaf build/stm32f7xx_hal_rcc.o
 .debug_line    0x00001c77      0xbb1 build/stm32f7xx_hal_rcc_ex.o
 .debug_line    0x00002828      0x6fb build/stm32f7xx_hal_gpio.o
 .debug_line    0x00002f23      0x5ad build/stm32f7xx_hal.o
 .debug_line    0x000034d0     0x231c build/stm32f7xx_hal_uart.o
 .debug_line    0x000057ec      0x26e build/system_stm32f7xx.o
 .debug_line    0x00005a5a       0x76 build/startup_stm32f746xx.o

.debug_str      0x00000000     0x27d0
 .debug_str     0x00000000      0xbdd build/main.o
                                0xc8d (size before relaxing)
 .debug_str     0x00000bdd       0xb4 build/stm32f7xx_it.o
                                0x216 (size before relaxing)
 .debug_str     0x00000c91       0x63 build/stm32f7xx_hal_msp.o
                                0x7e2 (size before relaxing)
 .debug_str     0x00000cf4      0xb78 build/stm32f7xx_hal_cortex.o
                                0xd96 (size before relaxing)
 .debug_str     0x0000186c      0x241 build/stm32f7xx_hal_rcc.o
                                0x705 (size before relaxing)
 .debug_str     0x00001aad      0x14c build/stm32f7xx_hal_rcc_ex.o
                                0x6dc (size before relaxing)
 .debug_str     0x00001bf9      0x10d build/stm32f7xx_hal_gpio.o
                                0x4e4 (size before relaxing)
 .debug_str     0x00001d06      0x2ce build/stm32f7xx_hal.o
                                0xc41 (size before relaxing)
 .debug_str     0x00001fd4      0x791 build/stm32f7xx_hal_uart.o
                                0xfad (size before relaxing)
 .debug_str     0x00002765       0x47 build/system_stm32f7xx.o
                                0x442 (size before relaxing)
 .debug_str     0x000027ac       0x24 build/startup_stm32f746xx.o
                                 0x4f (size before relaxing)

.comment        0x00000000       0x4d
 .comment       0x00000000       0x4d build/main.o
                                 0x4e (size before relaxing)
 .comment       0x0000004d       0x4e build/stm32f7xx_it.o
 .comment       0x0000004d       0x4e build/stm32f7xx_hal_msp.o
 .comment       0x0000004d       0x4e build/stm32f7xx_hal_cortex.o
 .comment       0x0000004d       0x4e build/stm32f7xx_hal_rcc.o
 .comment       0x0000004d       0x4e build/stm32f7xx_hal_rcc_ex.o
 .comment       0x0000004d       0x4e build/stm32f7xx_hal_gpio.o
 .comment       0x0000004d       0x4e build/stm32f7xx_hal.o
 .comment       0x0000004d       0x4e build/stm32f7xx_hal_uart.o
 .comment       0x0000004d       0x4e build/system_stm32f7xx.o

.debug_frame    0x00000000      0xed4
 .debug_frame   0x00000000       0x94 build/main.o
 .debug_frame   0x00000094       0xa8 build/stm32f7xx_it.o
 .debug_frame   0x0000013c       0x60 build/stm32f7xx_hal_msp.o
 .debug_frame   0x0000019c      0x148 build/stm32f7xx_hal_cortex.o
 .debug_frame   0x000002e4      0x178 build/stm32f7xx_hal_rcc.o
 .debug_frame   0x0000045c       0xc0 build/stm32f7xx_hal_rcc_ex.o
 .debug_frame   0x0000051c       0xd8 build/stm32f7xx_hal_gpio.o
 .debug_frame   0x000005f4      0x20c build/stm32f7xx_hal.o
 .debug_frame   0x00000800      0x5f8 build/stm32f7xx_hal_uart.o
 .debug_frame   0x00000df8       0x30 build/system_stm32f7xx.o
 .debug_frame   0x00000e28       0x2c c:/program files (x86)/gnu arm embedded toolchain/10 2020-q4-major/bin/../lib/gcc/arm-none-eabi/10.2.1/../../../../arm-none-eabi/lib/thumb/v7e-m+fp/hard\libc_nano.a(lib_a-init.o)
 .debug_frame   0x00000e54       0x20 c:/program files (x86)/gnu arm embedded toolchain/10 2020-q4-major/bin/../lib/gcc/arm-none-eabi/10.2.1/../../../../arm-none-eabi/lib/thumb/v7e-m+fp/hard\libc_nano.a(lib_a-memset.o)
 .debug_frame   0x00000e74       0x2c c:/program files (x86)/gnu arm embedded toolchain/10 2020-q4-major/bin/../lib/gcc/arm-none-eabi/10.2.1/thumb/v7e-m+fp/hard\libgcc.a(_aeabi_uldivmod.o)
 .debug_frame   0x00000ea0       0x34 c:/program files (x86)/gnu arm embedded toolchain/10 2020-q4-major/bin/../lib/gcc/arm-none-eabi/10.2.1/thumb/v7e-m+fp/hard\libgcc.a(_udivmoddi4.o)

Cross Reference Table

Symbol                                            File
ADC_IRQHandler                                    build/startup_stm32f746xx.o
AHBPrescTable                                     build/system_stm32f7xx.o
                                                  build/stm32f7xx_hal_rcc.o
APBPrescTable                                     build/system_stm32f7xx.o
                                                  build/stm32f7xx_hal_rcc.o
BusFault_Handler                                  build/stm32f7xx_it.o
CAN1_RX0_IRQHandler                               build/startup_stm32f746xx.o
CAN1_RX1_IRQHandler                               build/startup_stm32f746xx.o
CAN1_SCE_IRQHandler                               build/startup_stm32f746xx.o
CAN1_TX_IRQHandler                                build/startup_stm32f746xx.o
CAN2_RX0_IRQHandler                               build/startup_stm32f746xx.o
CAN2_RX1_IRQHandler                               build/startup_stm32f746xx.o
CAN2_SCE_IRQHandler                               build/startup_stm32f746xx.o
CAN2_TX_IRQHandler                                build/startup_stm32f746xx.o
CEC_IRQHandler                                    build/startup_stm32f746xx.o
DCMI_IRQHandler                                   build/startup_stm32f746xx.o
DMA1_Stream0_IRQHandler                           build/startup_stm32f746xx.o
DMA1_Stream1_IRQHandler                           build/startup_stm32f746xx.o
DMA1_Stream2_IRQHandler                           build/startup_stm32f746xx.o
DMA1_Stream3_IRQHandler                           build/startup_stm32f746xx.o
DMA1_Stream4_IRQHandler                           build/startup_stm32f746xx.o
DMA1_Stream5_IRQHandler                           build/startup_stm32f746xx.o
DMA1_Stream6_IRQHandler                           build/startup_stm32f746xx.o
DMA1_Stream7_IRQHandler                           build/startup_stm32f746xx.o
DMA2D_IRQHandler                                  build/startup_stm32f746xx.o
DMA2_Stream0_IRQHandler                           build/startup_stm32f746xx.o
DMA2_Stream1_IRQHandler                           build/startup_stm32f746xx.o
DMA2_Stream2_IRQHandler                           build/startup_stm32f746xx.o
DMA2_Stream3_IRQHandler                           build/startup_stm32f746xx.o
DMA2_Stream4_IRQHandler                           build/startup_stm32f746xx.o
DMA2_Stream5_IRQHandler                           build/startup_stm32f746xx.o
DMA2_Stream6_IRQHandler                           build/startup_stm32f746xx.o
DMA2_Stream7_IRQHandler                           build/startup_stm32f746xx.o
DebugMon_Handler                                  build/stm32f7xx_it.o
Default_Handler                                   build/startup_stm32f746xx.o
ETH_IRQHandler                                    build/startup_stm32f746xx.o
ETH_WKUP_IRQHandler                               build/startup_stm32f746xx.o
EXTI0_IRQHandler                                  build/startup_stm32f746xx.o
EXTI15_10_IRQHandler                              build/startup_stm32f746xx.o
EXTI1_IRQHandler                                  build/startup_stm32f746xx.o
EXTI2_IRQHandler                                  build/startup_stm32f746xx.o
EXTI3_IRQHandler                                  build/startup_stm32f746xx.o
EXTI4_IRQHandler                                  build/startup_stm32f746xx.o
EXTI9_5_IRQHandler                                build/startup_stm32f746xx.o
Error_Handler                                     build/main.o
FLASH_Erase_Sector                                build/stm32f7xx_hal_flash_ex.o
                                                  build/stm32f7xx_hal_flash.o
FLASH_IRQHandler                                  build/startup_stm32f746xx.o
FLASH_WaitForLastOperation                        build/stm32f7xx_hal_flash.o
                                                  build/stm32f7xx_hal_flash_ex.o
FMC_IRQHandler                                    build/startup_stm32f746xx.o
FPU_IRQHandler                                    build/startup_stm32f746xx.o
HAL_DBGMCU_DisableDBGSleepMode                    build/stm32f7xx_hal.o
HAL_DBGMCU_DisableDBGStandbyMode                  build/stm32f7xx_hal.o
HAL_DBGMCU_DisableDBGStopMode                     build/stm32f7xx_hal.o
HAL_DBGMCU_EnableDBGSleepMode                     build/stm32f7xx_hal.o
HAL_DBGMCU_EnableDBGStandbyMode                   build/stm32f7xx_hal.o
HAL_DBGMCU_EnableDBGStopMode                      build/stm32f7xx_hal.o
HAL_DMAEx_ChangeMemory                            build/stm32f7xx_hal_dma_ex.o
HAL_DMAEx_MultiBufferStart                        build/stm32f7xx_hal_dma_ex.o
HAL_DMAEx_MultiBufferStart_IT                     build/stm32f7xx_hal_dma_ex.o
HAL_DMA_Abort                                     build/stm32f7xx_hal_dma.o
                                                  build/stm32f7xx_hal_uart.o
HAL_DMA_Abort_IT                                  build/stm32f7xx_hal_dma.o
                                                  build/stm32f7xx_hal_uart.o
                                                  build/stm32f7xx_hal_i2c.o
HAL_DMA_DeInit                                    build/stm32f7xx_hal_dma.o
HAL_DMA_GetError                                  build/stm32f7xx_hal_dma.o
                                                  build/stm32f7xx_hal_uart.o
                                                  build/stm32f7xx_hal_i2c.o
HAL_DMA_GetState                                  build/stm32f7xx_hal_dma.o
                                                  build/stm32f7xx_hal_i2c.o
HAL_DMA_IRQHandler                                build/stm32f7xx_hal_dma.o
HAL_DMA_Init                                      build/stm32f7xx_hal_dma.o
HAL_DMA_PollForTransfer                           build/stm32f7xx_hal_dma.o
HAL_DMA_RegisterCallback                          build/stm32f7xx_hal_dma.o
HAL_DMA_Start                                     build/stm32f7xx_hal_dma.o
HAL_DMA_Start_IT                                  build/stm32f7xx_hal_dma.o
                                                  build/stm32f7xx_hal_uart.o
                                                  build/stm32f7xx_hal_i2c.o
HAL_DMA_UnRegisterCallback                        build/stm32f7xx_hal_dma.o
HAL_DeInit                                        build/stm32f7xx_hal.o
HAL_Delay                                         build/stm32f7xx_hal.o
                                                  build/main.o
HAL_DisableCompensationCell                       build/stm32f7xx_hal.o
HAL_DisableFMCMemorySwapping                      build/stm32f7xx_hal.o
HAL_EXTI_ClearConfigLine                          build/stm32f7xx_hal_exti.o
HAL_EXTI_ClearPending                             build/stm32f7xx_hal_exti.o
HAL_EXTI_GenerateSWI                              build/stm32f7xx_hal_exti.o
HAL_EXTI_GetConfigLine                            build/stm32f7xx_hal_exti.o
HAL_EXTI_GetHandle                                build/stm32f7xx_hal_exti.o
HAL_EXTI_GetPending                               build/stm32f7xx_hal_exti.o
HAL_EXTI_IRQHandler                               build/stm32f7xx_hal_exti.o
HAL_EXTI_RegisterCallback                         build/stm32f7xx_hal_exti.o
HAL_EXTI_SetConfigLine                            build/stm32f7xx_hal_exti.o
HAL_EnableCompensationCell                        build/stm32f7xx_hal.o
HAL_EnableFMCMemorySwapping                       build/stm32f7xx_hal.o
HAL_FLASHEx_Erase                                 build/stm32f7xx_hal_flash_ex.o
HAL_FLASHEx_Erase_IT                              build/stm32f7xx_hal_flash_ex.o
HAL_FLASHEx_OBGetConfig                           build/stm32f7xx_hal_flash_ex.o
HAL_FLASHEx_OBProgram                             build/stm32f7xx_hal_flash_ex.o
HAL_FLASH_EndOfOperationCallback                  build/stm32f7xx_hal_flash.o
HAL_FLASH_GetError                                build/stm32f7xx_hal_flash.o
HAL_FLASH_IRQHandler                              build/stm32f7xx_hal_flash.o
HAL_FLASH_Lock                                    build/stm32f7xx_hal_flash.o
HAL_FLASH_OB_Launch                               build/stm32f7xx_hal_flash.o
HAL_FLASH_OB_Lock                                 build/stm32f7xx_hal_flash.o
HAL_FLASH_OB_Unlock                               build/stm32f7xx_hal_flash.o
HAL_FLASH_OperationErrorCallback                  build/stm32f7xx_hal_flash.o
HAL_FLASH_Program                                 build/stm32f7xx_hal_flash.o
HAL_FLASH_Program_IT                              build/stm32f7xx_hal_flash.o
HAL_FLASH_Unlock                                  build/stm32f7xx_hal_flash.o
HAL_GPIO_DeInit                                   build/stm32f7xx_hal_gpio.o
                                                  build/stm32f7xx_hal_msp.o
HAL_GPIO_EXTI_Callback                            build/stm32f7xx_hal_gpio.o
HAL_GPIO_EXTI_IRQHandler                          build/stm32f7xx_hal_gpio.o
HAL_GPIO_Init                                     build/stm32f7xx_hal_gpio.o
                                                  build/stm32f7xx_hal_rcc.o
                                                  build/stm32f7xx_hal_msp.o
                                                  build/main.o
HAL_GPIO_LockPin                                  build/stm32f7xx_hal_gpio.o
HAL_GPIO_ReadPin                                  build/stm32f7xx_hal_gpio.o
HAL_GPIO_TogglePin                                build/stm32f7xx_hal_gpio.o
                                                  build/main.o
HAL_GPIO_WritePin                                 build/stm32f7xx_hal_gpio.o
                                                  build/main.o
HAL_GetDEVID                                      build/stm32f7xx_hal.o
HAL_GetHalVersion                                 build/stm32f7xx_hal.o
HAL_GetREVID                                      build/stm32f7xx_hal.o
HAL_GetTick                                       build/stm32f7xx_hal.o
                                                  build/stm32f7xx_hal_uart.o
                                                  build/stm32f7xx_hal_i2c.o
                                                  build/stm32f7xx_hal_pwr_ex.o
                                                  build/stm32f7xx_hal_dma.o
                                                  build/stm32f7xx_hal_flash.o
                                                  build/stm32f7xx_hal_rcc_ex.o
                                                  build/stm32f7xx_hal_rcc.o
HAL_GetTickFreq                                   build/stm32f7xx_hal.o
HAL_GetTickPrio                                   build/stm32f7xx_hal.o
HAL_GetUIDw0                                      build/stm32f7xx_hal.o
HAL_GetUIDw1                                      build/stm32f7xx_hal.o
HAL_GetUIDw2                                      build/stm32f7xx_hal.o
HAL_HalfDuplex_EnableReceiver                     build/stm32f7xx_hal_uart.o
HAL_HalfDuplex_EnableTransmitter                  build/stm32f7xx_hal_uart.o
HAL_HalfDuplex_Init                               build/stm32f7xx_hal_uart.o
HAL_I2CEx_ConfigAnalogFilter                      build/stm32f7xx_hal_i2c_ex.o
HAL_I2CEx_ConfigDigitalFilter                     build/stm32f7xx_hal_i2c_ex.o
HAL_I2CEx_DisableFastModePlus                     build/stm32f7xx_hal_i2c_ex.o
HAL_I2CEx_EnableFastModePlus                      build/stm32f7xx_hal_i2c_ex.o
HAL_I2C_AbortCpltCallback                         build/stm32f7xx_hal_i2c.o
HAL_I2C_AddrCallback                              build/stm32f7xx_hal_i2c.o
HAL_I2C_DeInit                                    build/stm32f7xx_hal_i2c.o
HAL_I2C_DisableListen_IT                          build/stm32f7xx_hal_i2c.o
HAL_I2C_ER_IRQHandler                             build/stm32f7xx_hal_i2c.o
HAL_I2C_EV_IRQHandler                             build/stm32f7xx_hal_i2c.o
HAL_I2C_EnableListen_IT                           build/stm32f7xx_hal_i2c.o
HAL_I2C_ErrorCallback                             build/stm32f7xx_hal_i2c.o
HAL_I2C_GetError                                  build/stm32f7xx_hal_i2c.o
HAL_I2C_GetMode                                   build/stm32f7xx_hal_i2c.o
HAL_I2C_GetState                                  build/stm32f7xx_hal_i2c.o
HAL_I2C_Init                                      build/stm32f7xx_hal_i2c.o
HAL_I2C_IsDeviceReady                             build/stm32f7xx_hal_i2c.o
HAL_I2C_ListenCpltCallback                        build/stm32f7xx_hal_i2c.o
HAL_I2C_MasterRxCpltCallback                      build/stm32f7xx_hal_i2c.o
HAL_I2C_MasterTxCpltCallback                      build/stm32f7xx_hal_i2c.o
HAL_I2C_Master_Abort_IT                           build/stm32f7xx_hal_i2c.o
HAL_I2C_Master_Receive                            build/stm32f7xx_hal_i2c.o
HAL_I2C_Master_Receive_DMA                        build/stm32f7xx_hal_i2c.o
HAL_I2C_Master_Receive_IT                         build/stm32f7xx_hal_i2c.o
HAL_I2C_Master_Seq_Receive_DMA                    build/stm32f7xx_hal_i2c.o
HAL_I2C_Master_Seq_Receive_IT                     build/stm32f7xx_hal_i2c.o
HAL_I2C_Master_Seq_Transmit_DMA                   build/stm32f7xx_hal_i2c.o
HAL_I2C_Master_Seq_Transmit_IT                    build/stm32f7xx_hal_i2c.o
HAL_I2C_Master_Transmit                           build/stm32f7xx_hal_i2c.o
HAL_I2C_Master_Transmit_DMA                       build/stm32f7xx_hal_i2c.o
HAL_I2C_Master_Transmit_IT                        build/stm32f7xx_hal_i2c.o
HAL_I2C_MemRxCpltCallback                         build/stm32f7xx_hal_i2c.o
HAL_I2C_MemTxCpltCallback                         build/stm32f7xx_hal_i2c.o
HAL_I2C_Mem_Read                                  build/stm32f7xx_hal_i2c.o
HAL_I2C_Mem_Read_DMA                              build/stm32f7xx_hal_i2c.o
HAL_I2C_Mem_Read_IT                               build/stm32f7xx_hal_i2c.o
HAL_I2C_Mem_Write                                 build/stm32f7xx_hal_i2c.o
HAL_I2C_Mem_Write_DMA                             build/stm32f7xx_hal_i2c.o
HAL_I2C_Mem_Write_IT                              build/stm32f7xx_hal_i2c.o
HAL_I2C_MspDeInit                                 build/stm32f7xx_hal_i2c.o
HAL_I2C_MspInit                                   build/stm32f7xx_hal_i2c.o
HAL_I2C_SlaveRxCpltCallback                       build/stm32f7xx_hal_i2c.o
HAL_I2C_SlaveTxCpltCallback                       build/stm32f7xx_hal_i2c.o
HAL_I2C_Slave_Receive                             build/stm32f7xx_hal_i2c.o
HAL_I2C_Slave_Receive_DMA                         build/stm32f7xx_hal_i2c.o
HAL_I2C_Slave_Receive_IT                          build/stm32f7xx_hal_i2c.o
HAL_I2C_Slave_Seq_Receive_DMA                     build/stm32f7xx_hal_i2c.o
HAL_I2C_Slave_Seq_Receive_IT                      build/stm32f7xx_hal_i2c.o
HAL_I2C_Slave_Seq_Transmit_DMA                    build/stm32f7xx_hal_i2c.o
HAL_I2C_Slave_Seq_Transmit_IT                     build/stm32f7xx_hal_i2c.o
HAL_I2C_Slave_Transmit                            build/stm32f7xx_hal_i2c.o
HAL_I2C_Slave_Transmit_DMA                        build/stm32f7xx_hal_i2c.o
HAL_I2C_Slave_Transmit_IT                         build/stm32f7xx_hal_i2c.o
HAL_IncTick                                       build/stm32f7xx_hal.o
                                                  build/stm32f7xx_it.o
HAL_Init                                          build/stm32f7xx_hal.o
                                                  build/main.o
HAL_InitTick                                      build/stm32f7xx_hal.o
                                                  build/stm32f7xx_hal_rcc.o
HAL_LIN_Init                                      build/stm32f7xx_hal_uart.o
HAL_LIN_SendBreak                                 build/stm32f7xx_hal_uart.o
HAL_MPU_ConfigRegion                              build/stm32f7xx_hal_cortex.o
HAL_MPU_Disable                                   build/stm32f7xx_hal_cortex.o
HAL_MPU_Enable                                    build/stm32f7xx_hal_cortex.o
HAL_MspDeInit                                     build/stm32f7xx_hal.o
HAL_MspInit                                       build/stm32f7xx_hal_msp.o
HAL_MultiProcessor_DisableMuteMode                build/stm32f7xx_hal_uart.o
HAL_MultiProcessor_EnableMuteMode                 build/stm32f7xx_hal_uart.o
HAL_MultiProcessor_EnterMuteMode                  build/stm32f7xx_hal_uart.o
HAL_MultiProcessor_Init                           build/stm32f7xx_hal_uart.o
HAL_NVIC_ClearPendingIRQ                          build/stm32f7xx_hal_cortex.o
HAL_NVIC_DisableIRQ                               build/stm32f7xx_hal_cortex.o
HAL_NVIC_EnableIRQ                                build/stm32f7xx_hal_cortex.o
HAL_NVIC_GetActive                                build/stm32f7xx_hal_cortex.o
HAL_NVIC_GetPendingIRQ                            build/stm32f7xx_hal_cortex.o
HAL_NVIC_GetPriority                              build/stm32f7xx_hal_cortex.o
HAL_NVIC_GetPriorityGrouping                      build/stm32f7xx_hal_cortex.o
HAL_NVIC_SetPendingIRQ                            build/stm32f7xx_hal_cortex.o
HAL_NVIC_SetPriority                              build/stm32f7xx_hal_cortex.o
                                                  build/stm32f7xx_hal.o
HAL_NVIC_SetPriorityGrouping                      build/stm32f7xx_hal_cortex.o
                                                  build/stm32f7xx_hal.o
HAL_NVIC_SystemReset                              build/stm32f7xx_hal_cortex.o
HAL_PWREx_ControlVoltageScaling                   build/stm32f7xx_hal_pwr_ex.o
HAL_PWREx_DisableBkUpReg                          build/stm32f7xx_hal_pwr_ex.o
HAL_PWREx_DisableFlashPowerDown                   build/stm32f7xx_hal_pwr_ex.o
HAL_PWREx_DisableLowRegulatorLowVoltage           build/stm32f7xx_hal_pwr_ex.o
HAL_PWREx_DisableMainRegulatorLowVoltage          build/stm32f7xx_hal_pwr_ex.o
HAL_PWREx_DisableOverDrive                        build/stm32f7xx_hal_pwr_ex.o
HAL_PWREx_EnableBkUpReg                           build/stm32f7xx_hal_pwr_ex.o
HAL_PWREx_EnableFlashPowerDown                    build/stm32f7xx_hal_pwr_ex.o
HAL_PWREx_EnableLowRegulatorLowVoltage            build/stm32f7xx_hal_pwr_ex.o
HAL_PWREx_EnableMainRegulatorLowVoltage           build/stm32f7xx_hal_pwr_ex.o
HAL_PWREx_EnableOverDrive                         build/stm32f7xx_hal_pwr_ex.o
HAL_PWREx_EnterUnderDriveSTOPMode                 build/stm32f7xx_hal_pwr_ex.o
HAL_PWREx_GetVoltageRange                         build/stm32f7xx_hal_pwr_ex.o
HAL_PWR_ConfigPVD                                 build/stm32f7xx_hal_pwr.o
HAL_PWR_DeInit                                    build/stm32f7xx_hal_pwr.o
HAL_PWR_DisableBkUpAccess                         build/stm32f7xx_hal_pwr.o
HAL_PWR_DisablePVD                                build/stm32f7xx_hal_pwr.o
HAL_PWR_DisableSEVOnPend                          build/stm32f7xx_hal_pwr.o
HAL_PWR_DisableSleepOnExit                        build/stm32f7xx_hal_pwr.o
HAL_PWR_DisableWakeUpPin                          build/stm32f7xx_hal_pwr.o
HAL_PWR_EnableBkUpAccess                          build/stm32f7xx_hal_pwr.o
HAL_PWR_EnablePVD                                 build/stm32f7xx_hal_pwr.o
HAL_PWR_EnableSEVOnPend                           build/stm32f7xx_hal_pwr.o
HAL_PWR_EnableSleepOnExit                         build/stm32f7xx_hal_pwr.o
HAL_PWR_EnableWakeUpPin                           build/stm32f7xx_hal_pwr.o
HAL_PWR_EnterSLEEPMode                            build/stm32f7xx_hal_pwr.o
HAL_PWR_EnterSTANDBYMode                          build/stm32f7xx_hal_pwr.o
HAL_PWR_EnterSTOPMode                             build/stm32f7xx_hal_pwr.o
HAL_PWR_PVDCallback                               build/stm32f7xx_hal_pwr.o
HAL_PWR_PVD_IRQHandler                            build/stm32f7xx_hal_pwr.o
HAL_RCCEx_DisablePLLI2S                           build/stm32f7xx_hal_rcc_ex.o
HAL_RCCEx_DisablePLLSAI                           build/stm32f7xx_hal_rcc_ex.o
HAL_RCCEx_EnablePLLI2S                            build/stm32f7xx_hal_rcc_ex.o
HAL_RCCEx_EnablePLLSAI                            build/stm32f7xx_hal_rcc_ex.o
HAL_RCCEx_GetPeriphCLKConfig                      build/stm32f7xx_hal_rcc_ex.o
HAL_RCCEx_GetPeriphCLKFreq                        build/stm32f7xx_hal_rcc_ex.o
HAL_RCCEx_PeriphCLKConfig                         build/stm32f7xx_hal_rcc_ex.o
                                                  build/main.o
HAL_RCC_CSSCallback                               build/stm32f7xx_hal_rcc.o
HAL_RCC_ClockConfig                               build/stm32f7xx_hal_rcc.o
                                                  build/main.o
HAL_RCC_DeInit                                    build/stm32f7xx_hal_rcc.o
HAL_RCC_DisableCSS                                build/stm32f7xx_hal_rcc.o
HAL_RCC_EnableCSS                                 build/stm32f7xx_hal_rcc.o
HAL_RCC_GetClockConfig                            build/stm32f7xx_hal_rcc.o
HAL_RCC_GetHCLKFreq                               build/stm32f7xx_hal_rcc.o
HAL_RCC_GetOscConfig                              build/stm32f7xx_hal_rcc.o
HAL_RCC_GetPCLK1Freq                              build/stm32f7xx_hal_rcc.o
                                                  build/stm32f7xx_hal_uart.o
HAL_RCC_GetPCLK2Freq                              build/stm32f7xx_hal_rcc.o
                                                  build/stm32f7xx_hal_uart.o
HAL_RCC_GetSysClockFreq                           build/stm32f7xx_hal_rcc.o
                                                  build/stm32f7xx_hal_uart.o
HAL_RCC_MCOConfig                                 build/stm32f7xx_hal_rcc.o
HAL_RCC_NMI_IRQHandler                            build/stm32f7xx_hal_rcc.o
HAL_RCC_OscConfig                                 build/stm32f7xx_hal_rcc.o
                                                  build/main.o
HAL_ResumeTick                                    build/stm32f7xx_hal.o
HAL_SYSTICK_CLKSourceConfig                       build/stm32f7xx_hal_cortex.o
HAL_SYSTICK_Callback                              build/stm32f7xx_hal_cortex.o
HAL_SYSTICK_Config                                build/stm32f7xx_hal_cortex.o
                                                  build/stm32f7xx_hal.o
HAL_SYSTICK_IRQHandler                            build/stm32f7xx_hal_cortex.o
HAL_SetTickFreq                                   build/stm32f7xx_hal.o
HAL_SuspendTick                                   build/stm32f7xx_hal.o
HAL_UARTEx_RxEventCallback                        build/stm32f7xx_hal_uart.o
HAL_UART_Abort                                    build/stm32f7xx_hal_uart.o
HAL_UART_AbortCpltCallback                        build/stm32f7xx_hal_uart.o
HAL_UART_AbortReceive                             build/stm32f7xx_hal_uart.o
HAL_UART_AbortReceiveCpltCallback                 build/stm32f7xx_hal_uart.o
HAL_UART_AbortReceive_IT                          build/stm32f7xx_hal_uart.o
HAL_UART_AbortTransmit                            build/stm32f7xx_hal_uart.o
HAL_UART_AbortTransmitCpltCallback                build/stm32f7xx_hal_uart.o
HAL_UART_AbortTransmit_IT                         build/stm32f7xx_hal_uart.o
HAL_UART_Abort_IT                                 build/stm32f7xx_hal_uart.o
HAL_UART_DMAPause                                 build/stm32f7xx_hal_uart.o
HAL_UART_DMAResume                                build/stm32f7xx_hal_uart.o
HAL_UART_DMAStop                                  build/stm32f7xx_hal_uart.o
HAL_UART_DeInit                                   build/stm32f7xx_hal_uart.o
HAL_UART_DisableReceiverTimeout                   build/stm32f7xx_hal_uart.o
HAL_UART_EnableReceiverTimeout                    build/stm32f7xx_hal_uart.o
HAL_UART_ErrorCallback                            build/stm32f7xx_hal_uart.o
HAL_UART_GetError                                 build/stm32f7xx_hal_uart.o
HAL_UART_GetState                                 build/stm32f7xx_hal_uart.o
HAL_UART_IRQHandler                               build/stm32f7xx_hal_uart.o
HAL_UART_Init                                     build/stm32f7xx_hal_uart.o
                                                  build/main.o
HAL_UART_MspDeInit                                build/stm32f7xx_hal_msp.o
HAL_UART_MspInit                                  build/stm32f7xx_hal_msp.o
HAL_UART_Receive                                  build/stm32f7xx_hal_uart.o
HAL_UART_Receive_DMA                              build/stm32f7xx_hal_uart.o
HAL_UART_Receive_IT                               build/stm32f7xx_hal_uart.o
HAL_UART_ReceiverTimeout_Config                   build/stm32f7xx_hal_uart.o
HAL_UART_RxCpltCallback                           build/stm32f7xx_hal_uart.o
HAL_UART_RxHalfCpltCallback                       build/stm32f7xx_hal_uart.o
HAL_UART_Transmit                                 build/stm32f7xx_hal_uart.o
                                                  build/main.o
HAL_UART_Transmit_DMA                             build/stm32f7xx_hal_uart.o
HAL_UART_Transmit_IT                              build/stm32f7xx_hal_uart.o
HAL_UART_TxCpltCallback                           build/stm32f7xx_hal_uart.o
HAL_UART_TxHalfCpltCallback                       build/stm32f7xx_hal_uart.o
HardFault_Handler                                 build/stm32f7xx_it.o
I2C1_ER_IRQHandler                                build/startup_stm32f746xx.o
I2C1_EV_IRQHandler                                build/startup_stm32f746xx.o
I2C2_ER_IRQHandler                                build/startup_stm32f746xx.o
I2C2_EV_IRQHandler                                build/startup_stm32f746xx.o
I2C3_ER_IRQHandler                                build/startup_stm32f746xx.o
I2C3_EV_IRQHandler                                build/startup_stm32f746xx.o
I2C4_ER_IRQHandler                                build/startup_stm32f746xx.o
I2C4_EV_IRQHandler                                build/startup_stm32f746xx.o
LPTIM1_IRQHandler                                 build/startup_stm32f746xx.o
LTDC_ER_IRQHandler                                build/startup_stm32f746xx.o
LTDC_IRQHandler                                   build/startup_stm32f746xx.o
MemManage_Handler                                 build/stm32f7xx_it.o
NMI_Handler                                       build/stm32f7xx_it.o
OTG_FS_IRQHandler                                 build/startup_stm32f746xx.o
OTG_FS_WKUP_IRQHandler                            build/startup_stm32f746xx.o
OTG_HS_EP1_IN_IRQHandler                          build/startup_stm32f746xx.o
OTG_HS_EP1_OUT_IRQHandler                         build/startup_stm32f746xx.o
OTG_HS_IRQHandler                                 build/startup_stm32f746xx.o
OTG_HS_WKUP_IRQHandler                            build/startup_stm32f746xx.o
PVD_IRQHandler                                    build/startup_stm32f746xx.o
PendSV_Handler                                    build/stm32f7xx_it.o
QUADSPI_IRQHandler                                build/startup_stm32f746xx.o
RCC_IRQHandler                                    build/startup_stm32f746xx.o
RNG_IRQHandler                                    build/startup_stm32f746xx.o
RTC_Alarm_IRQHandler                              build/startup_stm32f746xx.o
RTC_WKUP_IRQHandler                               build/startup_stm32f746xx.o
Reset_Handler                                     build/startup_stm32f746xx.o
SAI1_IRQHandler                                   build/startup_stm32f746xx.o
SAI2_IRQHandler                                   build/startup_stm32f746xx.o
SDMMC1_IRQHandler                                 build/startup_stm32f746xx.o
SPDIF_RX_IRQHandler                               build/startup_stm32f746xx.o
SPI1_IRQHandler                                   build/startup_stm32f746xx.o
SPI2_IRQHandler                                   build/startup_stm32f746xx.o
SPI3_IRQHandler                                   build/startup_stm32f746xx.o
SPI4_IRQHandler                                   build/startup_stm32f746xx.o
SPI5_IRQHandler                                   build/startup_stm32f746xx.o
SPI6_IRQHandler                                   build/startup_stm32f746xx.o
SVC_Handler                                       build/stm32f7xx_it.o
SysTick_Handler                                   build/stm32f7xx_it.o
SystemClock_Config                                build/main.o
SystemCoreClock                                   build/system_stm32f7xx.o
                                                  build/stm32f7xx_hal.o
                                                  build/stm32f7xx_hal_dma.o
                                                  build/stm32f7xx_hal_rcc.o
SystemCoreClockUpdate                             build/system_stm32f7xx.o
SystemInit                                        build/system_stm32f7xx.o
                                                  build/startup_stm32f746xx.o
TAMP_STAMP_IRQHandler                             build/startup_stm32f746xx.o
TIM1_BRK_TIM9_IRQHandler                          build/startup_stm32f746xx.o
TIM1_CC_IRQHandler                                build/startup_stm32f746xx.o
TIM1_TRG_COM_TIM11_IRQHandler                     build/startup_stm32f746xx.o
TIM1_UP_TIM10_IRQHandler                          build/startup_stm32f746xx.o
TIM2_IRQHandler                                   build/startup_stm32f746xx.o
TIM3_IRQHandler                                   build/startup_stm32f746xx.o
TIM4_IRQHandler                                   build/startup_stm32f746xx.o
TIM5_IRQHandler                                   build/startup_stm32f746xx.o
TIM6_DAC_IRQHandler                               build/startup_stm32f746xx.o
TIM7_IRQHandler                                   build/startup_stm32f746xx.o
TIM8_BRK_TIM12_IRQHandler                         build/startup_stm32f746xx.o
TIM8_CC_IRQHandler                                build/startup_stm32f746xx.o
TIM8_TRG_COM_TIM14_IRQHandler                     build/startup_stm32f746xx.o
TIM8_UP_TIM13_IRQHandler                          build/startup_stm32f746xx.o
UART4_IRQHandler                                  build/startup_stm32f746xx.o
UART5_IRQHandler                                  build/startup_stm32f746xx.o
UART7_IRQHandler                                  build/startup_stm32f746xx.o
UART8_IRQHandler                                  build/startup_stm32f746xx.o
UART_AdvFeatureConfig                             build/stm32f7xx_hal_uart.o
UART_CheckIdleState                               build/stm32f7xx_hal_uart.o
UART_SetConfig                                    build/stm32f7xx_hal_uart.o
UART_Start_Receive_DMA                            build/stm32f7xx_hal_uart.o
UART_Start_Receive_IT                             build/stm32f7xx_hal_uart.o
UART_WaitOnFlagUntilTimeout                       build/stm32f7xx_hal_uart.o
USART1_IRQHandler                                 build/startup_stm32f746xx.o
USART2_IRQHandler                                 build/startup_stm32f746xx.o
USART3_IRQHandler                                 build/startup_stm32f746xx.o
USART6_IRQHandler                                 build/startup_stm32f746xx.o
UsageFault_Handler                                build/stm32f7xx_it.o
WWDG_IRQHandler                                   build/startup_stm32f746xx.o
__aeabi_idiv0                                     c:/program files (x86)/gnu arm embedded toolchain/10 2020-q4-major/bin/../lib/gcc/arm-none-eabi/10.2.1/thumb/v7e-m+fp/hard\libgcc.a(_dvmd_tls.o)
__aeabi_ldiv0                                     c:/program files (x86)/gnu arm embedded toolchain/10 2020-q4-major/bin/../lib/gcc/arm-none-eabi/10.2.1/thumb/v7e-m+fp/hard\libgcc.a(_dvmd_tls.o)
                                                  c:/program files (x86)/gnu arm embedded toolchain/10 2020-q4-major/bin/../lib/gcc/arm-none-eabi/10.2.1/thumb/v7e-m+fp/hard\libgcc.a(_aeabi_uldivmod.o)
__aeabi_uldivmod                                  c:/program files (x86)/gnu arm embedded toolchain/10 2020-q4-major/bin/../lib/gcc/arm-none-eabi/10.2.1/thumb/v7e-m+fp/hard\libgcc.a(_aeabi_uldivmod.o)
                                                  build/stm32f7xx_hal_rcc.o
__bss_end__                                       c:/program files (x86)/gnu arm embedded toolchain/10 2020-q4-major/bin/../lib/gcc/arm-none-eabi/10.2.1/../../../../arm-none-eabi/lib/thumb/v7e-m+fp/hard/crt0.o
__bss_start__                                     c:/program files (x86)/gnu arm embedded toolchain/10 2020-q4-major/bin/../lib/gcc/arm-none-eabi/10.2.1/../../../../arm-none-eabi/lib/thumb/v7e-m+fp/hard/crt0.o
__call_exitprocs                                  c:/program files (x86)/gnu arm embedded toolchain/10 2020-q4-major/bin/../lib/gcc/arm-none-eabi/10.2.1/../../../../arm-none-eabi/lib/thumb/v7e-m+fp/hard\libc_nano.a(lib_a-exit.o)
__deregister_frame_info                           c:/program files (x86)/gnu arm embedded toolchain/10 2020-q4-major/bin/../lib/gcc/arm-none-eabi/10.2.1/thumb/v7e-m+fp/hard/crtbegin.o
__dso_handle                                      c:/program files (x86)/gnu arm embedded toolchain/10 2020-q4-major/bin/../lib/gcc/arm-none-eabi/10.2.1/thumb/v7e-m+fp/hard/crtbegin.o
__init_array_end                                  c:/program files (x86)/gnu arm embedded toolchain/10 2020-q4-major/bin/../lib/gcc/arm-none-eabi/10.2.1/../../../../arm-none-eabi/lib/thumb/v7e-m+fp/hard\libc_nano.a(lib_a-init.o)
__init_array_start                                c:/program files (x86)/gnu arm embedded toolchain/10 2020-q4-major/bin/../lib/gcc/arm-none-eabi/10.2.1/../../../../arm-none-eabi/lib/thumb/v7e-m+fp/hard\libc_nano.a(lib_a-init.o)
__libc_fini_array                                 c:/program files (x86)/gnu arm embedded toolchain/10 2020-q4-major/bin/../lib/gcc/arm-none-eabi/10.2.1/../../../../arm-none-eabi/lib/thumb/v7e-m+fp/hard/crt0.o
__libc_init_array                                 c:/program files (x86)/gnu arm embedded toolchain/10 2020-q4-major/bin/../lib/gcc/arm-none-eabi/10.2.1/../../../../arm-none-eabi/lib/thumb/v7e-m+fp/hard\libc_nano.a(lib_a-init.o)
                                                  build/startup_stm32f746xx.o
                                                  c:/program files (x86)/gnu arm embedded toolchain/10 2020-q4-major/bin/../lib/gcc/arm-none-eabi/10.2.1/../../../../arm-none-eabi/lib/thumb/v7e-m+fp/hard/crt0.o
__preinit_array_end                               c:/program files (x86)/gnu arm embedded toolchain/10 2020-q4-major/bin/../lib/gcc/arm-none-eabi/10.2.1/../../../../arm-none-eabi/lib/thumb/v7e-m+fp/hard\libc_nano.a(lib_a-init.o)
__preinit_array_start                             c:/program files (x86)/gnu arm embedded toolchain/10 2020-q4-major/bin/../lib/gcc/arm-none-eabi/10.2.1/../../../../arm-none-eabi/lib/thumb/v7e-m+fp/hard\libc_nano.a(lib_a-init.o)
__register_frame_info                             c:/program files (x86)/gnu arm embedded toolchain/10 2020-q4-major/bin/../lib/gcc/arm-none-eabi/10.2.1/thumb/v7e-m+fp/hard/crtbegin.o
__sf_fake_stderr                                  c:/program files (x86)/gnu arm embedded toolchain/10 2020-q4-major/bin/../lib/gcc/arm-none-eabi/10.2.1/../../../../arm-none-eabi/lib/thumb/v7e-m+fp/hard\libc_nano.a(lib_a-impure.o)
__sf_fake_stdin                                   c:/program files (x86)/gnu arm embedded toolchain/10 2020-q4-major/bin/../lib/gcc/arm-none-eabi/10.2.1/../../../../arm-none-eabi/lib/thumb/v7e-m+fp/hard\libc_nano.a(lib_a-impure.o)
__sf_fake_stdout                                  c:/program files (x86)/gnu arm embedded toolchain/10 2020-q4-major/bin/../lib/gcc/arm-none-eabi/10.2.1/../../../../arm-none-eabi/lib/thumb/v7e-m+fp/hard\libc_nano.a(lib_a-impure.o)
__stack                                           c:/program files (x86)/gnu arm embedded toolchain/10 2020-q4-major/bin/../lib/gcc/arm-none-eabi/10.2.1/../../../../arm-none-eabi/lib/thumb/v7e-m+fp/hard/crt0.o
__udivmoddi4                                      c:/program files (x86)/gnu arm embedded toolchain/10 2020-q4-major/bin/../lib/gcc/arm-none-eabi/10.2.1/thumb/v7e-m+fp/hard\libgcc.a(_udivmoddi4.o)
                                                  c:/program files (x86)/gnu arm embedded toolchain/10 2020-q4-major/bin/../lib/gcc/arm-none-eabi/10.2.1/thumb/v7e-m+fp/hard\libgcc.a(_aeabi_uldivmod.o)
_ebss                                             build/startup_stm32f746xx.o
_edata                                            build/startup_stm32f746xx.o
_estack                                           build/startup_stm32f746xx.o
_exit                                             c:/program files (x86)/gnu arm embedded toolchain/10 2020-q4-major/bin/../lib/gcc/arm-none-eabi/10.2.1/../../../../arm-none-eabi/lib/thumb/v7e-m+fp/hard\libnosys.a(_exit.o)
                                                  c:/program files (x86)/gnu arm embedded toolchain/10 2020-q4-major/bin/../lib/gcc/arm-none-eabi/10.2.1/../../../../arm-none-eabi/lib/thumb/v7e-m+fp/hard\libc_nano.a(lib_a-exit.o)
_fini                                             c:/program files (x86)/gnu arm embedded toolchain/10 2020-q4-major/bin/../lib/gcc/arm-none-eabi/10.2.1/thumb/v7e-m+fp/hard/crti.o
_global_impure_ptr                                c:/program files (x86)/gnu arm embedded toolchain/10 2020-q4-major/bin/../lib/gcc/arm-none-eabi/10.2.1/../../../../arm-none-eabi/lib/thumb/v7e-m+fp/hard\libc_nano.a(lib_a-impure.o)
                                                  c:/program files (x86)/gnu arm embedded toolchain/10 2020-q4-major/bin/../lib/gcc/arm-none-eabi/10.2.1/../../../../arm-none-eabi/lib/thumb/v7e-m+fp/hard\libc_nano.a(lib_a-exit.o)
_impure_ptr                                       c:/program files (x86)/gnu arm embedded toolchain/10 2020-q4-major/bin/../lib/gcc/arm-none-eabi/10.2.1/../../../../arm-none-eabi/lib/thumb/v7e-m+fp/hard\libc_nano.a(lib_a-impure.o)
_init                                             c:/program files (x86)/gnu arm embedded toolchain/10 2020-q4-major/bin/../lib/gcc/arm-none-eabi/10.2.1/thumb/v7e-m+fp/hard/crti.o
                                                  c:/program files (x86)/gnu arm embedded toolchain/10 2020-q4-major/bin/../lib/gcc/arm-none-eabi/10.2.1/../../../../arm-none-eabi/lib/thumb/v7e-m+fp/hard\libc_nano.a(lib_a-init.o)
_mainCRTStartup                                   c:/program files (x86)/gnu arm embedded toolchain/10 2020-q4-major/bin/../lib/gcc/arm-none-eabi/10.2.1/../../../../arm-none-eabi/lib/thumb/v7e-m+fp/hard/crt0.o
_sbss                                             build/startup_stm32f746xx.o
_sdata                                            build/startup_stm32f746xx.o
_sidata                                           build/startup_stm32f746xx.o
_stack_init                                       c:/program files (x86)/gnu arm embedded toolchain/10 2020-q4-major/bin/../lib/gcc/arm-none-eabi/10.2.1/../../../../arm-none-eabi/lib/thumb/v7e-m+fp/hard/crt0.o
_start                                            c:/program files (x86)/gnu arm embedded toolchain/10 2020-q4-major/bin/../lib/gcc/arm-none-eabi/10.2.1/../../../../arm-none-eabi/lib/thumb/v7e-m+fp/hard/crt0.o
atexit                                            c:/program files (x86)/gnu arm embedded toolchain/10 2020-q4-major/bin/../lib/gcc/arm-none-eabi/10.2.1/../../../../arm-none-eabi/lib/thumb/v7e-m+fp/hard/crt0.o
exit                                              c:/program files (x86)/gnu arm embedded toolchain/10 2020-q4-major/bin/../lib/gcc/arm-none-eabi/10.2.1/../../../../arm-none-eabi/lib/thumb/v7e-m+fp/hard\libc_nano.a(lib_a-exit.o)
                                                  c:/program files (x86)/gnu arm embedded toolchain/10 2020-q4-major/bin/../lib/gcc/arm-none-eabi/10.2.1/../../../../arm-none-eabi/lib/thumb/v7e-m+fp/hard/crt0.o
g_pfnVectors                                      build/startup_stm32f746xx.o
hardware_init_hook                                c:/program files (x86)/gnu arm embedded toolchain/10 2020-q4-major/bin/../lib/gcc/arm-none-eabi/10.2.1/../../../../arm-none-eabi/lib/thumb/v7e-m+fp/hard/crt0.o
huart2                                            build/main.o
main                                              build/main.o
                                                  build/startup_stm32f746xx.o
                                                  c:/program files (x86)/gnu arm embedded toolchain/10 2020-q4-major/bin/../lib/gcc/arm-none-eabi/10.2.1/../../../../arm-none-eabi/lib/thumb/v7e-m+fp/hard/crt0.o
memset                                            c:/program files (x86)/gnu arm embedded toolchain/10 2020-q4-major/bin/../lib/gcc/arm-none-eabi/10.2.1/../../../../arm-none-eabi/lib/thumb/v7e-m+fp/hard\libc_nano.a(lib_a-memset.o)
                                                  build/main.o
                                                  c:/program files (x86)/gnu arm embedded toolchain/10 2020-q4-major/bin/../lib/gcc/arm-none-eabi/10.2.1/../../../../arm-none-eabi/lib/thumb/v7e-m+fp/hard/crt0.o
pFlash                                            build/stm32f7xx_hal_flash.o
                                                  build/stm32f7xx_hal_flash_ex.o
software_init_hook                                c:/program files (x86)/gnu arm embedded toolchain/10 2020-q4-major/bin/../lib/gcc/arm-none-eabi/10.2.1/../../../../arm-none-eabi/lib/thumb/v7e-m+fp/hard/crt0.o
uwTick                                            build/stm32f7xx_hal.o
uwTickFreq                                        build/stm32f7xx_hal.o
uwTickPrio                                        build/stm32f7xx_hal.o
                                                  build/stm32f7xx_hal_rcc.o
