Archive member included to satisfy reference by file (symbol)

c:/program files (x86)/gnu arm embedded toolchain/10 2020-q4-major/bin/../lib/gcc/arm-none-eabi/10.2.1/../../../../arm-none-eabi/lib/thumb/v7e-m+fp/hard\libc_nano.a(lib_a-calloc.o)
                              build/filter.o (calloc)
c:/program files (x86)/gnu arm embedded toolchain/10 2020-q4-major/bin/../lib/gcc/arm-none-eabi/10.2.1/../../../../arm-none-eabi/lib/thumb/v7e-m+fp/hard\libc_nano.a(lib_a-exit.o)
                              c:/program files (x86)/gnu arm embedded toolchain/10 2020-q4-major/bin/../lib/gcc/arm-none-eabi/10.2.1/../../../../arm-none-eabi/lib/thumb/v7e-m+fp/hard/crt0.o (exit)
c:/program files (x86)/gnu arm embedded toolchain/10 2020-q4-major/bin/../lib/gcc/arm-none-eabi/10.2.1/../../../../arm-none-eabi/lib/thumb/v7e-m+fp/hard\libc_nano.a(lib_a-impure.o)
                              c:/program files (x86)/gnu arm embedded toolchain/10 2020-q4-major/bin/../lib/gcc/arm-none-eabi/10.2.1/../../../../arm-none-eabi/lib/thumb/v7e-m+fp/hard\libc_nano.a(lib_a-exit.o) (_global_impure_ptr)
c:/program files (x86)/gnu arm embedded toolchain/10 2020-q4-major/bin/../lib/gcc/arm-none-eabi/10.2.1/../../../../arm-none-eabi/lib/thumb/v7e-m+fp/hard\libc_nano.a(lib_a-init.o)
                              c:/program files (x86)/gnu arm embedded toolchain/10 2020-q4-major/bin/../lib/gcc/arm-none-eabi/10.2.1/../../../../arm-none-eabi/lib/thumb/v7e-m+fp/hard/crt0.o (__libc_init_array)
c:/program files (x86)/gnu arm embedded toolchain/10 2020-q4-major/bin/../lib/gcc/arm-none-eabi/10.2.1/../../../../arm-none-eabi/lib/thumb/v7e-m+fp/hard\libc_nano.a(lib_a-malloc.o)
                              build/matlib.o (free)
c:/program files (x86)/gnu arm embedded toolchain/10 2020-q4-major/bin/../lib/gcc/arm-none-eabi/10.2.1/../../../../arm-none-eabi/lib/thumb/v7e-m+fp/hard\libc_nano.a(lib_a-memset.o)
                              c:/program files (x86)/gnu arm embedded toolchain/10 2020-q4-major/bin/../lib/gcc/arm-none-eabi/10.2.1/../../../../arm-none-eabi/lib/thumb/v7e-m+fp/hard/crt0.o (memset)
c:/program files (x86)/gnu arm embedded toolchain/10 2020-q4-major/bin/../lib/gcc/arm-none-eabi/10.2.1/../../../../arm-none-eabi/lib/thumb/v7e-m+fp/hard\libc_nano.a(lib_a-nano-callocr.o)
                              c:/program files (x86)/gnu arm embedded toolchain/10 2020-q4-major/bin/../lib/gcc/arm-none-eabi/10.2.1/../../../../arm-none-eabi/lib/thumb/v7e-m+fp/hard\libc_nano.a(lib_a-calloc.o) (_calloc_r)
c:/program files (x86)/gnu arm embedded toolchain/10 2020-q4-major/bin/../lib/gcc/arm-none-eabi/10.2.1/../../../../arm-none-eabi/lib/thumb/v7e-m+fp/hard\libc_nano.a(lib_a-nano-freer.o)
                              c:/program files (x86)/gnu arm embedded toolchain/10 2020-q4-major/bin/../lib/gcc/arm-none-eabi/10.2.1/../../../../arm-none-eabi/lib/thumb/v7e-m+fp/hard\libc_nano.a(lib_a-malloc.o) (_free_r)
c:/program files (x86)/gnu arm embedded toolchain/10 2020-q4-major/bin/../lib/gcc/arm-none-eabi/10.2.1/../../../../arm-none-eabi/lib/thumb/v7e-m+fp/hard\libc_nano.a(lib_a-nano-mallocr.o)
                              c:/program files (x86)/gnu arm embedded toolchain/10 2020-q4-major/bin/../lib/gcc/arm-none-eabi/10.2.1/../../../../arm-none-eabi/lib/thumb/v7e-m+fp/hard\libc_nano.a(lib_a-malloc.o) (_malloc_r)
c:/program files (x86)/gnu arm embedded toolchain/10 2020-q4-major/bin/../lib/gcc/arm-none-eabi/10.2.1/../../../../arm-none-eabi/lib/thumb/v7e-m+fp/hard\libc_nano.a(lib_a-nano-vfprintf_float.o)
                              (_printf_float)
c:/program files (x86)/gnu arm embedded toolchain/10 2020-q4-major/bin/../lib/gcc/arm-none-eabi/10.2.1/../../../../arm-none-eabi/lib/thumb/v7e-m+fp/hard\libc_nano.a(lib_a-nano-vfprintf_i.o)
                              c:/program files (x86)/gnu arm embedded toolchain/10 2020-q4-major/bin/../lib/gcc/arm-none-eabi/10.2.1/../../../../arm-none-eabi/lib/thumb/v7e-m+fp/hard\libc_nano.a(lib_a-nano-vfprintf_float.o) (_printf_common)
c:/program files (x86)/gnu arm embedded toolchain/10 2020-q4-major/bin/../lib/gcc/arm-none-eabi/10.2.1/../../../../arm-none-eabi/lib/thumb/v7e-m+fp/hard\libc_nano.a(lib_a-sbrkr.o)
                              c:/program files (x86)/gnu arm embedded toolchain/10 2020-q4-major/bin/../lib/gcc/arm-none-eabi/10.2.1/../../../../arm-none-eabi/lib/thumb/v7e-m+fp/hard\libc_nano.a(lib_a-nano-mallocr.o) (_sbrk_r)
c:/program files (x86)/gnu arm embedded toolchain/10 2020-q4-major/bin/../lib/gcc/arm-none-eabi/10.2.1/../../../../arm-none-eabi/lib/thumb/v7e-m+fp/hard\libc_nano.a(lib_a-sprintf.o)
                              build/debugTasks.o (sprintf)
c:/program files (x86)/gnu arm embedded toolchain/10 2020-q4-major/bin/../lib/gcc/arm-none-eabi/10.2.1/../../../../arm-none-eabi/lib/thumb/v7e-m+fp/hard\libc_nano.a(lib_a-strlen.o)
                              build/debugTasks.o (strlen)
[...]
Memory Configuration

Name             Origin             Length             Attributes
RAM              0x20000000         0x00050000         xrw
FLASH            0x08000000         0x00100000         xr
*default*        0x00000000         0xffffffff

Linker script and memory map

LOAD c:/program files (x86)/gnu arm embedded toolchain/10 2020-q4-major/bin/../lib/gcc/arm-none-eabi/10.2.1/thumb/v7e-m+fp/hard/crti.o
LOAD c:/program files (x86)/gnu arm embedded toolchain/10 2020-q4-major/bin/../lib/gcc/arm-none-eabi/10.2.1/thumb/v7e-m+fp/hard/crtbegin.o
LOAD c:/program files (x86)/gnu arm embedded toolchain/10 2020-q4-major/bin/../lib/gcc/arm-none-eabi/10.2.1/../../../../arm-none-eabi/lib/thumb/v7e-m+fp/hard/crt0.o
LOAD build/control.o
LOAD build/debugTasks.o
LOAD build/filter.o
LOAD build/mahony.o
LOAD build/utils.o
LOAD build/task.o
LOAD build/controlTasks.o
LOAD build/pwm.o
LOAD build/kalman.o
LOAD build/matlib.o
LOAD build/sensorsTasks.o
LOAD build/MPU9250.o
LOAD build/principal_test.o
LOAD build/pwm_test.o
LOAD build/drogui.o
LOAD build/mpu9250_test.o
LOAD build/fft_test.o
LOAD build/freeRtosTest.o
LOAD build/main.o
LOAD build/stm32f7xx_it.o
LOAD build/stm32f7xx_hal_msp.o
LOAD build/stm32f7xx_hal_cortex.o
LOAD build/stm32f7xx_hal_tim.o
LOAD build/stm32f7xx_hal_tim_ex.o
LOAD build/stm32f7xx_hal_rcc.o
LOAD build/stm32f7xx_hal_rcc_ex.o
LOAD build/stm32f7xx_hal_flash.o
LOAD build/stm32f7xx_hal_flash_ex.o
LOAD build/stm32f7xx_hal_gpio.o
LOAD build/stm32f7xx_hal_dma.o
LOAD build/stm32f7xx_hal_dma_ex.o
LOAD build/stm32f7xx_hal_pwr.o
LOAD build/stm32f7xx_hal_pwr_ex.o
LOAD build/stm32f7xx_hal.o
LOAD build/stm32f7xx_hal_i2c.o
LOAD build/stm32f7xx_hal_i2c_ex.o
LOAD build/stm32f7xx_hal_exti.o
LOAD build/stm32f7xx_hal_usart.o
LOAD build/system_stm32f7xx.o
LOAD build/stm32f7xx_hal_uart.o
LOAD build/stm32f7xx_hal_uart_ex.o
LOAD build/gpio.o
LOAD build/i2c.o
LOAD build/usart.o
LOAD build/tim.o
LOAD build/startup_stm32f746xx.o
LOAD c:/program files (x86)/gnu arm embedded toolchain/10 2020-q4-major/bin/../lib/gcc/arm-none-eabi/10.2.1/../../../../arm-none-eabi/lib/thumb/v7e-m+fp/hard\libc_nano.a
LOAD c:/program files (x86)/gnu arm embedded toolchain/10 2020-q4-major/bin/../lib/gcc/arm-none-eabi/10.2.1/../../../../arm-none-eabi/lib/thumb/v7e-m+fp/hard\libm.a
LOAD c:/program files (x86)/gnu arm embedded toolchain/10 2020-q4-major/bin/../lib/gcc/arm-none-eabi/10.2.1/../../../../arm-none-eabi/lib/thumb/v7e-m+fp/hard\libnosys.a
LOAD Drivers/CMSIS/Lib/GCC\libarm_cortexM7lfdp_math.a
START GROUP
LOAD c:/program files (x86)/gnu arm embedded toolchain/10 2020-q4-major/bin/../lib/gcc/arm-none-eabi/10.2.1/thumb/v7e-m+fp/hard\libgcc.a
LOAD c:/program files (x86)/gnu arm embedded toolchain/10 2020-q4-major/bin/../lib/gcc/arm-none-eabi/10.2.1/../../../../arm-none-eabi/lib/thumb/v7e-m+fp/hard\libc_nano.a
END GROUP
START GROUP
LOAD c:/program files (x86)/gnu arm embedded toolchain/10 2020-q4-major/bin/../lib/gcc/arm-none-eabi/10.2.1/thumb/v7e-m+fp/hard\libgcc.a
LOAD c:/program files (x86)/gnu arm embedded toolchain/10 2020-q4-major/bin/../lib/gcc/arm-none-eabi/10.2.1/../../../../arm-none-eabi/lib/thumb/v7e-m+fp/hard\libc_nano.a
END GROUP
LOAD c:/program files (x86)/gnu arm embedded toolchain/10 2020-q4-major/bin/../lib/gcc/arm-none-eabi/10.2.1/thumb/v7e-m+fp/hard/crtend.o
LOAD c:/program files (x86)/gnu arm embedded toolchain/10 2020-q4-major/bin/../lib/gcc/arm-none-eabi/10.2.1/thumb/v7e-m+fp/hard/crtn.o
                0x20050000                _estack = 0x20050000
                0x00000200                _Min_Heap_Size = 0x200
                0x00000400                _Min_Stack_Size = 0x400

.isr_vector     0x08000000      0x1c8
                0x08000000                . = ALIGN (0x4)
 *(.isr_vector)
 .isr_vector    0x08000000      0x1c8 build/startup_stm32f746xx.o
                0x08000000                g_pfnVectors
                0x080001c8                . = ALIGN (0x4)

.text           0x080001d0     0xae28
                0x080001d0                . = ALIGN (0x4)
 *(.text)
 .text          0x080001d0       0x40 c:/program files (x86)/gnu arm embedded toolchain/10 2020-q4-major/bin/../lib/gcc/arm-none-eabi/10.2.1/thumb/v7e-m+fp/hard/crtbegin.o
 .text          0x08000210       0x10 c:/program files (x86)/gnu arm embedded toolchain/10 2020-q4-major/bin/../lib/gcc/arm-none-eabi/10.2.1/../../../../arm-none-eabi/lib/thumb/v7e-m+fp/hard\libc_nano.a(lib_a-strlen.o)
                0x08000210                strlen
 .text          0x08000220       0xa0 c:/program files (x86)/gnu arm embedded toolchain/10 2020-q4-major/bin/../lib/gcc/arm-none-eabi/10.2.1/../../../../arm-none-eabi/lib/thumb/v7e-m+fp/hard\libc_nano.a(lib_a-memchr.o)
                0x08000220                memchr
 .text          0x080002c0       0xc0 Drivers/CMSIS/Lib/GCC\libarm_cortexM7lfdp_math.a(arm_bitreversal2.o)
                0x080002c0                arm_bitreversal_32
                0x0800032a                arm_bitreversal_16
 .text          0x08000380      0x378 c:/program files (x86)/gnu arm embedded toolchain/10 2020-q4-major/bin/../lib/gcc/arm-none-eabi/10.2.1/thumb/v7e-m+fp/hard\libgcc.a(_arm_addsubdf3.o)
                0x08000380                __aeabi_drsub
                0x08000388                __aeabi_dsub
                0x08000388                __subdf3
                0x0800038c                __aeabi_dadd
                0x0800038c                __adddf3
                0x08000604                __floatunsidf
                0x08000604                __aeabi_ui2d
                0x08000624                __floatsidf
                0x08000624                __aeabi_i2d
                0x08000648                __aeabi_f2d
                0x08000648                __extendsfdf2
                0x0800068c                __floatundidf
                0x0800068c                __aeabi_ul2d
                0x0800069c                __floatdidf
                0x0800069c                __aeabi_l2d
 .text          0x080006f8      0x424 c:/program files (x86)/gnu arm embedded toolchain/10 2020-q4-major/bin/../lib/gcc/arm-none-eabi/10.2.1/thumb/v7e-m+fp/hard\libgcc.a(_arm_muldivdf3.o)
                0x080006f8                __aeabi_dmul
                0x080006f8                __muldf3
                0x0800094c                __divdf3
                0x0800094c                __aeabi_ddiv
 .text          0x08000b1c      0x110 c:/program files (x86)/gnu arm embedded toolchain/10 2020-q4-major/bin/../lib/gcc/arm-none-eabi/10.2.1/thumb/v7e-m+fp/hard\libgcc.a(_arm_cmpdf2.o)
                0x08000b1c                __gtdf2
                0x08000b1c                __gedf2
                0x08000b24                __ltdf2
                0x08000b24                __ledf2
                0x08000b2c                __nedf2
                0x08000b2c                __eqdf2
                0x08000b2c                __cmpdf2
                0x08000ba8                __aeabi_cdrcmple
                0x08000bb8                __aeabi_cdcmpeq
                0x08000bb8                __aeabi_cdcmple
                0x08000bc8                __aeabi_dcmpeq
                0x08000bdc                __aeabi_dcmplt
                0x08000bf0                __aeabi_dcmple
                0x08000c04                __aeabi_dcmpge
                0x08000c18                __aeabi_dcmpgt
 .text          0x08000c2c       0x2c c:/program files (x86)/gnu arm embedded toolchain/10 2020-q4-major/bin/../lib/gcc/arm-none-eabi/10.2.1/thumb/v7e-m+fp/hard\libgcc.a(_arm_unorddf2.o)
                0x08000c2c                __unorddf2
                0x08000c2c                __aeabi_dcmpun
 .text          0x08000c58       0x50 c:/program files (x86)/gnu arm embedded toolchain/10 2020-q4-major/bin/../lib/gcc/arm-none-eabi/10.2.1/thumb/v7e-m+fp/hard\libgcc.a(_arm_fixdfsi.o)
                0x08000c58                __aeabi_d2iz
                0x08000c58                __fixdfsi
 .text          0x08000ca8       0xa0 c:/program files (x86)/gnu arm embedded toolchain/10 2020-q4-major/bin/../lib/gcc/arm-none-eabi/10.2.1/thumb/v7e-m+fp/hard\libgcc.a(_arm_truncdfsf2.o)
                0x08000ca8                __truncdfsf2
                0x08000ca8                __aeabi_d2f
 .text          0x08000d48       0x30 c:/program files (x86)/gnu arm embedded toolchain/10 2020-q4-major/bin/../lib/gcc/arm-none-eabi/10.2.1/thumb/v7e-m+fp/hard\libgcc.a(_aeabi_uldivmod.o)
                0x08000d48                __aeabi_uldivmod
 .text          0x08000d78      0x2d0 c:/program files (x86)/gnu arm embedded toolchain/10 2020-q4-major/bin/../lib/gcc/arm-none-eabi/10.2.1/thumb/v7e-m+fp/hard\libgcc.a(_udivmoddi4.o)
                0x08000d78                __udivmoddi4
 .text          0x08001048        0x4 c:/program files (x86)/gnu arm embedded toolchain/10 2020-q4-major/bin/../lib/gcc/arm-none-eabi/10.2.1/thumb/v7e-m+fp/hard\libgcc.a(_dvmd_tls.o)
                0x08001048                __aeabi_idiv0
                0x08001048                __aeabi_ldiv0
 *(.text*)
 .text.blinkTask
                0x0800104c       0x10 build/debugTasks.o
                0x0800104c                blinkTask
 .text.debugTask
                0x0800105c       0x54 build/debugTasks.o
                0x0800105c                debugTask
 .text.initDebug
                0x080010b0       0x28 build/debugTasks.o
                0x080010b0                initDebug
 .text.initFilter
                0x080010d8       0x2c build/filter.o
                0x080010d8                initFilter
 .text.computeFilter
                0x08001104       0x1c build/filter.o
                0x08001104                computeFilter
 .text.initDNotchFilter
                0x08001120       0x5c build/filter.o
                0x08001120                initDNotchFilter
 *fill*         0x0800117c        0x4 
 .text.updateCoeffNotch
                0x08001180      0x130 build/filter.o
                0x08001180                updateCoeffNotch
 .text.computeDNotch
                0x080012b0      0x188 build/filter.o
                0x080012b0                computeDNotch
 .text.invSqrt  0x08001438       0x30 build/mahony.o
                0x08001438                invSqrt
 .text.mahonyUpdateIMU
                0x08001468      0x2f8 build/mahony.o
                0x08001468                mahonyUpdateIMU
 .text.mahonyUpdate
                0x08001760      0x4d0 build/mahony.o
                0x08001760                mahonyUpdate
 .text.getMahonyEuler
                0x08001c30      0x184 build/mahony.o
                0x08001c30                getMahonyEuler
 .text.floattobytes
                0x08001db4        0x8 build/utils.o
                0x08001db4                floattobytes
 .text.setReg   0x08001dbc       0x30 build/utils.o
                0x08001dbc                setReg
 .text.executeTask
                0x08001dec       0x14 build/task.o
                0x08001dec                executeTask
 .text.isTaskReady
                0x08001e00       0x1c build/task.o
                0x08001e00                isTaskReady
 .text.addTask  0x08001e1c       0x30 build/task.o
                0x08001e1c                addTask
 .text.initRTOS
                0x08001e4c       0x98 build/task.o
                0x08001e4c                initRTOS
 .text.matInit  0x08001ee4       0x3e build/matlib.o
                0x08001ee4                matInit
 .text.setMatVal
                0x08001f22       0x10 build/matlib.o
                0x08001f22                setMatVal
 .text.getMatVal
                0x08001f32       0x10 build/matlib.o
                0x08001f32                getMatVal
 .text.matDestruct
                0x08001f42       0x12 build/matlib.o
                0x08001f42                matDestruct
 .text.gaussElimination3x3
                0x08001f54       0xca build/matlib.o
                0x08001f54                gaussElimination3x3
 *fill*         0x0800201e        0x2 
 .text.accelTask
                0x08002020       0x50 build/sensorsTasks.o
                0x08002020                accelTask
 .text.gyroTask
                0x08002070       0xa0 build/sensorsTasks.o
                0x08002070                gyroTask
 .text.magTask  0x08002110       0x30 build/sensorsTasks.o
                0x08002110                magTask
 .text.rpyTask  0x08002140      0x204 build/sensorsTasks.o
                0x08002140                rpyTask
 .text.initSensorsTasks
                0x08002344      0x268 build/sensorsTasks.o
                0x08002344                initSensorsTasks
 .text.I2Cread  0x080025ac       0x48 build/MPU9250.o
                0x080025ac                I2Cread
 .text.I2CwriteByte
                0x080025f4       0x3c build/MPU9250.o
                0x080025f4                I2CwriteByte
 .text.initMpu  0x08002630       0x56 build/MPU9250.o
                0x08002630                initMpu
 *fill*         0x08002686        0x2 
 .text.readRawAcc
                0x08002688       0x80 build/MPU9250.o
                0x08002688                readRawAcc
 .text.readRawGyro
                0x08002708       0x80 build/MPU9250.o
                0x08002708                readRawGyro
 .text.readAcc  0x08002788       0xac build/MPU9250.o
                0x08002788                readAcc
 .text.readGyro
                0x08002834       0x98 build/MPU9250.o
                0x08002834                readGyro
 .text.readMag  0x080028cc       0xb4 build/MPU9250.o
                0x080028cc                readMag
 .text.quiet    0x08002980      0x1d4 build/MPU9250.o
                0x08002980                quiet
 .text.calibrateGyro
                0x08002b54       0x40 build/MPU9250.o
                0x08002b54                calibrateGyro
 .text.dis3d    0x08002b94       0x40 build/MPU9250.o
                0x08002b94                dis3d
 *fill*         0x08002bd4        0x4 
 .text.calibrateAccel
                0x08002bd8      0x3c4 build/MPU9250.o
                0x08002bd8                calibrateAccel
 .text._main    0x08002f9c       0x58 build/drogui.o
                0x08002f9c                _main
 .text.Error_Handler
                0x08002ff4        0x4 build/main.o
                0x08002ff4                Error_Handler
 .text.SystemClock_Config
                0x08002ff8       0xcc build/main.o
                0x08002ff8                SystemClock_Config
 .text.main     0x080030c4       0xb0 build/main.o
                0x080030c4                main
 .text.NMI_Handler
                0x08003174        0x2 build/stm32f7xx_it.o
                0x08003174                NMI_Handler
 .text.HardFault_Handler
                0x08003176        0x2 build/stm32f7xx_it.o
                0x08003176                HardFault_Handler
 .text.MemManage_Handler
                0x08003178        0x2 build/stm32f7xx_it.o
                0x08003178                MemManage_Handler
 .text.BusFault_Handler
                0x0800317a        0x2 build/stm32f7xx_it.o
                0x0800317a                BusFault_Handler
 .text.UsageFault_Handler
                0x0800317c        0x2 build/stm32f7xx_it.o
                0x0800317c                UsageFault_Handler
 .text.SVC_Handler
                0x0800317e        0x2 build/stm32f7xx_it.o
                0x0800317e                SVC_Handler
 .text.DebugMon_Handler
                0x08003180        0x2 build/stm32f7xx_it.o
                0x08003180                DebugMon_Handler
 .text.PendSV_Handler
                0x08003182        0x2 build/stm32f7xx_it.o
                0x08003182                PendSV_Handler
 .text.SysTick_Handler
                0x08003184        0x8 build/stm32f7xx_it.o
                0x08003184                SysTick_Handler
 .text.I2C4_EV_IRQHandler
                0x0800318c       0xcc build/stm32f7xx_it.o
                0x0800318c                I2C4_EV_IRQHandler
 .text.HAL_MspInit
                0x08003258       0x30 build/stm32f7xx_hal_msp.o
                0x08003258                HAL_MspInit
 .text.HAL_NVIC_SetPriorityGrouping
                0x08003288       0x24 build/stm32f7xx_hal_cortex.o
                0x08003288                HAL_NVIC_SetPriorityGrouping
 .text.HAL_NVIC_SetPriority
                0x080032ac       0x6c build/stm32f7xx_hal_cortex.o
                0x080032ac                HAL_NVIC_SetPriority
 .text.HAL_NVIC_EnableIRQ
                0x08003318       0x1c build/stm32f7xx_hal_cortex.o
                0x08003318                HAL_NVIC_EnableIRQ
 .text.HAL_SYSTICK_Config
                0x08003334       0x28 build/stm32f7xx_hal_cortex.o
                0x08003334                HAL_SYSTICK_Config
 .text.TIM_OC1_SetConfig
                0x0800335c       0x68 build/stm32f7xx_hal_tim.o
 .text.TIM_OC3_SetConfig
                0x080033c4       0x70 build/stm32f7xx_hal_tim.o
 .text.TIM_OC4_SetConfig
                0x08003434       0x54 build/stm32f7xx_hal_tim.o
 .text.TIM_OC5_SetConfig
                0x08003488       0x54 build/stm32f7xx_hal_tim.o
 .text.TIM_OC6_SetConfig
                0x080034dc       0x54 build/stm32f7xx_hal_tim.o
 .text.TIM_TI1_ConfigInputStage
                0x08003530       0x26 build/stm32f7xx_hal_tim.o
 .text.TIM_TI2_ConfigInputStage
                0x08003556       0x28 build/stm32f7xx_hal_tim.o
 .text.TIM_ITRx_SetConfig
                0x0800357e       0x10 build/stm32f7xx_hal_tim.o
 *fill*         0x0800358e        0x2 
 .text.HAL_TIM_Base_Start
                0x08003590       0x88 build/stm32f7xx_hal_tim.o
                0x08003590                HAL_TIM_Base_Start
 .text.HAL_TIM_PWM_MspInit
                0x08003618        0x2 build/stm32f7xx_hal_tim.o
                0x08003618                HAL_TIM_PWM_MspInit
 *fill*         0x0800361a        0x2 
 .text.TIM_Base_SetConfig
                0x0800361c      0x110 build/stm32f7xx_hal_tim.o
                0x0800361c                TIM_Base_SetConfig
 .text.HAL_TIM_Base_Init
                0x0800372c       0x60 build/stm32f7xx_hal_tim.o
                0x0800372c                HAL_TIM_Base_Init
 .text.HAL_TIM_PWM_Init
                0x0800378c       0x60 build/stm32f7xx_hal_tim.o
                0x0800378c                HAL_TIM_PWM_Init
 .text.TIM_OC2_SetConfig
                0x080037ec       0x70 build/stm32f7xx_hal_tim.o
                0x080037ec                TIM_OC2_SetConfig
 .text.HAL_TIM_PWM_ConfigChannel
                0x0800385c      0x128 build/stm32f7xx_hal_tim.o
                0x0800385c                HAL_TIM_PWM_ConfigChannel
 .text.TIM_ETR_SetConfig
                0x08003984       0x1a build/stm32f7xx_hal_tim.o
                0x08003984                TIM_ETR_SetConfig
 *fill*         0x0800399e        0x2 
 .text.HAL_TIM_ConfigClockSource
                0x080039a0       0xdc build/stm32f7xx_hal_tim.o
                0x080039a0                HAL_TIM_ConfigClockSource
 .text.HAL_TIMEx_MasterConfigSynchronization
                0x08003a7c       0xa0 build/stm32f7xx_hal_tim_ex.o
                0x08003a7c                HAL_TIMEx_MasterConfigSynchronization
 .text.HAL_RCC_OscConfig
                0x08003b1c      0x434 build/stm32f7xx_hal_rcc.o
                0x08003b1c                HAL_RCC_OscConfig
 .text.HAL_RCC_GetSysClockFreq
                0x08003f50       0xa4 build/stm32f7xx_hal_rcc.o
                0x08003f50                HAL_RCC_GetSysClockFreq
 .text.HAL_RCC_ClockConfig
                0x08003ff4      0x16c build/stm32f7xx_hal_rcc.o
                0x08003ff4                HAL_RCC_ClockConfig
 .text.HAL_RCC_GetHCLKFreq
                0x08004160        0xc build/stm32f7xx_hal_rcc.o
                0x08004160                HAL_RCC_GetHCLKFreq
 .text.HAL_RCC_GetPCLK1Freq
                0x0800416c       0x20 build/stm32f7xx_hal_rcc.o
                0x0800416c                HAL_RCC_GetPCLK1Freq
 .text.HAL_RCC_GetPCLK2Freq
                0x0800418c       0x20 build/stm32f7xx_hal_rcc.o
                0x0800418c                HAL_RCC_GetPCLK2Freq
 .text.HAL_RCCEx_PeriphCLKConfig
                0x080041ac      0x5ac build/stm32f7xx_hal_rcc_ex.o
                0x080041ac                HAL_RCCEx_PeriphCLKConfig
 .text.HAL_GPIO_Init
                0x08004758      0x1e4 build/stm32f7xx_hal_gpio.o
                0x08004758                HAL_GPIO_Init
 .text.HAL_GPIO_WritePin
                0x0800493c        0xc build/stm32f7xx_hal_gpio.o
                0x0800493c                HAL_GPIO_WritePin
 .text.HAL_GPIO_TogglePin
                0x08004948       0x12 build/stm32f7xx_hal_gpio.o
                0x08004948                HAL_GPIO_TogglePin
 *fill*         0x0800495a        0x2 
 .text.HAL_PWREx_EnableOverDrive
                0x0800495c       0x7c build/stm32f7xx_hal_pwr_ex.o
                0x0800495c                HAL_PWREx_EnableOverDrive
 .text.HAL_InitTick
                0x080049d8       0x4c build/stm32f7xx_hal.o
                0x080049d8                HAL_InitTick
 .text.HAL_Init
                0x08004a24       0x2c build/stm32f7xx_hal.o
                0x08004a24                HAL_Init
 .text.HAL_IncTick
                0x08004a50       0x18 build/stm32f7xx_hal.o
                0x08004a50                HAL_IncTick
 .text.HAL_GetTick
                0x08004a68        0xc build/stm32f7xx_hal.o
                0x08004a68                HAL_GetTick
 .text.HAL_Delay
                0x08004a74       0x28 build/stm32f7xx_hal.o
                0x08004a74                HAL_Delay
 .text.I2C_Flush_TXDR
                0x08004a9c       0x22 build/stm32f7xx_hal_i2c.o
 .text.I2C_TransferConfig
                0x08004abe       0x38 build/stm32f7xx_hal_i2c.o
 .text.I2C_IsAcknowledgeFailed
                0x08004af6       0x90 build/stm32f7xx_hal_i2c.o
 .text.I2C_WaitOnTXISFlagUntilTimeout
                0x08004b86       0x56 build/stm32f7xx_hal_i2c.o
 .text.I2C_WaitOnFlagUntilTimeout
                0x08004bdc       0x5a build/stm32f7xx_hal_i2c.o
 .text.I2C_WaitOnSTOPFlagUntilTimeout
                0x08004c36       0x50 build/stm32f7xx_hal_i2c.o
 .text.I2C_WaitOnRXNEFlagUntilTimeout
                0x08004c86       0x98 build/stm32f7xx_hal_i2c.o
 *fill*         0x08004d1e        0x2 
 .text.HAL_I2C_Init
                0x08004d20       0xbc build/stm32f7xx_hal_i2c.o
                0x08004d20                HAL_I2C_Init
 .text.HAL_I2C_Master_Transmit
                0x08004ddc      0x17c build/stm32f7xx_hal_i2c.o
                0x08004ddc                HAL_I2C_Master_Transmit
 .text.HAL_I2C_Master_Receive
                0x08004f58      0x17c build/stm32f7xx_hal_i2c.o
                0x08004f58                HAL_I2C_Master_Receive
 .text.HAL_I2CEx_ConfigAnalogFilter
                0x080050d4       0x5c build/stm32f7xx_hal_i2c_ex.o
                0x080050d4                HAL_I2CEx_ConfigAnalogFilter
 .text.HAL_I2CEx_ConfigDigitalFilter
                0x08005130       0x58 build/stm32f7xx_hal_i2c_ex.o
                0x08005130                HAL_I2CEx_ConfigDigitalFilter
 .text.SystemInit
                0x08005188       0x14 build/system_stm32f7xx.o
                0x08005188                SystemInit
 .text.UART_SetConfig
                0x0800519c      0x330 build/stm32f7xx_hal_uart.o
                0x0800519c                UART_SetConfig
 .text.UART_AdvFeatureConfig
                0x080054cc       0xca build/stm32f7xx_hal_uart.o
                0x080054cc                UART_AdvFeatureConfig
 .text.UART_WaitOnFlagUntilTimeout
                0x08005596       0xa8 build/stm32f7xx_hal_uart.o
                0x08005596                UART_WaitOnFlagUntilTimeout
 .text.HAL_UART_Transmit
                0x0800563e       0xd4 build/stm32f7xx_hal_uart.o
                0x0800563e                HAL_UART_Transmit
 .text.UART_CheckIdleState
                0x08005712       0x48 build/stm32f7xx_hal_uart.o
                0x08005712                UART_CheckIdleState
 .text.HAL_UART_Init
                0x0800575a       0x62 build/stm32f7xx_hal_uart.o
                0x0800575a                HAL_UART_Init
 .text.MX_GPIO_Init
                0x080057bc       0x88 build/gpio.o
                0x080057bc                MX_GPIO_Init
 .text.MX_I2C1_Init
                0x08005844       0x58 build/i2c.o
                0x08005844                MX_I2C1_Init
 .text.MX_I2C4_Init
                0x0800589c       0xc0 build/i2c.o
                0x0800589c                MX_I2C4_Init
 .text.HAL_I2C_MspInit
                0x0800595c       0xd0 build/i2c.o
                0x0800595c                HAL_I2C_MspInit
 .text.MX_USART2_UART_Init
                0x08005a2c       0x3c build/usart.o
                0x08005a2c                MX_USART2_UART_Init
 .text.HAL_UART_MspInit
                0x08005a68       0x68 build/usart.o
                0x08005a68                HAL_UART_MspInit
 .text.MX_TIM5_Init
                0x08005ad0       0x70 build/tim.o
                0x08005ad0                MX_TIM5_Init
 .text.HAL_TIM_Base_MspInit
                0x08005b40       0x6c build/tim.o
                0x08005b40                HAL_TIM_Base_MspInit
 .text.HAL_TIM_MspPostInit
                0x08005bac       0xb0 build/tim.o
                0x08005bac                HAL_TIM_MspPostInit
 .text.MX_TIM3_Init
                0x08005c5c       0xc0 build/tim.o
                0x08005c5c                MX_TIM3_Init
 .text.MX_TIM4_Init
                0x08005d1c       0xc4 build/tim.o
                0x08005d1c                MX_TIM4_Init
 .text.Reset_Handler
                0x08005de0       0x50 build/startup_stm32f746xx.o
                0x08005de0                Reset_Handler
 .text.Default_Handler
                0x08005e30        0x2 build/startup_stm32f746xx.o
                0x08005e30                RTC_Alarm_IRQHandler
                0x08005e30                EXTI2_IRQHandler
                0x08005e30                TIM8_CC_IRQHandler
                0x08005e30                UART8_IRQHandler
                0x08005e30                SPI4_IRQHandler
                0x08005e30                TIM1_CC_IRQHandler
                0x08005e30                DMA2_Stream5_IRQHandler
                0x08005e30                DMA1_Stream5_IRQHandler
                0x08005e30                PVD_IRQHandler
                0x08005e30                TAMP_STAMP_IRQHandler
                0x08005e30                CAN2_RX1_IRQHandler
                0x08005e30                EXTI3_IRQHandler
                0x08005e30                TIM8_TRG_COM_TIM14_IRQHandler
                0x08005e30                TIM1_UP_TIM10_IRQHandler
                0x08005e30                TIM8_UP_TIM13_IRQHandler
                0x08005e30                I2C3_ER_IRQHandler
                0x08005e30                EXTI0_IRQHandler
                0x08005e30                I2C2_EV_IRQHandler
                0x08005e30                DMA1_Stream2_IRQHandler
                0x08005e30                CAN1_RX0_IRQHandler
                0x08005e30                FPU_IRQHandler
                0x08005e30                OTG_HS_WKUP_IRQHandler
                0x08005e30                LTDC_ER_IRQHandler
                0x08005e30                CAN2_SCE_IRQHandler
                0x08005e30                DMA2_Stream2_IRQHandler
                0x08005e30                SPI1_IRQHandler
                0x08005e30                TIM6_DAC_IRQHandler
                0x08005e30                TIM1_BRK_TIM9_IRQHandler
                0x08005e30                DCMI_IRQHandler
                0x08005e30                CAN2_RX0_IRQHandler
                0x08005e30                DMA2_Stream3_IRQHandler
                0x08005e30                SAI2_IRQHandler
                0x08005e30                USART6_IRQHandler
                0x08005e30                USART3_IRQHandler
                0x08005e30                CAN1_RX1_IRQHandler
                0x08005e30                UART5_IRQHandler
                0x08005e30                DMA2_Stream0_IRQHandler
                0x08005e30                TIM4_IRQHandler
                0x08005e30                QUADSPI_IRQHandler
                0x08005e30                I2C1_EV_IRQHandler
                0x08005e30                DMA1_Stream6_IRQHandler
                0x08005e30                DMA1_Stream1_IRQHandler
                0x08005e30                UART4_IRQHandler
                0x08005e30                TIM3_IRQHandler
                0x08005e30                RCC_IRQHandler
                0x08005e30                TIM8_BRK_TIM12_IRQHandler
                0x08005e30                Default_Handler
                0x08005e30                CEC_IRQHandler
                0x08005e30                EXTI15_10_IRQHandler
                0x08005e30                ADC_IRQHandler
                0x08005e30                DMA1_Stream7_IRQHandler
                0x08005e30                SPI5_IRQHandler
                0x08005e30                TIM7_IRQHandler
                0x08005e30                SDMMC1_IRQHandler
                0x08005e30                CAN2_TX_IRQHandler
                0x08005e30                TIM5_IRQHandler
                0x08005e30                DMA2_Stream7_IRQHandler
                0x08005e30                I2C3_EV_IRQHandler
                0x08005e30                EXTI9_5_IRQHandler
                0x08005e30                RTC_WKUP_IRQHandler
                0x08005e30                LTDC_IRQHandler
                0x08005e30                ETH_WKUP_IRQHandler
                0x08005e30                SPDIF_RX_IRQHandler
                0x08005e30                SPI2_IRQHandler
                0x08005e30                OTG_HS_EP1_IN_IRQHandler
                0x08005e30                DMA1_Stream0_IRQHandler
                0x08005e30                CAN1_TX_IRQHandler
                0x08005e30                EXTI4_IRQHandler
                0x08005e30                RNG_IRQHandler
                0x08005e30                ETH_IRQHandler
                0x08005e30                OTG_HS_EP1_OUT_IRQHandler
                0x08005e30                WWDG_IRQHandler
                0x08005e30                SPI6_IRQHandler
                0x08005e30                TIM2_IRQHandler
                0x08005e30                OTG_FS_WKUP_IRQHandler
                0x08005e30                TIM1_TRG_COM_TIM11_IRQHandler
                0x08005e30                OTG_HS_IRQHandler
                0x08005e30                DMA2D_IRQHandler
                0x08005e30                EXTI1_IRQHandler
                0x08005e30                UART7_IRQHandler
                0x08005e30                USART2_IRQHandler
                0x08005e30                I2C2_ER_IRQHandler
                0x08005e30                DMA2_Stream1_IRQHandler
                0x08005e30                CAN1_SCE_IRQHandler
                0x08005e30                FLASH_IRQHandler
                0x08005e30                DMA2_Stream4_IRQHandler
                0x08005e30                USART1_IRQHandler
                0x08005e30                OTG_FS_IRQHandler
                0x08005e30                SPI3_IRQHandler
                0x08005e30                DMA1_Stream4_IRQHandler
                0x08005e30                I2C1_ER_IRQHandler
                0x08005e30                FMC_IRQHandler
                0x08005e30                LPTIM1_IRQHandler
                0x08005e30                I2C4_ER_IRQHandler
                0x08005e30                DMA2_Stream6_IRQHandler
                0x08005e30                SAI1_IRQHandler
                0x08005e30                DMA1_Stream3_IRQHandler
 *fill*         0x08005e32        0x2 
 .text.calloc   0x08005e34       0x10 c:/program files (x86)/gnu arm embedded toolchain/10 2020-q4-major/bin/../lib/gcc/arm-none-eabi/10.2.1/../../../../arm-none-eabi/lib/thumb/v7e-m+fp/hard\libc_nano.a(lib_a-calloc.o)
                0x08005e34                calloc
 .text.__libc_init_array
                0x08005e44       0x48 c:/program files (x86)/gnu arm embedded toolchain/10 2020-q4-major/bin/../lib/gcc/arm-none-eabi/10.2.1/../../../../arm-none-eabi/lib/thumb/v7e-m+fp/hard\libc_nano.a(lib_a-init.o)
                0x08005e44                __libc_init_array
 .text.malloc   0x08005e8c       0x10 c:/program files (x86)/gnu arm embedded toolchain/10 2020-q4-major/bin/../lib/gcc/arm-none-eabi/10.2.1/../../../../arm-none-eabi/lib/thumb/v7e-m+fp/hard\libc_nano.a(lib_a-malloc.o)
                0x08005e8c                malloc
 .text.free     0x08005e9c       0x10 c:/program files (x86)/gnu arm embedded toolchain/10 2020-q4-major/bin/../lib/gcc/arm-none-eabi/10.2.1/../../../../arm-none-eabi/lib/thumb/v7e-m+fp/hard\libc_nano.a(lib_a-malloc.o)
                0x08005e9c                free
 .text.memset   0x08005eac       0x10 c:/program files (x86)/gnu arm embedded toolchain/10 2020-q4-major/bin/../lib/gcc/arm-none-eabi/10.2.1/../../../../arm-none-eabi/lib/thumb/v7e-m+fp/hard\libc_nano.a(lib_a-memset.o)
                0x08005eac                memset
 .text._calloc_r
                0x08005ebc       0x1e c:/program files (x86)/gnu arm embedded toolchain/10 2020-q4-major/bin/../lib/gcc/arm-none-eabi/10.2.1/../../../../arm-none-eabi/lib/thumb/v7e-m+fp/hard\libc_nano.a(lib_a-nano-callocr.o)
                0x08005ebc                _calloc_r
 *fill*         0x08005eda        0x2 
 .text._free_r  0x08005edc       0x98 c:/program files (x86)/gnu arm embedded toolchain/10 2020-q4-major/bin/../lib/gcc/arm-none-eabi/10.2.1/../../../../arm-none-eabi/lib/thumb/v7e-m+fp/hard\libc_nano.a(lib_a-nano-freer.o)
                0x08005edc                _free_r
 .text._malloc_r
                0x08005f74       0xb4 c:/program files (x86)/gnu arm embedded toolchain/10 2020-q4-major/bin/../lib/gcc/arm-none-eabi/10.2.1/../../../../arm-none-eabi/lib/thumb/v7e-m+fp/hard\libc_nano.a(lib_a-nano-mallocr.o)
                0x08005f74                _malloc_r
 .text.__cvt    0x08006028       0xc4 c:/program files (x86)/gnu arm embedded toolchain/10 2020-q4-major/bin/../lib/gcc/arm-none-eabi/10.2.1/../../../../arm-none-eabi/lib/thumb/v7e-m+fp/hard\libc_nano.a(lib_a-nano-vfprintf_float.o)
                0x08006028                __cvt
 .text.__exponent
                0x080060ec       0x7c c:/program files (x86)/gnu arm embedded toolchain/10 2020-q4-major/bin/../lib/gcc/arm-none-eabi/10.2.1/../../../../arm-none-eabi/lib/thumb/v7e-m+fp/hard\libc_nano.a(lib_a-nano-vfprintf_float.o)
                0x080060ec                __exponent
 .text._printf_float
                0x08006168      0x46c c:/program files (x86)/gnu arm embedded toolchain/10 2020-q4-major/bin/../lib/gcc/arm-none-eabi/10.2.1/../../../../arm-none-eabi/lib/thumb/v7e-m+fp/hard\libc_nano.a(lib_a-nano-vfprintf_float.o)
                0x08006168                _printf_float
 .text._printf_common
                0x080065d4       0xda c:/program files (x86)/gnu arm embedded toolchain/10 2020-q4-major/bin/../lib/gcc/arm-none-eabi/10.2.1/../../../../arm-none-eabi/lib/thumb/v7e-m+fp/hard\libc_nano.a(lib_a-nano-vfprintf_i.o)
                0x080065d4                _printf_common
 *fill*         0x080066ae        0x2 
 .text._printf_i
                0x080066b0      0x24c c:/program files (x86)/gnu arm embedded toolchain/10 2020-q4-major/bin/../lib/gcc/arm-none-eabi/10.2.1/../../../../arm-none-eabi/lib/thumb/v7e-m+fp/hard\libc_nano.a(lib_a-nano-vfprintf_i.o)
                0x080066b0                _printf_i
 .text._sbrk_r  0x080068fc       0x20 c:/program files (x86)/gnu arm embedded toolchain/10 2020-q4-major/bin/../lib/gcc/arm-none-eabi/10.2.1/../../../../arm-none-eabi/lib/thumb/v7e-m+fp/hard\libc_nano.a(lib_a-sbrkr.o)
                0x080068fc                _sbrk_r
 .text.sprintf  0x0800691c       0x40 c:/program files (x86)/gnu arm embedded toolchain/10 2020-q4-major/bin/../lib/gcc/arm-none-eabi/10.2.1/../../../../arm-none-eabi/lib/thumb/v7e-m+fp/hard\libc_nano.a(lib_a-sprintf.o)
                0x0800691c                siprintf
                0x0800691c                sprintf
 .text.quorem   0x0800695c      0x116 c:/program files (x86)/gnu arm embedded toolchain/10 2020-q4-major/bin/../lib/gcc/arm-none-eabi/10.2.1/../../../../arm-none-eabi/lib/thumb/v7e-m+fp/hard\libc_nano.a(lib_a-dtoa.o)
 *fill*         0x08006a72        0x6 
 .text._dtoa_r  0x08006a78      0xbdc c:/program files (x86)/gnu arm embedded toolchain/10 2020-q4-major/bin/../lib/gcc/arm-none-eabi/10.2.1/../../../../arm-none-eabi/lib/thumb/v7e-m+fp/hard\libc_nano.a(lib_a-dtoa.o)
                0x08006a78                _dtoa_r
 .text._localeconv_r
                0x08007654        0x8 c:/program files (x86)/gnu arm embedded toolchain/10 2020-q4-major/bin/../lib/gcc/arm-none-eabi/10.2.1/../../../../arm-none-eabi/lib/thumb/v7e-m+fp/hard\libc_nano.a(lib_a-localeconv.o)
                0x08007654                _localeconv_r
 .text.memcpy   0x0800765c       0x1c c:/program files (x86)/gnu arm embedded toolchain/10 2020-q4-major/bin/../lib/gcc/arm-none-eabi/10.2.1/../../../../arm-none-eabi/lib/thumb/v7e-m+fp/hard\libc_nano.a(lib_a-memcpy-stub.o)
                0x0800765c                memcpy
 .text.__malloc_lock
                0x08007678        0xc c:/program files (x86)/gnu arm embedded toolchain/10 2020-q4-major/bin/../lib/gcc/arm-none-eabi/10.2.1/../../../../arm-none-eabi/lib/thumb/v7e-m+fp/hard\libc_nano.a(lib_a-mlock.o)
                0x08007678                __malloc_lock
 .text.__malloc_unlock
                0x08007684        0xc c:/program files (x86)/gnu arm embedded toolchain/10 2020-q4-major/bin/../lib/gcc/arm-none-eabi/10.2.1/../../../../arm-none-eabi/lib/thumb/v7e-m+fp/hard\libc_nano.a(lib_a-mlock.o)
                0x08007684                __malloc_unlock
 .text._Balloc  0x08007690       0x80 c:/program files (x86)/gnu arm embedded toolchain/10 2020-q4-major/bin/../lib/gcc/arm-none-eabi/10.2.1/../../../../arm-none-eabi/lib/thumb/v7e-m+fp/hard\libc_nano.a(lib_a-mprec.o)
                0x08007690                _Balloc
 .text._Bfree   0x08007710       0x44 c:/program files (x86)/gnu arm embedded toolchain/10 2020-q4-major/bin/../lib/gcc/arm-none-eabi/10.2.1/../../../../arm-none-eabi/lib/thumb/v7e-m+fp/hard\libc_nano.a(lib_a-mprec.o)
                0x08007710                _Bfree
 .text.__multadd
                0x08007754       0x8c c:/program files (x86)/gnu arm embedded toolchain/10 2020-q4-major/bin/../lib/gcc/arm-none-eabi/10.2.1/../../../../arm-none-eabi/lib/thumb/v7e-m+fp/hard\libc_nano.a(lib_a-mprec.o)
                0x08007754                __multadd
 .text.__hi0bits
                0x080077e0       0x40 c:/program files (x86)/gnu arm embedded toolchain/10 2020-q4-major/bin/../lib/gcc/arm-none-eabi/10.2.1/../../../../arm-none-eabi/lib/thumb/v7e-m+fp/hard\libc_nano.a(lib_a-mprec.o)
                0x080077e0                __hi0bits
 .text.__lo0bits
                0x08007820       0x5e c:/program files (x86)/gnu arm embedded toolchain/10 2020-q4-major/bin/../lib/gcc/arm-none-eabi/10.2.1/../../../../arm-none-eabi/lib/thumb/v7e-m+fp/hard\libc_nano.a(lib_a-mprec.o)
                0x08007820                __lo0bits
 *fill*         0x0800787e        0x2 
 .text.__i2b    0x08007880       0x2c c:/program files (x86)/gnu arm embedded toolchain/10 2020-q4-major/bin/../lib/gcc/arm-none-eabi/10.2.1/../../../../arm-none-eabi/lib/thumb/v7e-m+fp/hard\libc_nano.a(lib_a-mprec.o)
                0x08007880                __i2b
 .text.__multiply
                0x080078ac      0x154 c:/program files (x86)/gnu arm embedded toolchain/10 2020-q4-major/bin/../lib/gcc/arm-none-eabi/10.2.1/../../../../arm-none-eabi/lib/thumb/v7e-m+fp/hard\libc_nano.a(lib_a-mprec.o)
                0x080078ac                __multiply
 .text.__pow5mult
                0x08007a00       0xb4 c:/program files (x86)/gnu arm embedded toolchain/10 2020-q4-major/bin/../lib/gcc/arm-none-eabi/10.2.1/../../../../arm-none-eabi/lib/thumb/v7e-m+fp/hard\libc_nano.a(lib_a-mprec.o)
                0x08007a00                __pow5mult
 .text.__lshift
                0x08007ab4       0xe0 c:/program files (x86)/gnu arm embedded toolchain/10 2020-q4-major/bin/../lib/gcc/arm-none-eabi/10.2.1/../../../../arm-none-eabi/lib/thumb/v7e-m+fp/hard\libc_nano.a(lib_a-mprec.o)
                0x08007ab4                __lshift
 .text.__mcmp   0x08007b94       0x38 c:/program files (x86)/gnu arm embedded toolchain/10 2020-q4-major/bin/../lib/gcc/arm-none-eabi/10.2.1/../../../../arm-none-eabi/lib/thumb/v7e-m+fp/hard\libc_nano.a(lib_a-mprec.o)
                0x08007b94                __mcmp
 .text.__mdiff  0x08007bcc      0x114 c:/program files (x86)/gnu arm embedded toolchain/10 2020-q4-major/bin/../lib/gcc/arm-none-eabi/10.2.1/../../../../arm-none-eabi/lib/thumb/v7e-m+fp/hard\libc_nano.a(lib_a-mprec.o)
                0x08007bcc                __mdiff
 .text.__d2b    0x08007ce0       0xb8 c:/program files (x86)/gnu arm embedded toolchain/10 2020-q4-major/bin/../lib/gcc/arm-none-eabi/10.2.1/../../../../arm-none-eabi/lib/thumb/v7e-m+fp/hard\libc_nano.a(lib_a-mprec.o)
                0x08007ce0                __d2b
 .text.__ssputs_r
                0x08007d98       0xb6 c:/program files (x86)/gnu arm embedded toolchain/10 2020-q4-major/bin/../lib/gcc/arm-none-eabi/10.2.1/../../../../arm-none-eabi/lib/thumb/v7e-m+fp/hard\libc_nano.a(lib_a-nano-svfprintf.o)
                0x08007d98                __ssputs_r
 *fill*         0x08007e4e        0x2 
 .text._svfprintf_r
                0x08007e50      0x200 c:/program files (x86)/gnu arm embedded toolchain/10 2020-q4-major/bin/../lib/gcc/arm-none-eabi/10.2.1/../../../../arm-none-eabi/lib/thumb/v7e-m+fp/hard\libc_nano.a(lib_a-nano-svfprintf.o)
                0x08007e50                _svfiprintf_r
                0x08007e50                _svfprintf_r
 .text.__assert_func
                0x08008050       0x3c c:/program files (x86)/gnu arm embedded toolchain/10 2020-q4-major/bin/../lib/gcc/arm-none-eabi/10.2.1/../../../../arm-none-eabi/lib/thumb/v7e-m+fp/hard\libc_nano.a(lib_a-assert.o)
                0x08008050                __assert_func
 .text.fprintf  0x0800808c       0x24 c:/program files (x86)/gnu arm embedded toolchain/10 2020-q4-major/bin/../lib/gcc/arm-none-eabi/10.2.1/../../../../arm-none-eabi/lib/thumb/v7e-m+fp/hard\libc_nano.a(lib_a-fprintf.o)
                0x0800808c                fiprintf
                0x0800808c                fprintf
 .text.__retarget_lock_init_recursive
                0x080080b0        0x2 c:/program files (x86)/gnu arm embedded toolchain/10 2020-q4-major/bin/../lib/gcc/arm-none-eabi/10.2.1/../../../../arm-none-eabi/lib/thumb/v7e-m+fp/hard\libc_nano.a(lib_a-lock.o)
                0x080080b0                __retarget_lock_init_recursive
 .text.__retarget_lock_acquire_recursive
                0x080080b2        0x2 c:/program files (x86)/gnu arm embedded toolchain/10 2020-q4-major/bin/../lib/gcc/arm-none-eabi/10.2.1/../../../../arm-none-eabi/lib/thumb/v7e-m+fp/hard\libc_nano.a(lib_a-lock.o)
                0x080080b2                __retarget_lock_acquire_recursive
 .text.__retarget_lock_release_recursive
                0x080080b4        0x2 c:/program files (x86)/gnu arm embedded toolchain/10 2020-q4-major/bin/../lib/gcc/arm-none-eabi/10.2.1/../../../../arm-none-eabi/lib/thumb/v7e-m+fp/hard\libc_nano.a(lib_a-lock.o)
                0x080080b4                __retarget_lock_release_recursive
 .text.__ascii_mbtowc
                0x080080b6       0x24 c:/program files (x86)/gnu arm embedded toolchain/10 2020-q4-major/bin/../lib/gcc/arm-none-eabi/10.2.1/../../../../arm-none-eabi/lib/thumb/v7e-m+fp/hard\libc_nano.a(lib_a-mbtowc_r.o)
                0x080080b6                __ascii_mbtowc
 .text.memmove  0x080080da       0x34 c:/program files (x86)/gnu arm embedded toolchain/10 2020-q4-major/bin/../lib/gcc/arm-none-eabi/10.2.1/../../../../arm-none-eabi/lib/thumb/v7e-m+fp/hard\libc_nano.a(lib_a-memmove.o)
                0x080080da                memmove
 .text._realloc_r
                0x0800810e       0x4c c:/program files (x86)/gnu arm embedded toolchain/10 2020-q4-major/bin/../lib/gcc/arm-none-eabi/10.2.1/../../../../arm-none-eabi/lib/thumb/v7e-m+fp/hard\libc_nano.a(lib_a-nano-reallocr.o)
                0x0800810e                _realloc_r
 .text.__sfputc_r
                0x0800815a       0x2e c:/program files (x86)/gnu arm embedded toolchain/10 2020-q4-major/bin/../lib/gcc/arm-none-eabi/10.2.1/../../../../arm-none-eabi/lib/thumb/v7e-m+fp/hard\libc_nano.a(lib_a-nano-vfprintf.o)
 .text.__sfputs_r
                0x08008188       0x24 c:/program files (x86)/gnu arm embedded toolchain/10 2020-q4-major/bin/../lib/gcc/arm-none-eabi/10.2.1/../../../../arm-none-eabi/lib/thumb/v7e-m+fp/hard\libc_nano.a(lib_a-nano-vfprintf.o)
                0x08008188                __sfputs_r
 .text._vfprintf_r
                0x080081ac      0x260 c:/program files (x86)/gnu arm embedded toolchain/10 2020-q4-major/bin/../lib/gcc/arm-none-eabi/10.2.1/../../../../arm-none-eabi/lib/thumb/v7e-m+fp/hard\libc_nano.a(lib_a-nano-vfprintf.o)
                0x080081ac                _vfprintf_r
                0x080081ac                _vfiprintf_r
 .text.__swbuf_r
                0x0800840c       0xa4 c:/program files (x86)/gnu arm embedded toolchain/10 2020-q4-major/bin/../lib/gcc/arm-none-eabi/10.2.1/../../../../arm-none-eabi/lib/thumb/v7e-m+fp/hard\libc_nano.a(lib_a-wbuf.o)
                0x0800840c                __swbuf_r
 .text.__ascii_wctomb
                0x080084b0       0x1a c:/program files (x86)/gnu arm embedded toolchain/10 2020-q4-major/bin/../lib/gcc/arm-none-eabi/10.2.1/../../../../arm-none-eabi/lib/thumb/v7e-m+fp/hard\libc_nano.a(lib_a-wctomb_r.o)
                0x080084b0                __ascii_wctomb
 *fill*         0x080084ca        0x2 
 .text.__swsetup_r
                0x080084cc       0xdc c:/program files (x86)/gnu arm embedded toolchain/10 2020-q4-major/bin/../lib/gcc/arm-none-eabi/10.2.1/../../../../arm-none-eabi/lib/thumb/v7e-m+fp/hard\libc_nano.a(lib_a-wsetup.o)
                0x080084cc                __swsetup_r
 .text.abort    0x080085a8        0xe c:/program files (x86)/gnu arm embedded toolchain/10 2020-q4-major/bin/../lib/gcc/arm-none-eabi/10.2.1/../../../../arm-none-eabi/lib/thumb/v7e-m+fp/hard\libc_nano.a(lib_a-abort.o)
                0x080085a8                abort
 *fill*         0x080085b6        0x2 
 .text.__sflush_r
                0x080085b8      0x10c c:/program files (x86)/gnu arm embedded toolchain/10 2020-q4-major/bin/../lib/gcc/arm-none-eabi/10.2.1/../../../../arm-none-eabi/lib/thumb/v7e-m+fp/hard\libc_nano.a(lib_a-fflush.o)
                0x080085b8                __sflush_r
 .text._fflush_r
                0x080086c4       0x78 c:/program files (x86)/gnu arm embedded toolchain/10 2020-q4-major/bin/../lib/gcc/arm-none-eabi/10.2.1/../../../../arm-none-eabi/lib/thumb/v7e-m+fp/hard\libc_nano.a(lib_a-fflush.o)
                0x080086c4                _fflush_r
 .text.std      0x0800873c       0x48 c:/program files (x86)/gnu arm embedded toolchain/10 2020-q4-major/bin/../lib/gcc/arm-none-eabi/10.2.1/../../../../arm-none-eabi/lib/thumb/v7e-m+fp/hard\libc_nano.a(lib_a-findfp.o)
 .text._cleanup_r
                0x08008784        0xc c:/program files (x86)/gnu arm embedded toolchain/10 2020-q4-major/bin/../lib/gcc/arm-none-eabi/10.2.1/../../../../arm-none-eabi/lib/thumb/v7e-m+fp/hard\libc_nano.a(lib_a-findfp.o)
                0x08008784                _cleanup_r
 .text.__sfmoreglue
                0x08008790       0x2c c:/program files (x86)/gnu arm embedded toolchain/10 2020-q4-major/bin/../lib/gcc/arm-none-eabi/10.2.1/../../../../arm-none-eabi/lib/thumb/v7e-m+fp/hard\libc_nano.a(lib_a-findfp.o)
                0x08008790                __sfmoreglue
 .text.__sfp_lock_acquire
                0x080087bc        0xc c:/program files (x86)/gnu arm embedded toolchain/10 2020-q4-major/bin/../lib/gcc/arm-none-eabi/10.2.1/../../../../arm-none-eabi/lib/thumb/v7e-m+fp/hard\libc_nano.a(lib_a-findfp.o)
                0x080087bc                __sfp_lock_acquire
 .text.__sfp_lock_release
                0x080087c8        0xc c:/program files (x86)/gnu arm embedded toolchain/10 2020-q4-major/bin/../lib/gcc/arm-none-eabi/10.2.1/../../../../arm-none-eabi/lib/thumb/v7e-m+fp/hard\libc_nano.a(lib_a-findfp.o)
                0x080087c8                __sfp_lock_release
 .text.__sinit_lock_acquire
                0x080087d4        0xc c:/program files (x86)/gnu arm embedded toolchain/10 2020-q4-major/bin/../lib/gcc/arm-none-eabi/10.2.1/../../../../arm-none-eabi/lib/thumb/v7e-m+fp/hard\libc_nano.a(lib_a-findfp.o)
                0x080087d4                __sinit_lock_acquire
 .text.__sinit_lock_release
                0x080087e0        0xc c:/program files (x86)/gnu arm embedded toolchain/10 2020-q4-major/bin/../lib/gcc/arm-none-eabi/10.2.1/../../../../arm-none-eabi/lib/thumb/v7e-m+fp/hard\libc_nano.a(lib_a-findfp.o)
                0x080087e0                __sinit_lock_release
 .text.__sinit  0x080087ec       0x70 c:/program files (x86)/gnu arm embedded toolchain/10 2020-q4-major/bin/../lib/gcc/arm-none-eabi/10.2.1/../../../../arm-none-eabi/lib/thumb/v7e-m+fp/hard\libc_nano.a(lib_a-findfp.o)
                0x080087ec                __sinit
 .text.__sfp    0x0800885c       0x8c c:/program files (x86)/gnu arm embedded toolchain/10 2020-q4-major/bin/../lib/gcc/arm-none-eabi/10.2.1/../../../../arm-none-eabi/lib/thumb/v7e-m+fp/hard\libc_nano.a(lib_a-findfp.o)
                0x0800885c                __sfp
 .text._fwalk_reent
                0x080088e8       0x3e c:/program files (x86)/gnu arm embedded toolchain/10 2020-q4-major/bin/../lib/gcc/arm-none-eabi/10.2.1/../../../../arm-none-eabi/lib/thumb/v7e-m+fp/hard\libc_nano.a(lib_a-fwalk.o)
                0x080088e8                _fwalk_reent
 .text.__swhatbuf_r
                0x08008926       0x4a c:/program files (x86)/gnu arm embedded toolchain/10 2020-q4-major/bin/../lib/gcc/arm-none-eabi/10.2.1/../../../../arm-none-eabi/lib/thumb/v7e-m+fp/hard\libc_nano.a(lib_a-makebuf.o)
                0x08008926                __swhatbuf_r
 .text.__smakebuf_r
                0x08008970       0x80 c:/program files (x86)/gnu arm embedded toolchain/10 2020-q4-major/bin/../lib/gcc/arm-none-eabi/10.2.1/../../../../arm-none-eabi/lib/thumb/v7e-m+fp/hard\libc_nano.a(lib_a-makebuf.o)
                0x08008970                __smakebuf_r
 .text._malloc_usable_size_r
                0x080089f0       0x10 c:/program files (x86)/gnu arm embedded toolchain/10 2020-q4-major/bin/../lib/gcc/arm-none-eabi/10.2.1/../../../../arm-none-eabi/lib/thumb/v7e-m+fp/hard\libc_nano.a(lib_a-nano-msizer.o)
                0x080089f0                _malloc_usable_size_r
 .text._raise_r
                0x08008a00       0x50 c:/program files (x86)/gnu arm embedded toolchain/10 2020-q4-major/bin/../lib/gcc/arm-none-eabi/10.2.1/../../../../arm-none-eabi/lib/thumb/v7e-m+fp/hard\libc_nano.a(lib_a-signal.o)
                0x08008a00                _raise_r
 .text.raise    0x08008a50       0x10 c:/program files (x86)/gnu arm embedded toolchain/10 2020-q4-major/bin/../lib/gcc/arm-none-eabi/10.2.1/../../../../arm-none-eabi/lib/thumb/v7e-m+fp/hard\libc_nano.a(lib_a-signal.o)
                0x08008a50                raise
 .text._kill_r  0x08008a60       0x24 c:/program files (x86)/gnu arm embedded toolchain/10 2020-q4-major/bin/../lib/gcc/arm-none-eabi/10.2.1/../../../../arm-none-eabi/lib/thumb/v7e-m+fp/hard\libc_nano.a(lib_a-signalr.o)
                0x08008a60                _kill_r
 .text._getpid_r
                0x08008a84        0x4 c:/program files (x86)/gnu arm embedded toolchain/10 2020-q4-major/bin/../lib/gcc/arm-none-eabi/10.2.1/../../../../arm-none-eabi/lib/thumb/v7e-m+fp/hard\libc_nano.a(lib_a-signalr.o)
                0x08008a84                _getpid_r
 .text.__sread  0x08008a88       0x22 c:/program files (x86)/gnu arm embedded toolchain/10 2020-q4-major/bin/../lib/gcc/arm-none-eabi/10.2.1/../../../../arm-none-eabi/lib/thumb/v7e-m+fp/hard\libc_nano.a(lib_a-stdio.o)
                0x08008a88                __sread
 .text.__swrite
                0x08008aaa       0x38 c:/program files (x86)/gnu arm embedded toolchain/10 2020-q4-major/bin/../lib/gcc/arm-none-eabi/10.2.1/../../../../arm-none-eabi/lib/thumb/v7e-m+fp/hard\libc_nano.a(lib_a-stdio.o)
                0x08008aaa                __swrite
 .text.__sseek  0x08008ae2       0x24 c:/program files (x86)/gnu arm embedded toolchain/10 2020-q4-major/bin/../lib/gcc/arm-none-eabi/10.2.1/../../../../arm-none-eabi/lib/thumb/v7e-m+fp/hard\libc_nano.a(lib_a-stdio.o)
                0x08008ae2                __sseek
 .text.__sclose
                0x08008b06        0x8 c:/program files (x86)/gnu arm embedded toolchain/10 2020-q4-major/bin/../lib/gcc/arm-none-eabi/10.2.1/../../../../arm-none-eabi/lib/thumb/v7e-m+fp/hard\libc_nano.a(lib_a-stdio.o)
                0x08008b06                __sclose
 *fill*         0x08008b0e        0x2 
 .text._write_r
                0x08008b10       0x24 c:/program files (x86)/gnu arm embedded toolchain/10 2020-q4-major/bin/../lib/gcc/arm-none-eabi/10.2.1/../../../../arm-none-eabi/lib/thumb/v7e-m+fp/hard\libc_nano.a(lib_a-writer.o)
                0x08008b10                _write_r
 .text._close_r
                0x08008b34       0x20 c:/program files (x86)/gnu arm embedded toolchain/10 2020-q4-major/bin/../lib/gcc/arm-none-eabi/10.2.1/../../../../arm-none-eabi/lib/thumb/v7e-m+fp/hard\libc_nano.a(lib_a-closer.o)
                0x08008b34                _close_r
 .text._fstat_r
                0x08008b54       0x24 c:/program files (x86)/gnu arm embedded toolchain/10 2020-q4-major/bin/../lib/gcc/arm-none-eabi/10.2.1/../../../../arm-none-eabi/lib/thumb/v7e-m+fp/hard\libc_nano.a(lib_a-fstatr.o)
                0x08008b54                _fstat_r
 .text._isatty_r
                0x08008b78       0x20 c:/program files (x86)/gnu arm embedded toolchain/10 2020-q4-major/bin/../lib/gcc/arm-none-eabi/10.2.1/../../../../arm-none-eabi/lib/thumb/v7e-m+fp/hard\libc_nano.a(lib_a-isattyr.o)
                0x08008b78                _isatty_r
 .text._lseek_r
                0x08008b98       0x24 c:/program files (x86)/gnu arm embedded toolchain/10 2020-q4-major/bin/../lib/gcc/arm-none-eabi/10.2.1/../../../../arm-none-eabi/lib/thumb/v7e-m+fp/hard\libc_nano.a(lib_a-lseekr.o)
                0x08008b98                _lseek_r
 .text._read_r  0x08008bbc       0x24 c:/program files (x86)/gnu arm embedded toolchain/10 2020-q4-major/bin/../lib/gcc/arm-none-eabi/10.2.1/../../../../arm-none-eabi/lib/thumb/v7e-m+fp/hard\libc_nano.a(lib_a-readr.o)
                0x08008bbc                _read_r
 .text.fmax     0x08008be0       0x50 c:/program files (x86)/gnu arm embedded toolchain/10 2020-q4-major/bin/../lib/gcc/arm-none-eabi/10.2.1/../../../../arm-none-eabi/lib/thumb/v7e-m+fp/hard\libm.a(lib_a-s_fmax.o)
                0x08008be0                fmax
 .text.fmin     0x08008c30       0x50 c:/program files (x86)/gnu arm embedded toolchain/10 2020-q4-major/bin/../lib/gcc/arm-none-eabi/10.2.1/../../../../arm-none-eabi/lib/thumb/v7e-m+fp/hard\libm.a(lib_a-s_fmin.o)
                0x08008c30                fmin
 .text.__fpclassifyd
                0x08008c80       0x54 c:/program files (x86)/gnu arm embedded toolchain/10 2020-q4-major/bin/../lib/gcc/arm-none-eabi/10.2.1/../../../../arm-none-eabi/lib/thumb/v7e-m+fp/hard\libm.a(lib_a-s_fpclassify.o)
                0x08008c80                __fpclassifyd
 .text.asin     0x08008cd4       0x78 c:/program files (x86)/gnu arm embedded toolchain/10 2020-q4-major/bin/../lib/gcc/arm-none-eabi/10.2.1/../../../../arm-none-eabi/lib/thumb/v7e-m+fp/hard\libm.a(lib_a-w_asin.o)
                0x08008cd4                asin
 .text.atan2    0x08008d4c        0x4 c:/program files (x86)/gnu arm embedded toolchain/10 2020-q4-major/bin/../lib/gcc/arm-none-eabi/10.2.1/../../../../arm-none-eabi/lib/thumb/v7e-m+fp/hard\libm.a(lib_a-w_atan2.o)
                0x08008d4c                atan2
 .text.sqrt     0x08008d50       0x74 c:/program files (x86)/gnu arm embedded toolchain/10 2020-q4-major/bin/../lib/gcc/arm-none-eabi/10.2.1/../../../../arm-none-eabi/lib/thumb/v7e-m+fp/hard\libm.a(lib_a-w_sqrt.o)
                0x08008d50                sqrt
 .text.sqrtf    0x08008dc4       0x50 c:/program files (x86)/gnu arm embedded toolchain/10 2020-q4-major/bin/../lib/gcc/arm-none-eabi/10.2.1/../../../../arm-none-eabi/lib/thumb/v7e-m+fp/hard\libm.a(lib_a-wf_sqrt.o)
                0x08008dc4                sqrtf
 *fill*         0x08008e14        0x4 
 .text.__ieee754_asin
                0x08008e18      0x4a4 c:/program files (x86)/gnu arm embedded toolchain/10 2020-q4-major/bin/../lib/gcc/arm-none-eabi/10.2.1/../../../../arm-none-eabi/lib/thumb/v7e-m+fp/hard\libm.a(lib_a-e_asin.o)
                0x08008e18                __ieee754_asin
 *fill*         0x080092bc        0x4 
 .text.__ieee754_atan2
                0x080092c0      0x1ac c:/program files (x86)/gnu arm embedded toolchain/10 2020-q4-major/bin/../lib/gcc/arm-none-eabi/10.2.1/../../../../arm-none-eabi/lib/thumb/v7e-m+fp/hard\libm.a(lib_a-e_atan2.o)
                0x080092c0                __ieee754_atan2
 .text.__ieee754_sqrt
                0x0800946c      0x198 c:/program files (x86)/gnu arm embedded toolchain/10 2020-q4-major/bin/../lib/gcc/arm-none-eabi/10.2.1/../../../../arm-none-eabi/lib/thumb/v7e-m+fp/hard\libm.a(lib_a-e_sqrt.o)
                0x0800946c                __ieee754_sqrt
 .text.__ieee754_sqrtf
                0x08009604        0x8 c:/program files (x86)/gnu arm embedded toolchain/10 2020-q4-major/bin/../lib/gcc/arm-none-eabi/10.2.1/../../../../arm-none-eabi/lib/thumb/v7e-m+fp/hard\libm.a(lib_a-ef_sqrt.o)
                0x08009604                __ieee754_sqrtf
 *fill*         0x0800960c        0x4 
 .text.atan     0x08009610      0x340 c:/program files (x86)/gnu arm embedded toolchain/10 2020-q4-major/bin/../lib/gcc/arm-none-eabi/10.2.1/../../../../arm-none-eabi/lib/thumb/v7e-m+fp/hard\libm.a(lib_a-s_atan.o)
                0x08009610                atan
 .text.fabs     0x08009950       0x14 c:/program files (x86)/gnu arm embedded toolchain/10 2020-q4-major/bin/../lib/gcc/arm-none-eabi/10.2.1/../../../../arm-none-eabi/lib/thumb/v7e-m+fp/hard\libm.a(lib_a-s_fabs.o)
                0x08009950                fabs
 *fill*         0x08009964        0x4 
 .text.nan      0x08009968       0x10 c:/program files (x86)/gnu arm embedded toolchain/10 2020-q4-major/bin/../lib/gcc/arm-none-eabi/10.2.1/../../../../arm-none-eabi/lib/thumb/v7e-m+fp/hard\libm.a(lib_a-s_nan.o)
                0x08009968                nan
 .text._close   0x08009978       0x10 c:/program files (x86)/gnu arm embedded toolchain/10 2020-q4-major/bin/../lib/gcc/arm-none-eabi/10.2.1/../../../../arm-none-eabi/lib/thumb/v7e-m+fp/hard\libnosys.a(close.o)
                0x08009978                _close
 .text._fstat   0x08009988       0x10 c:/program files (x86)/gnu arm embedded toolchain/10 2020-q4-major/bin/../lib/gcc/arm-none-eabi/10.2.1/../../../../arm-none-eabi/lib/thumb/v7e-m+fp/hard\libnosys.a(fstat.o)
                0x08009988                _fstat
 .text._getpid  0x08009998       0x10 c:/program files (x86)/gnu arm embedded toolchain/10 2020-q4-major/bin/../lib/gcc/arm-none-eabi/10.2.1/../../../../arm-none-eabi/lib/thumb/v7e-m+fp/hard\libnosys.a(getpid.o)
                0x08009998                _getpid
 .text._isatty  0x080099a8       0x10 c:/program files (x86)/gnu arm embedded toolchain/10 2020-q4-major/bin/../lib/gcc/arm-none-eabi/10.2.1/../../../../arm-none-eabi/lib/thumb/v7e-m+fp/hard\libnosys.a(isatty.o)
                0x080099a8                _isatty
 .text._kill    0x080099b8       0x10 c:/program files (x86)/gnu arm embedded toolchain/10 2020-q4-major/bin/../lib/gcc/arm-none-eabi/10.2.1/../../../../arm-none-eabi/lib/thumb/v7e-m+fp/hard\libnosys.a(kill.o)
                0x080099b8                _kill
 .text._lseek   0x080099c8       0x10 c:/program files (x86)/gnu arm embedded toolchain/10 2020-q4-major/bin/../lib/gcc/arm-none-eabi/10.2.1/../../../../arm-none-eabi/lib/thumb/v7e-m+fp/hard\libnosys.a(lseek.o)
                0x080099c8                _lseek
 .text._read    0x080099d8       0x10 c:/program files (x86)/gnu arm embedded toolchain/10 2020-q4-major/bin/../lib/gcc/arm-none-eabi/10.2.1/../../../../arm-none-eabi/lib/thumb/v7e-m+fp/hard\libnosys.a(read.o)
                0x080099d8                _read
 .text._sbrk    0x080099e8       0x1c c:/program files (x86)/gnu arm embedded toolchain/10 2020-q4-major/bin/../lib/gcc/arm-none-eabi/10.2.1/../../../../arm-none-eabi/lib/thumb/v7e-m+fp/hard\libnosys.a(sbrk.o)
                0x080099e8                _sbrk
 .text._write   0x08009a04       0x10 c:/program files (x86)/gnu arm embedded toolchain/10 2020-q4-major/bin/../lib/gcc/arm-none-eabi/10.2.1/../../../../arm-none-eabi/lib/thumb/v7e-m+fp/hard\libnosys.a(write.o)
                0x08009a04                _write
 .text._exit    0x08009a14        0x4 c:/program files (x86)/gnu arm embedded toolchain/10 2020-q4-major/bin/../lib/gcc/arm-none-eabi/10.2.1/../../../../arm-none-eabi/lib/thumb/v7e-m+fp/hard\libnosys.a(_exit.o)
                0x08009a14                _exit
 .text.arm_rfft_fast_init_f32
                0x08009a18      0x168 Drivers/CMSIS/Lib/GCC\libarm_cortexM7lfdp_math.a(arm_rfft_fast_init_f32.o)
                0x08009a18                arm_rfft_fast_init_f32
 .text.arm_rfft_fast_f32
                0x08009b80      0x188 Drivers/CMSIS/Lib/GCC\libarm_cortexM7lfdp_math.a(arm_rfft_fast_f32.o)
                0x08009b80                arm_rfft_fast_f32
 .text.arm_cfft_radix8by2_f32
                0x08009d08      0x1a0 Drivers/CMSIS/Lib/GCC\libarm_cortexM7lfdp_math.a(arm_cfft_f32.o)
                0x08009d08                arm_cfft_radix8by2_f32
 .text.arm_cfft_radix8by4_f32
                0x08009ea8      0x4b0 Drivers/CMSIS/Lib/GCC\libarm_cortexM7lfdp_math.a(arm_cfft_f32.o)
                0x08009ea8                arm_cfft_radix8by4_f32
 .text.arm_cfft_f32
                0x0800a358       0xf0 Drivers/CMSIS/Lib/GCC\libarm_cortexM7lfdp_math.a(arm_cfft_f32.o)
                0x0800a358                arm_cfft_f32
 .text.arm_biquad_cascade_df2T_f32
                0x0800a448      0x378 Drivers/CMSIS/Lib/GCC\libarm_cortexM7lfdp_math.a(arm_biquad_cascade_df2t_f32.o)
                0x0800a448                arm_biquad_cascade_df2T_f32
 .text.arm_iir_lattice_init_f32
                0x0800a7c0       0x20 Drivers/CMSIS/Lib/GCC\libarm_cortexM7lfdp_math.a(arm_iir_lattice_init_f32.o)
                0x0800a7c0                arm_iir_lattice_init_f32
 .text.arm_iir_lattice_f32
                0x0800a7e0      0x1f4 Drivers/CMSIS/Lib/GCC\libarm_cortexM7lfdp_math.a(arm_iir_lattice_f32.o)
                0x0800a7e0                arm_iir_lattice_f32
 .text.arm_biquad_cascade_df2T_init_f32
                0x0800a9d4       0x1c Drivers/CMSIS/Lib/GCC\libarm_cortexM7lfdp_math.a(arm_biquad_cascade_df2t_init_f32.o)
                0x0800a9d4                arm_biquad_cascade_df2T_init_f32
 .text.arm_radix8_butterfly_f32
                0x0800a9f0      0x5e4 Drivers/CMSIS/Lib/GCC\libarm_cortexM7lfdp_math.a(arm_cfft_radix8_f32.o)
                0x0800a9f0                arm_radix8_butterfly_f32
 .text.__errno  0x0800afd4        0xc c:/program files (x86)/gnu arm embedded toolchain/10 2020-q4-major/bin/../lib/gcc/arm-none-eabi/10.2.1/../../../../arm-none-eabi/lib/thumb/v7e-m+fp/hard\libc_nano.a(lib_a-errno.o)
                0x0800afd4                __errno
 *(.glue_7)
 .glue_7        0x0800afe0        0x0 linker stubs
 *(.glue_7t)
 .glue_7t       0x0800afe0        0x0 linker stubs
 *(.eh_frame)
 .eh_frame      0x0800afe0        0x0 c:/program files (x86)/gnu arm embedded toolchain/10 2020-q4-major/bin/../lib/gcc/arm-none-eabi/10.2.1/thumb/v7e-m+fp/hard/crtbegin.o
 *(.init)
 .init          0x0800afe0        0x4 c:/program files (x86)/gnu arm embedded toolchain/10 2020-q4-major/bin/../lib/gcc/arm-none-eabi/10.2.1/thumb/v7e-m+fp/hard/crti.o
                0x0800afe0                _init
 .init          0x0800afe4        0x8 c:/program files (x86)/gnu arm embedded toolchain/10 2020-q4-major/bin/../lib/gcc/arm-none-eabi/10.2.1/thumb/v7e-m+fp/hard/crtn.o
 *(.fini)
 .fini          0x0800afec        0x4 c:/program files (x86)/gnu arm embedded toolchain/10 2020-q4-major/bin/../lib/gcc/arm-none-eabi/10.2.1/thumb/v7e-m+fp/hard/crti.o
                0x0800afec                _fini
 .fini          0x0800aff0        0x8 c:/program files (x86)/gnu arm embedded toolchain/10 2020-q4-major/bin/../lib/gcc/arm-none-eabi/10.2.1/thumb/v7e-m+fp/hard/crtn.o
                0x0800aff8                . = ALIGN (0x4)
                0x0800aff8                _etext = .

.vfp11_veneer   0x0800aff8        0x0
 .vfp11_veneer  0x0800aff8        0x0 linker stubs

.v4_bx          0x0800aff8        0x0
 .v4_bx         0x0800aff8        0x0 linker stubs

.iplt           0x0800aff8        0x0
 .iplt          0x0800aff8        0x0 c:/program files (x86)/gnu arm embedded toolchain/10 2020-q4-major/bin/../lib/gcc/arm-none-eabi/10.2.1/thumb/v7e-m+fp/hard/crtbegin.o

.rodata         0x0800aff8    0x13938
                0x0800aff8                . = ALIGN (0x4)
 *(.rodata)
 *(.rodata*)
 .rodata.debugTask.str1.4
                0x0800aff8        0x9 build/debugTasks.o
 *fill*         0x0800b001        0x3 
 .rodata.updateCoeffNotch.str1.4
                0x0800b004       0x10 build/filter.o
 .rodata._main.str1.4
                0x0800b014       0x14 build/drogui.o
 .rodata.AHBPrescTable
                0x0800b028       0x10 build/system_stm32f7xx.o
                0x0800b028                AHBPrescTable
 .rodata.APBPrescTable
                0x0800b038        0x8 build/system_stm32f7xx.o
                0x0800b038                APBPrescTable
 .rodata.MX_I2C4_Init.str1.4
                0x0800b040        0x5 build/i2c.o
 *fill*         0x0800b045        0x3 
 .rodata._global_impure_ptr
                0x0800b048        0x4 c:/program files (x86)/gnu arm embedded toolchain/10 2020-q4-major/bin/../lib/gcc/arm-none-eabi/10.2.1/../../../../arm-none-eabi/lib/thumb/v7e-m+fp/hard\libc_nano.a(lib_a-impure.o)
                0x0800b048                _global_impure_ptr
 .rodata._printf_float.str1.1
                0x0800b04c       0x12 c:/program files (x86)/gnu arm embedded toolchain/10 2020-q4-major/bin/../lib/gcc/arm-none-eabi/10.2.1/../../../../arm-none-eabi/lib/thumb/v7e-m+fp/hard\libc_nano.a(lib_a-nano-vfprintf_float.o)
 .rodata._printf_i.str1.1
                0x0800b05e       0x22 c:/program files (x86)/gnu arm embedded toolchain/10 2020-q4-major/bin/../lib/gcc/arm-none-eabi/10.2.1/../../../../arm-none-eabi/lib/thumb/v7e-m+fp/hard\libc_nano.a(lib_a-nano-vfprintf_i.o)
 .rodata._dtoa_r.str1.1
                0x0800b080       0xb2 c:/program files (x86)/gnu arm embedded toolchain/10 2020-q4-major/bin/../lib/gcc/arm-none-eabi/10.2.1/../../../../arm-none-eabi/lib/thumb/v7e-m+fp/hard\libc_nano.a(lib_a-dtoa.o)
                                 0xb4 (size before relaxing)
 .rodata._Balloc.str1.1
                0x0800b132       0x7e c:/program files (x86)/gnu arm embedded toolchain/10 2020-q4-major/bin/../lib/gcc/arm-none-eabi/10.2.1/../../../../arm-none-eabi/lib/thumb/v7e-m+fp/hard\libc_nano.a(lib_a-mprec.o)
                                 0x95 (size before relaxing)
 .rodata.__multadd.str1.1
                0x0800b1b0       0x11 c:/program files (x86)/gnu arm embedded toolchain/10 2020-q4-major/bin/../lib/gcc/arm-none-eabi/10.2.1/../../../../arm-none-eabi/lib/thumb/v7e-m+fp/hard\libc_nano.a(lib_a-mprec.o)
 .rodata.__mprec_bigtens
                0x0800b1b0       0x28 c:/program files (x86)/gnu arm embedded toolchain/10 2020-q4-major/bin/../lib/gcc/arm-none-eabi/10.2.1/../../../../arm-none-eabi/lib/thumb/v7e-m+fp/hard\libc_nano.a(lib_a-mprec.o)
                0x0800b1b0                __mprec_bigtens
 .rodata.__mprec_tens
                0x0800b1d8       0xc8 c:/program files (x86)/gnu arm embedded toolchain/10 2020-q4-major/bin/../lib/gcc/arm-none-eabi/10.2.1/../../../../arm-none-eabi/lib/thumb/v7e-m+fp/hard\libc_nano.a(lib_a-mprec.o)
                0x0800b1d8                __mprec_tens
 .rodata.p05.0  0x0800b2a0        0xc c:/program files (x86)/gnu arm embedded toolchain/10 2020-q4-major/bin/../lib/gcc/arm-none-eabi/10.2.1/../../../../arm-none-eabi/lib/thumb/v7e-m+fp/hard\libc_nano.a(lib_a-mprec.o)
 .rodata._svfprintf_r.str1.1
                0x0800b2ac       0x11 c:/program files (x86)/gnu arm embedded toolchain/10 2020-q4-major/bin/../lib/gcc/arm-none-eabi/10.2.1/../../../../arm-none-eabi/lib/thumb/v7e-m+fp/hard\libc_nano.a(lib_a-nano-svfprintf.o)
 .rodata.__assert_func.str1.1
                0x0800b2bd       0x3c c:/program files (x86)/gnu arm embedded toolchain/10 2020-q4-major/bin/../lib/gcc/arm-none-eabi/10.2.1/../../../../arm-none-eabi/lib/thumb/v7e-m+fp/hard\libc_nano.a(lib_a-assert.o)
                                 0x3d (size before relaxing)
 .rodata._setlocale_r.str1.1
                0x0800b2f9        0x8 c:/program files (x86)/gnu arm embedded toolchain/10 2020-q4-major/bin/../lib/gcc/arm-none-eabi/10.2.1/../../../../arm-none-eabi/lib/thumb/v7e-m+fp/hard\libc_nano.a(lib_a-locale.o)
                                  0x9 (size before relaxing)
 .rodata.str1.1
                0x0800b301        0x2 c:/program files (x86)/gnu arm embedded toolchain/10 2020-q4-major/bin/../lib/gcc/arm-none-eabi/10.2.1/../../../../arm-none-eabi/lib/thumb/v7e-m+fp/hard\libc_nano.a(lib_a-locale.o)
 .rodata._vfprintf_r.str1.1
                0x0800b303       0x11 c:/program files (x86)/gnu arm embedded toolchain/10 2020-q4-major/bin/../lib/gcc/arm-none-eabi/10.2.1/../../../../arm-none-eabi/lib/thumb/v7e-m+fp/hard\libc_nano.a(lib_a-nano-vfprintf.o)
 .rodata._ctype_
                0x0800b303      0x101 c:/program files (x86)/gnu arm embedded toolchain/10 2020-q4-major/bin/../lib/gcc/arm-none-eabi/10.2.1/../../../../arm-none-eabi/lib/thumb/v7e-m+fp/hard\libc_nano.a(lib_a-ctype_.o)
                0x0800b303                _ctype_
 .rodata.__sf_fake_stderr
                0x0800b404       0x20 c:/program files (x86)/gnu arm embedded toolchain/10 2020-q4-major/bin/../lib/gcc/arm-none-eabi/10.2.1/../../../../arm-none-eabi/lib/thumb/v7e-m+fp/hard\libc_nano.a(lib_a-findfp.o)
                0x0800b404                __sf_fake_stderr
 .rodata.__sf_fake_stdin
                0x0800b424       0x20 c:/program files (x86)/gnu arm embedded toolchain/10 2020-q4-major/bin/../lib/gcc/arm-none-eabi/10.2.1/../../../../arm-none-eabi/lib/thumb/v7e-m+fp/hard\libc_nano.a(lib_a-findfp.o)
                0x0800b424                __sf_fake_stdin
 .rodata.__sf_fake_stdout
                0x0800b444       0x20 c:/program files (x86)/gnu arm embedded toolchain/10 2020-q4-major/bin/../lib/gcc/arm-none-eabi/10.2.1/../../../../arm-none-eabi/lib/thumb/v7e-m+fp/hard\libc_nano.a(lib_a-findfp.o)
                0x0800b444                __sf_fake_stdout
 .rodata.asin.str1.4
                0x0800b464        0x5 c:/program files (x86)/gnu arm embedded toolchain/10 2020-q4-major/bin/../lib/gcc/arm-none-eabi/10.2.1/../../../../arm-none-eabi/lib/thumb/v7e-m+fp/hard\libm.a(lib_a-w_asin.o)
                                  0x1 (size before relaxing)
 *fill*         0x0800b464        0x4 
 .rodata.CSWTCH.8
                0x0800b468       0x18 c:/program files (x86)/gnu arm embedded toolchain/10 2020-q4-major/bin/../lib/gcc/arm-none-eabi/10.2.1/../../../../arm-none-eabi/lib/thumb/v7e-m+fp/hard\libm.a(lib_a-e_atan2.o)
 .rodata.CSWTCH.9
                0x0800b480       0x18 c:/program files (x86)/gnu arm embedded toolchain/10 2020-q4-major/bin/../lib/gcc/arm-none-eabi/10.2.1/../../../../arm-none-eabi/lib/thumb/v7e-m+fp/hard\libm.a(lib_a-e_atan2.o)
 .rodata.atanhi
                0x0800b498       0x20 c:/program files (x86)/gnu arm embedded toolchain/10 2020-q4-major/bin/../lib/gcc/arm-none-eabi/10.2.1/../../../../arm-none-eabi/lib/thumb/v7e-m+fp/hard\libm.a(lib_a-s_atan.o)
 .rodata.atanlo
                0x0800b4b8       0x20 c:/program files (x86)/gnu arm embedded toolchain/10 2020-q4-major/bin/../lib/gcc/arm-none-eabi/10.2.1/../../../../arm-none-eabi/lib/thumb/v7e-m+fp/hard\libm.a(lib_a-s_atan.o)
 .rodata.twiddleCoef_2048
                0x0800b4d8     0x4000 Drivers/CMSIS/Lib/GCC\libarm_cortexM7lfdp_math.a(arm_common_tables.o)
                0x0800b4d8                twiddleCoef_2048
 .rodata.twiddleCoef_rfft_64
                0x0800f4d8      0x100 Drivers/CMSIS/Lib/GCC\libarm_cortexM7lfdp_math.a(arm_common_tables.o)
                0x0800f4d8                twiddleCoef_rfft_64
 .rodata.armBitRevIndexTable64
                0x0800f5d8       0x70 Drivers/CMSIS/Lib/GCC\libarm_cortexM7lfdp_math.a(arm_common_tables.o)
                0x0800f5d8                armBitRevIndexTable64
 .rodata.twiddleCoef_rfft_2048
                0x0800f648     0x2000 Drivers/CMSIS/Lib/GCC\libarm_cortexM7lfdp_math.a(arm_common_tables.o)
                0x0800f648                twiddleCoef_rfft_2048
 .rodata.twiddleCoef_rfft_4096
                0x08011648     0x4000 Drivers/CMSIS/Lib/GCC\libarm_cortexM7lfdp_math.a(arm_common_tables.o)
                0x08011648                twiddleCoef_rfft_4096
 .rodata.twiddleCoef_256
                0x08015648      0x800 Drivers/CMSIS/Lib/GCC\libarm_cortexM7lfdp_math.a(arm_common_tables.o)
                0x08015648                twiddleCoef_256
 .rodata.twiddleCoef_16
                0x08015e48       0x80 Drivers/CMSIS/Lib/GCC\libarm_cortexM7lfdp_math.a(arm_common_tables.o)
                0x08015e48                twiddleCoef_16
 .rodata.twiddleCoef_1024
                0x08015ec8     0x2000 Drivers/CMSIS/Lib/GCC\libarm_cortexM7lfdp_math.a(arm_common_tables.o)
                0x08015ec8                twiddleCoef_1024
 .rodata.twiddleCoef_32
                0x08017ec8      0x100 Drivers/CMSIS/Lib/GCC\libarm_cortexM7lfdp_math.a(arm_common_tables.o)
                0x08017ec8                twiddleCoef_32
 .rodata.armBitRevIndexTable1024
                0x08017fc8      0xe10 Drivers/CMSIS/Lib/GCC\libarm_cortexM7lfdp_math.a(arm_common_tables.o)
                0x08017fc8                armBitRevIndexTable1024
 .rodata.armBitRevIndexTable16
                0x08018dd8       0x28 Drivers/CMSIS/Lib/GCC\libarm_cortexM7lfdp_math.a(arm_common_tables.o)
                0x08018dd8                armBitRevIndexTable16
 .rodata.twiddleCoef_rfft_32
                0x08018e00       0x80 Drivers/CMSIS/Lib/GCC\libarm_cortexM7lfdp_math.a(arm_common_tables.o)
                0x08018e00                twiddleCoef_rfft_32
 .rodata.armBitRevIndexTable32
                0x08018e80       0x60 Drivers/CMSIS/Lib/GCC\libarm_cortexM7lfdp_math.a(arm_common_tables.o)
                0x08018e80                armBitRevIndexTable32
 .rodata.twiddleCoef_128
                0x08018ee0      0x400 Drivers/CMSIS/Lib/GCC\libarm_cortexM7lfdp_math.a(arm_common_tables.o)
                0x08018ee0                twiddleCoef_128
 .rodata.twiddleCoef_512
                0x080192e0     0x1000 Drivers/CMSIS/Lib/GCC\libarm_cortexM7lfdp_math.a(arm_common_tables.o)
                0x080192e0                twiddleCoef_512
 .rodata.armBitRevIndexTable2048
                0x0801a2e0     0x1dc0 Drivers/CMSIS/Lib/GCC\libarm_cortexM7lfdp_math.a(arm_common_tables.o)
                0x0801a2e0                armBitRevIndexTable2048
 .rodata.twiddleCoef_64
                0x0801c0a0      0x200 Drivers/CMSIS/Lib/GCC\libarm_cortexM7lfdp_math.a(arm_common_tables.o)
                0x0801c0a0                twiddleCoef_64
 .rodata.twiddleCoef_rfft_512
                0x0801c2a0      0x800 Drivers/CMSIS/Lib/GCC\libarm_cortexM7lfdp_math.a(arm_common_tables.o)
                0x0801c2a0                twiddleCoef_rfft_512
 .rodata.armBitRevIndexTable512
                0x0801caa0      0x380 Drivers/CMSIS/Lib/GCC\libarm_cortexM7lfdp_math.a(arm_common_tables.o)
                0x0801caa0                armBitRevIndexTable512
 .rodata.twiddleCoef_rfft_1024
                0x0801ce20     0x1000 Drivers/CMSIS/Lib/GCC\libarm_cortexM7lfdp_math.a(arm_common_tables.o)
                0x0801ce20                twiddleCoef_rfft_1024
 .rodata.twiddleCoef_rfft_256
                0x0801de20      0x400 Drivers/CMSIS/Lib/GCC\libarm_cortexM7lfdp_math.a(arm_common_tables.o)
                0x0801de20                twiddleCoef_rfft_256
 .rodata.armBitRevIndexTable256
                0x0801e220      0x370 Drivers/CMSIS/Lib/GCC\libarm_cortexM7lfdp_math.a(arm_common_tables.o)
                0x0801e220                armBitRevIndexTable256
 .rodata.twiddleCoef_rfft_128
                0x0801e590      0x200 Drivers/CMSIS/Lib/GCC\libarm_cortexM7lfdp_math.a(arm_common_tables.o)
                0x0801e590                twiddleCoef_rfft_128
 .rodata.armBitRevIndexTable128
                0x0801e790      0x1a0 Drivers/CMSIS/Lib/GCC\libarm_cortexM7lfdp_math.a(arm_common_tables.o)
                0x0801e790                armBitRevIndexTable128
                0x0801e930                . = ALIGN (0x4)

.ARM.extab
 *(.ARM.extab* .gnu.linkonce.armextab.*)

.ARM            0x0801e930        0x8
                0x0801e930                __exidx_start = .
 *(.ARM.exidx*)
 .ARM.exidx     0x0801e930        0x8 c:/program files (x86)/gnu arm embedded toolchain/10 2020-q4-major/bin/../lib/gcc/arm-none-eabi/10.2.1/thumb/v7e-m+fp/hard\libgcc.a(_udivmoddi4.o)
                0x0801e938                __exidx_end = .

.rel.dyn        0x0801e938        0x0
 .rel.iplt      0x0801e938        0x0 c:/program files (x86)/gnu arm embedded toolchain/10 2020-q4-major/bin/../lib/gcc/arm-none-eabi/10.2.1/thumb/v7e-m+fp/hard/crtbegin.o

.preinit_array  0x0801e938        0x0
                0x0801e938                PROVIDE (__preinit_array_start = .)
 *(.preinit_array*)
                0x0801e938                PROVIDE (__preinit_array_end = .)

.init_array     0x0801e938        0x4
                0x0801e938                PROVIDE (__init_array_start = .)
 *(SORT_BY_NAME(.init_array.*))
 *(.init_array*)
 .init_array    0x0801e938        0x4 c:/program files (x86)/gnu arm embedded toolchain/10 2020-q4-major/bin/../lib/gcc/arm-none-eabi/10.2.1/thumb/v7e-m+fp/hard/crtbegin.o
                0x0801e93c                PROVIDE (__init_array_end = .)

.fini_array     0x0801e93c        0x4
                [!provide]                PROVIDE (__fini_array_start = .)
 *(SORT_BY_NAME(.fini_array.*))
 *(.fini_array*)
 .fini_array    0x0801e93c        0x4 c:/program files (x86)/gnu arm embedded toolchain/10 2020-q4-major/bin/../lib/gcc/arm-none-eabi/10.2.1/thumb/v7e-m+fp/hard/crtbegin.o
                [!provide]                PROVIDE (__fini_array_end = .)
                0x0801e940                _sidata = LOADADDR (.data)

.data           0x20000000      0x300 load address 0x0801e940
                0x20000000                . = ALIGN (0x4)
                0x20000000                _sdata = .
 *(.data)
 *(.data*)
 .data.buff     0x20000000       0x32 build/debugTasks.o
                0x20000000                buff
 *fill*         0x20000032        0x2 
 .data.bufft    0x20000034       0x64 build/filter.o
                0x20000034                bufft
 .data.q0       0x20000098        0x4 build/mahony.o
                0x20000098                q0
 .data.twoKp    0x2000009c        0x4 build/mahony.o
                0x2000009c                twoKp
 .data.k_1_10   0x200000a0       0x10 build/utils.o
                0x200000a0                k_1_10
 .data.k_3_10   0x200000b0       0x14 build/utils.o
                0x200000b0                k_3_10
 .data.k_5_100  0x200000c4       0x10 build/utils.o
                0x200000c4                k_5_100
 .data.v_1_10   0x200000d4       0x14 build/utils.o
                0x200000d4                v_1_10
 .data.v_3_10   0x200000e8       0x18 build/utils.o
                0x200000e8                v_3_10
 .data.v_5_100  0x20000100       0x14 build/utils.o
                0x20000100                v_5_100
 .data.Kdfilt   0x20000114        0x4 build/sensorsTasks.o
                0x20000114                Kdfilt
 .data.index1   0x20000118        0x4 build/stm32f7xx_it.o
                0x20000118                index1
 .data.index2   0x2000011c        0x4 build/stm32f7xx_it.o
                0x2000011c                index2
 .data.uwTickFreq
                0x20000120        0x1 build/stm32f7xx_hal.o
                0x20000120                uwTickFreq
 *fill*         0x20000121        0x3 
 .data.uwTickPrio
                0x20000124        0x4 build/stm32f7xx_hal.o
                0x20000124                uwTickPrio
 .data.SystemCoreClock
                0x20000128        0x4 build/system_stm32f7xx.o
                0x20000128                SystemCoreClock
 .data._impure_ptr
                0x2000012c        0x4 c:/program files (x86)/gnu arm embedded toolchain/10 2020-q4-major/bin/../lib/gcc/arm-none-eabi/10.2.1/../../../../arm-none-eabi/lib/thumb/v7e-m+fp/hard\libc_nano.a(lib_a-impure.o)
                0x2000012c                _impure_ptr
 .data.impure_data
                0x20000130       0x60 c:/program files (x86)/gnu arm embedded toolchain/10 2020-q4-major/bin/../lib/gcc/arm-none-eabi/10.2.1/../../../../arm-none-eabi/lib/thumb/v7e-m+fp/hard\libc_nano.a(lib_a-impure.o)
 .data.__global_locale
                0x20000190      0x16c c:/program files (x86)/gnu arm embedded toolchain/10 2020-q4-major/bin/../lib/gcc/arm-none-eabi/10.2.1/../../../../arm-none-eabi/lib/thumb/v7e-m+fp/hard\libc_nano.a(lib_a-locale.o)
                0x20000190                __global_locale
 .data.__fdlib_version
                0x200002fc        0x1 c:/program files (x86)/gnu arm embedded toolchain/10 2020-q4-major/bin/../lib/gcc/arm-none-eabi/10.2.1/../../../../arm-none-eabi/lib/thumb/v7e-m+fp/hard\libm.a(lib_a-s_lib_ver.o)
                0x200002fc                __fdlib_version
                0x20000300                . = ALIGN (0x4)
 *fill*         0x200002fd        0x3 
                0x20000300                _edata = .

.igot.plt       0x20000300        0x0 load address 0x0801ec40
 .igot.plt      0x20000300        0x0 c:/program files (x86)/gnu arm embedded toolchain/10 2020-q4-major/bin/../lib/gcc/arm-none-eabi/10.2.1/thumb/v7e-m+fp/hard/crtbegin.o
                0x20000300                . = ALIGN (0x4)

.bss            0x20000300     0x1470 load address 0x0801ec40
                0x20000300                _sbss = .
                0x20000300                __bss_start__ = _sbss
 *(.bss)
 .bss           0x20000300       0x1c c:/program files (x86)/gnu arm embedded toolchain/10 2020-q4-major/bin/../lib/gcc/arm-none-eabi/10.2.1/thumb/v7e-m+fp/hard/crtbegin.o
 *(.bss*)
 .bss.integralFBx
                0x2000031c        0x4 build/mahony.o
                0x2000031c                integralFBx
 .bss.integralFBy
                0x20000320        0x4 build/mahony.o
                0x20000320                integralFBy
 .bss.integralFBz
                0x20000324        0x4 build/mahony.o
                0x20000324                integralFBz
 .bss.q1        0x20000328        0x4 build/mahony.o
                0x20000328                q1
 .bss.q2        0x2000032c        0x4 build/mahony.o
                0x2000032c                q2
 .bss.q3        0x20000330        0x4 build/mahony.o
                0x20000330                q3
 .bss.twoKi     0x20000334        0x4 build/mahony.o
                0x20000334                twoKi
 .bss.i2cReg    0x20000338      0x4b0 build/utils.o
                0x20000338                i2cReg
 .bss.Tasks     0x200007e8      0x7d0 build/task.o
                0x200007e8                Tasks
 .bss.tasks_count
                0x20000fb8        0x4 build/task.o
                0x20000fb8                tasks_count
 .bss.ax        0x20000fbc        0x4 build/sensorsTasks.o
                0x20000fbc                ax
 .bss.ay        0x20000fc0        0x4 build/sensorsTasks.o
                0x20000fc0                ay
 .bss.az        0x20000fc4        0x4 build/sensorsTasks.o
                0x20000fc4                az
 .bss.dnotch_ax
                0x20000fc8       0x68 build/sensorsTasks.o
                0x20000fc8                dnotch_ax
 .bss.dnotch_ay
                0x20001030       0x68 build/sensorsTasks.o
                0x20001030                dnotch_ay
 .bss.dnotch_az
                0x20001098       0x68 build/sensorsTasks.o
                0x20001098                dnotch_az
 .bss.dnotch_gx
                0x20001100       0x68 build/sensorsTasks.o
                0x20001100                dnotch_gx
 .bss.dnotch_gx2
                0x20001168       0x68 build/sensorsTasks.o
                0x20001168                dnotch_gx2
 .bss.dnotch_gy
                0x200011d0       0x68 build/sensorsTasks.o
                0x200011d0                dnotch_gy
 .bss.dnotch_gy2
                0x20001238       0x68 build/sensorsTasks.o
                0x20001238                dnotch_gy2
 .bss.dnotch_gz
                0x200012a0       0x68 build/sensorsTasks.o
                0x200012a0                dnotch_gz
 .bss.dnotch_gz2
                0x20001308       0x68 build/sensorsTasks.o
                0x20001308                dnotch_gz2
 .bss.filter_ax
                0x20001370       0x14 build/sensorsTasks.o
                0x20001370                filter_ax
 .bss.filter_ay
                0x20001384       0x14 build/sensorsTasks.o
                0x20001384                filter_ay
 .bss.filter_az
                0x20001398       0x14 build/sensorsTasks.o
                0x20001398                filter_az
 .bss.filter_gx
                0x200013ac       0x14 build/sensorsTasks.o
                0x200013ac                filter_gx
 .bss.filter_gx2
                0x200013c0       0x14 build/sensorsTasks.o
                0x200013c0                filter_gx2
 .bss.filter_gy
                0x200013d4       0x14 build/sensorsTasks.o
                0x200013d4                filter_gy
 .bss.filter_gy2
                0x200013e8       0x14 build/sensorsTasks.o
                0x200013e8                filter_gy2
 .bss.filter_gz
                0x200013fc       0x14 build/sensorsTasks.o
                0x200013fc                filter_gz
 .bss.filter_gz2
                0x20001410       0x14 build/sensorsTasks.o
                0x20001410                filter_gz2
 .bss.filter_pitch
                0x20001424       0x14 build/sensorsTasks.o
                0x20001424                filter_pitch
 .bss.filter_roll
                0x20001438       0x14 build/sensorsTasks.o
                0x20001438                filter_roll
 .bss.filter_yaw
                0x2000144c       0x14 build/sensorsTasks.o
                0x2000144c                filter_yaw
 .bss.gx        0x20001460        0x4 build/sensorsTasks.o
                0x20001460                gx
 .bss.gy        0x20001464        0x4 build/sensorsTasks.o
                0x20001464                gy
 .bss.gz        0x20001468        0x4 build/sensorsTasks.o
                0x20001468                gz
 .bss.mx        0x2000146c        0x4 build/sensorsTasks.o
                0x2000146c                mx
 .bss.my        0x20001470        0x4 build/sensorsTasks.o
                0x20001470                my
 .bss.myIMU     0x20001474       0x8c build/sensorsTasks.o
                0x20001474                myIMU
 .bss.mz        0x20001500        0x4 build/sensorsTasks.o
                0x20001500                mz
 .bss.pitch     0x20001504        0x4 build/sensorsTasks.o
                0x20001504                pitch
 .bss.roll      0x20001508        0x4 build/sensorsTasks.o
                0x20001508                roll
 .bss.yaw       0x2000150c        0x4 build/sensorsTasks.o
                0x2000150c                yaw
 .bss._ax       0x20001510        0x2 build/MPU9250.o
                0x20001510                _ax
 .bss._ay       0x20001512        0x2 build/MPU9250.o
                0x20001512                _ay
 .bss._az       0x20001514        0x2 build/MPU9250.o
                0x20001514                _az
 .bss._gx       0x20001516        0x2 build/MPU9250.o
                0x20001516                _gx
 .bss._gy       0x20001518        0x2 build/MPU9250.o
                0x20001518                _gy
 .bss._gz       0x2000151a        0x2 build/MPU9250.o
                0x2000151a                _gz
 .bss._mx       0x2000151c        0x2 build/MPU9250.o
                0x2000151c                _mx
 .bss._my       0x2000151e        0x2 build/MPU9250.o
                0x2000151e                _my
 .bss._mz       0x20001520        0x2 build/MPU9250.o
                0x20001520                _mz
 *fill*         0x20001522        0x2 
 .bss.auxbuff   0x20001524       0x32 build/drogui.o
                0x20001524                auxbuff
 *fill*         0x20001556        0x2 
 .bss.uwTick    0x20001558        0x4 build/stm32f7xx_hal.o
                0x20001558                uwTick
 .bss.hi2c1     0x2000155c       0x4c build/i2c.o
                0x2000155c                hi2c1
 .bss.hi2c4     0x200015a8       0x4c build/i2c.o
                0x200015a8                hi2c4
 .bss.huart2    0x200015f4       0x84 build/usart.o
                0x200015f4                huart2
 .bss.htim3     0x20001678       0x4c build/tim.o
                0x20001678                htim3
 .bss.htim4     0x200016c4       0x4c build/tim.o
                0x200016c4                htim4
 .bss.htim5     0x20001710       0x4c build/tim.o
                0x20001710                htim5
 .bss.__malloc_free_list
                0x2000175c        0x4 c:/program files (x86)/gnu arm embedded toolchain/10 2020-q4-major/bin/../lib/gcc/arm-none-eabi/10.2.1/../../../../arm-none-eabi/lib/thumb/v7e-m+fp/hard\libc_nano.a(lib_a-nano-mallocr.o)
                0x2000175c                __malloc_free_list
 .bss.__malloc_sbrk_start
                0x20001760        0x4 c:/program files (x86)/gnu arm embedded toolchain/10 2020-q4-major/bin/../lib/gcc/arm-none-eabi/10.2.1/../../../../arm-none-eabi/lib/thumb/v7e-m+fp/hard\libc_nano.a(lib_a-nano-mallocr.o)
                0x20001760                __malloc_sbrk_start
 .bss.errno     0x20001764        0x4 c:/program files (x86)/gnu arm embedded toolchain/10 2020-q4-major/bin/../lib/gcc/arm-none-eabi/10.2.1/../../../../arm-none-eabi/lib/thumb/v7e-m+fp/hard\libc_nano.a(lib_a-reent.o)
                0x20001764                errno
 .bss.__lock___malloc_recursive_mutex
                0x20001768        0x1 c:/program files (x86)/gnu arm embedded toolchain/10 2020-q4-major/bin/../lib/gcc/arm-none-eabi/10.2.1/../../../../arm-none-eabi/lib/thumb/v7e-m+fp/hard\libc_nano.a(lib_a-lock.o)
                0x20001768                __lock___malloc_recursive_mutex
 .bss.__lock___sfp_recursive_mutex
                0x20001769        0x1 c:/program files (x86)/gnu arm embedded toolchain/10 2020-q4-major/bin/../lib/gcc/arm-none-eabi/10.2.1/../../../../arm-none-eabi/lib/thumb/v7e-m+fp/hard\libc_nano.a(lib_a-lock.o)
                0x20001769                __lock___sfp_recursive_mutex
 .bss.__lock___sinit_recursive_mutex
                0x2000176a        0x1 c:/program files (x86)/gnu arm embedded toolchain/10 2020-q4-major/bin/../lib/gcc/arm-none-eabi/10.2.1/../../../../arm-none-eabi/lib/thumb/v7e-m+fp/hard\libc_nano.a(lib_a-lock.o)
                0x2000176a                __lock___sinit_recursive_mutex
 *fill*         0x2000176b        0x1 
 .bss.heap_end.0
                0x2000176c        0x4 c:/program files (x86)/gnu arm embedded toolchain/10 2020-q4-major/bin/../lib/gcc/arm-none-eabi/10.2.1/../../../../arm-none-eabi/lib/thumb/v7e-m+fp/hard\libnosys.a(sbrk.o)
 *(COMMON)
                0x20001770                . = ALIGN (0x4)
                0x20001770                _ebss = .
                0x20001770                __bss_end__ = _ebss

._user_heap_stack
                0x20001770      0x600 load address 0x0801ec40
                0x20001770                . = ALIGN (0x8)
                0x20001770                PROVIDE (end = .)
                [!provide]                PROVIDE (_end = .)
                0x20001970                . = (. + _Min_Heap_Size)
 *fill*         0x20001770      0x200 
                0x20001d70                . = (. + _Min_Stack_Size)
 *fill*         0x20001970      0x400 
                0x20001d70                . = ALIGN (0x8)

/DISCARD/
 libc.a(*)
 libm.a(*)
 libgcc.a(*)

.ARM.attributes
                0x00000000       0x2e
 *(.ARM.attributes)
 .ARM.attributes
                0x00000000       0x1e c:/program files (x86)/gnu arm embedded toolchain/10 2020-q4-major/bin/../lib/gcc/arm-none-eabi/10.2.1/thumb/v7e-m+fp/hard/crti.o
 .ARM.attributes
                0x0000001e       0x34 c:/program files (x86)/gnu arm embedded toolchain/10 2020-q4-major/bin/../lib/gcc/arm-none-eabi/10.2.1/thumb/v7e-m+fp/hard/crtbegin.o
 .ARM.attributes
                0x00000052       0x34 build/debugTasks.o
 .ARM.attributes
                0x00000086       0x34 build/filter.o
 .ARM.attributes
                0x000000ba       0x34 build/mahony.o
 .ARM.attributes
                0x000000ee       0x34 build/utils.o
 .ARM.attributes
                0x00000122       0x34 build/task.o
 .ARM.attributes
                0x00000156       0x34 build/matlib.o
 .ARM.attributes
                0x0000018a       0x34 build/sensorsTasks.o
 .ARM.attributes
                0x000001be       0x34 build/MPU9250.o
 .ARM.attributes
                0x000001f2       0x34 build/drogui.o
 .ARM.attributes
                0x00000226       0x34 build/main.o
 .ARM.attributes
                0x0000025a       0x34 build/stm32f7xx_it.o
 .ARM.attributes
                0x0000028e       0x34 build/stm32f7xx_hal_msp.o
 .ARM.attributes
                0x000002c2       0x34 build/stm32f7xx_hal_cortex.o
 .ARM.attributes
                0x000002f6       0x34 build/stm32f7xx_hal_tim.o
 .ARM.attributes
                0x0000032a       0x34 build/stm32f7xx_hal_tim_ex.o
 .ARM.attributes
                0x0000035e       0x34 build/stm32f7xx_hal_rcc.o
 .ARM.attributes
                0x00000392       0x34 build/stm32f7xx_hal_rcc_ex.o
 .ARM.attributes
                0x000003c6       0x34 build/stm32f7xx_hal_gpio.o
 .ARM.attributes
                0x000003fa       0x34 build/stm32f7xx_hal_pwr_ex.o
 .ARM.attributes
                0x0000042e       0x34 build/stm32f7xx_hal.o
 .ARM.attributes
                0x00000462       0x34 build/stm32f7xx_hal_i2c.o
 .ARM.attributes
                0x00000496       0x34 build/stm32f7xx_hal_i2c_ex.o
 .ARM.attributes
                0x000004ca       0x34 build/system_stm32f7xx.o
 .ARM.attributes